Archive member included to satisfy reference by file (symbol)

../../libDaisy//build/libdaisy.a(daisy_seed.o)
                              build/main.o (daisy::DaisySeed::SetLed(bool))
../../libDaisy//build/libdaisy.a(codec_ak4556.o)
                              ../../libDaisy//build/libdaisy.a(daisy_seed.o) (daisy::Ak4556::Init(dsy_gpio_pin))
../../libDaisy//build/libdaisy.a(codec_wm8731.o)
                              ../../libDaisy//build/libdaisy.a(daisy_seed.o) (daisy::Wm8731::Init(daisy::Wm8731::Config const&, daisy::I2CHandle))
../../libDaisy//build/libdaisy.a(sdram.o)
                              ../../libDaisy//build/libdaisy.a(daisy_seed.o) (SdramHandle::Init())
../../libDaisy//build/libdaisy.a(audio.o)
                              ../../libDaisy//build/libdaisy.a(daisy_seed.o) (daisy::AudioHandle::Init(daisy::AudioHandle::Config const&, daisy::SaiHandle))
../../libDaisy//build/libdaisy.a(logger.o)
                              build/main.o (daisy::Logger<(daisy::LoggerDestination)1>::PrintLine(char const*, ...))
../../libDaisy//build/libdaisy.a(usb.o)
                              ../../libDaisy//build/libdaisy.a(logger.o) (daisy::UsbHandle::Init(daisy::UsbHandle::UsbPeriph))
../../libDaisy//build/libdaisy.a(adc.o)
                              build/main.o (daisy::AdcChannelConfig::InitSingle(dsy_gpio_pin, daisy::AdcChannelConfig::ConversionSpeed))
../../libDaisy//build/libdaisy.a(gpio.o)
                              ../../libDaisy//build/libdaisy.a(daisy_seed.o) (daisy::GPIO::Init(daisy::Pin, daisy::GPIO::Mode, daisy::GPIO::Pull, daisy::GPIO::Speed))
../../libDaisy//build/libdaisy.a(i2c.o)
                              ../../libDaisy//build/libdaisy.a(daisy_seed.o) (daisy::I2CHandle::Init(daisy::I2CHandle::Config const&))
../../libDaisy//build/libdaisy.a(qspi.o)
                              ../../libDaisy//build/libdaisy.a(daisy_seed.o) (daisy::QSPIHandle::Init(daisy::QSPIHandle::Config const&))
../../libDaisy//build/libdaisy.a(sai.o)
                              ../../libDaisy//build/libdaisy.a(daisy_seed.o) (daisy::SaiHandle::Init(daisy::SaiHandle::Config const&))
../../libDaisy//build/libdaisy.a(system.o)
                              ../../libDaisy//build/libdaisy.a(daisy_seed.o) (daisy::System::DeInit())
../../libDaisy//build/libdaisy.a(system_stm32h7xx.o)
                              build/startup_stm32h750xx.o (SystemInit)
../../libDaisy//build/libdaisy.a(usbd_cdc_if.o)
                              ../../libDaisy//build/libdaisy.a(usb.o) (CDC_Transmit_FS)
../../libDaisy//build/libdaisy.a(usbd_conf.o)
                              ../../libDaisy//build/libdaisy.a(system.o) (hpcd_USB_OTG_HS)
../../libDaisy//build/libdaisy.a(usbd_desc.o)
                              ../../libDaisy//build/libdaisy.a(usb.o) (HS_Desc)
../../libDaisy//build/libdaisy.a(usbh_conf.o)
                              ../../libDaisy//build/libdaisy.a(system.o) (hhcd_USB_OTG_HS)
../../libDaisy//build/libdaisy.a(hal_map.o)
                              ../../libDaisy//build/libdaisy.a(gpio.o) (dsy_hal_map_get_port)
../../libDaisy//build/libdaisy.a(stm32h7xx_hal.o)
                              ../../libDaisy//build/libdaisy.a(system.o) (HAL_Init)
../../libDaisy//build/libdaisy.a(stm32h7xx_hal_adc.o)
                              ../../libDaisy//build/libdaisy.a(adc.o) (HAL_ADC_ConfigChannel)
../../libDaisy//build/libdaisy.a(stm32h7xx_hal_adc_ex.o)
                              ../../libDaisy//build/libdaisy.a(adc.o) (HAL_ADCEx_Calibration_Start)
../../libDaisy//build/libdaisy.a(stm32h7xx_hal_cortex.o)
                              ../../libDaisy//build/libdaisy.a(stm32h7xx_hal.o) (HAL_NVIC_SetPriorityGrouping)
../../libDaisy//build/libdaisy.a(stm32h7xx_hal_dma.o)
                              ../../libDaisy//build/libdaisy.a(adc.o) (HAL_DMA_Init)
../../libDaisy//build/libdaisy.a(stm32h7xx_hal_gpio.o)
                              ../../libDaisy//build/libdaisy.a(sdram.o) (HAL_GPIO_Init)
../../libDaisy//build/libdaisy.a(stm32h7xx_hal_hcd.o)
                              ../../libDaisy//build/libdaisy.a(usbh_conf.o) (HAL_HCD_HC_Init)
../../libDaisy//build/libdaisy.a(stm32h7xx_hal_i2c.o)
                              ../../libDaisy//build/libdaisy.a(i2c.o) (HAL_I2C_Init)
../../libDaisy//build/libdaisy.a(stm32h7xx_hal_i2c_ex.o)
                              ../../libDaisy//build/libdaisy.a(i2c.o) (HAL_I2CEx_ConfigAnalogFilter)
../../libDaisy//build/libdaisy.a(stm32h7xx_hal_pcd.o)
                              ../../libDaisy//build/libdaisy.a(usbd_conf.o) (HAL_PCD_Init)
../../libDaisy//build/libdaisy.a(stm32h7xx_hal_pcd_ex.o)
                              ../../libDaisy//build/libdaisy.a(usbd_conf.o) (HAL_PCDEx_SetTxFiFo)
../../libDaisy//build/libdaisy.a(stm32h7xx_hal_pwr_ex.o)
                              ../../libDaisy//build/libdaisy.a(system.o) (HAL_PWREx_ConfigSupply)
../../libDaisy//build/libdaisy.a(stm32h7xx_hal_qspi.o)
                              ../../libDaisy//build/libdaisy.a(qspi.o) (HAL_QSPI_Init)
[...]
Memory Configuration

Name             Origin             Length             Attributes
FLASH            0x0000000008000000 0x0000000000020000 xr
DTCMRAM          0x0000000020000000 0x0000000000020000 xrw
SRAM             0x0000000024000000 0x0000000000080000 xrw
RAM_D2           0x0000000030000000 0x0000000000048000 xrw
RAM_D3           0x0000000038000000 0x0000000000010000 xrw
BACKUP_SRAM      0x0000000038800000 0x0000000000001000 xrw
ITCMRAM          0x0000000000000000 0x0000000000010000 xrw
SDRAM            0x00000000c0000000 0x0000000004000000 xrw
QSPIFLASH        0x0000000090000000 0x0000000000800000 xr
*default*        0x0000000000000000 0xffffffffffffffff

Linker script and memory map

LOAD /Library/DaisyToolchain/0.2.0/arm/bin/../lib/gcc/arm-none-eabi/10.3.1/thumb/v7e-m+dp/hard/crti.o
LOAD /Library/DaisyToolchain/0.2.0/arm/bin/../lib/gcc/arm-none-eabi/10.3.1/thumb/v7e-m+dp/hard/crtbegin.o
LOAD /Library/DaisyToolchain/0.2.0/arm/bin/../lib/gcc/arm-none-eabi/10.3.1/../../../../arm-none-eabi/lib/thumb/v7e-m+dp/hard/crt0.o
LOAD build/startup_stm32h750xx.o
LOAD build/main.o
LOAD ../../libDaisy//build/libdaisy.a
LOAD /Library/DaisyToolchain/0.2.0/arm/bin/../lib/gcc/arm-none-eabi/10.3.1/../../../../arm-none-eabi/lib/thumb/v7e-m+dp/hard/libnosys.a
LOAD ../../DaisySP//build/libdaisysp.a
LOAD /Library/DaisyToolchain/0.2.0/arm/bin/../lib/gcc/arm-none-eabi/10.3.1/../../../../arm-none-eabi/lib/thumb/v7e-m+dp/hard/libstdc++_nano.a
LOAD /Library/DaisyToolchain/0.2.0/arm/bin/../lib/gcc/arm-none-eabi/10.3.1/../../../../arm-none-eabi/lib/thumb/v7e-m+dp/hard/libm.a
LOAD /Library/DaisyToolchain/0.2.0/arm/bin/../lib/gcc/arm-none-eabi/10.3.1/../../../../arm-none-eabi/lib/thumb/v7e-m+dp/hard/libc_nano.a
START GROUP
LOAD /Library/DaisyToolchain/0.2.0/arm/bin/../lib/gcc/arm-none-eabi/10.3.1/thumb/v7e-m+dp/hard/libgcc.a
LOAD /Library/DaisyToolchain/0.2.0/arm/bin/../lib/gcc/arm-none-eabi/10.3.1/../../../../arm-none-eabi/lib/thumb/v7e-m+dp/hard/libc_nano.a
END GROUP
START GROUP
LOAD /Library/DaisyToolchain/0.2.0/arm/bin/../lib/gcc/arm-none-eabi/10.3.1/thumb/v7e-m+dp/hard/libgcc.a
LOAD /Library/DaisyToolchain/0.2.0/arm/bin/../lib/gcc/arm-none-eabi/10.3.1/../../../../arm-none-eabi/lib/thumb/v7e-m+dp/hard/libc_nano.a
LOAD /Library/DaisyToolchain/0.2.0/arm/bin/../lib/gcc/arm-none-eabi/10.3.1/../../../../arm-none-eabi/lib/thumb/v7e-m+dp/hard/libnosys.a
END GROUP
START GROUP
LOAD /Library/DaisyToolchain/0.2.0/arm/bin/../lib/gcc/arm-none-eabi/10.3.1/thumb/v7e-m+dp/hard/libgcc.a
LOAD /Library/DaisyToolchain/0.2.0/arm/bin/../lib/gcc/arm-none-eabi/10.3.1/../../../../arm-none-eabi/lib/thumb/v7e-m+dp/hard/libc_nano.a
LOAD /Library/DaisyToolchain/0.2.0/arm/bin/../lib/gcc/arm-none-eabi/10.3.1/../../../../arm-none-eabi/lib/thumb/v7e-m+dp/hard/libnosys.a
END GROUP
LOAD /Library/DaisyToolchain/0.2.0/arm/bin/../lib/gcc/arm-none-eabi/10.3.1/thumb/v7e-m+dp/hard/crtend.o
LOAD /Library/DaisyToolchain/0.2.0/arm/bin/../lib/gcc/arm-none-eabi/10.3.1/thumb/v7e-m+dp/hard/crtn.o
                0x0000000020020000                _estack = 0x20020000

.isr_vector     0x0000000008000000      0x298
                0x0000000008000000                . = ALIGN (0x4)
 *(.isr_vector)
 .isr_vector    0x0000000008000000      0x298 build/startup_stm32h750xx.o
                0x0000000008000000                g_pfnVectors
                0x0000000008000298                . = ALIGN (0x4)

.text           0x00000000080002a0    0x12298
                0x00000000080002a0                . = ALIGN (0x4)
                0x00000000080002a0                _stext = .
 *(.text)
 .text          0x00000000080002a0       0x40 /Library/DaisyToolchain/0.2.0/arm/bin/../lib/gcc/arm-none-eabi/10.3.1/thumb/v7e-m+dp/hard/crtbegin.o
 .text          0x00000000080002e0       0xa0 /Library/DaisyToolchain/0.2.0/arm/bin/../lib/gcc/arm-none-eabi/10.3.1/../../../../arm-none-eabi/lib/thumb/v7e-m+dp/hard/libc_nano.a(lib_a-memchr.o)
                0x00000000080002e0                memchr
 .text          0x0000000008000380       0x30 /Library/DaisyToolchain/0.2.0/arm/bin/../lib/gcc/arm-none-eabi/10.3.1/thumb/v7e-m+dp/hard/libgcc.a(_aeabi_uldivmod.o)
                0x0000000008000380                __aeabi_uldivmod
 .text          0x00000000080003b0      0x2d0 /Library/DaisyToolchain/0.2.0/arm/bin/../lib/gcc/arm-none-eabi/10.3.1/thumb/v7e-m+dp/hard/libgcc.a(_udivmoddi4.o)
                0x00000000080003b0                __udivmoddi4
 .text          0x0000000008000680        0x4 /Library/DaisyToolchain/0.2.0/arm/bin/../lib/gcc/arm-none-eabi/10.3.1/thumb/v7e-m+dp/hard/libgcc.a(_dvmd_tls.o)
                0x0000000008000680                __aeabi_ldiv0
                0x0000000008000680                __aeabi_idiv0
 *(.text*)
 .text.Default_Handler
                0x0000000008000684        0x4 build/startup_stm32h750xx.o
                0x0000000008000684                SAI1_IRQHandler
                0x0000000008000684                HASH_RNG_IRQHandler
                0x0000000008000684                EXTI2_IRQHandler
                0x0000000008000684                TIM8_CC_IRQHandler
                0x0000000008000684                HRTIM1_Master_IRQHandler
                0x0000000008000684                DebugMon_Handler
                0x0000000008000684                TIM1_CC_IRQHandler
                0x0000000008000684                BDMA_Channel6_IRQHandler
                0x0000000008000684                DMA2_Stream5_IRQHandler
                0x0000000008000684                HRTIM1_FLT_IRQHandler
                0x0000000008000684                JPEG_IRQHandler
                0x0000000008000684                BDMA_Channel1_IRQHandler
                0x0000000008000684                HRTIM1_TIMD_IRQHandler
                0x0000000008000684                TAMP_STAMP_IRQHandler
                0x0000000008000684                PendSV_Handler
                0x0000000008000684                NMI_Handler
                0x0000000008000684                EXTI3_IRQHandler
                0x0000000008000684                LPTIM4_IRQHandler
                0x0000000008000684                TIM8_TRG_COM_TIM14_IRQHandler
                0x0000000008000684                LPTIM2_IRQHandler
                0x0000000008000684                DFSDM1_FLT1_IRQHandler
                0x0000000008000684                DMAMUX2_OVR_IRQHandler
                0x0000000008000684                TIM8_UP_TIM13_IRQHandler
                0x0000000008000684                I2C3_ER_IRQHandler
                0x0000000008000684                DFSDM1_FLT2_IRQHandler
                0x0000000008000684                MDMA_IRQHandler
                0x0000000008000684                LPTIM3_IRQHandler
                0x0000000008000684                HSEM1_IRQHandler
                0x0000000008000684                EXTI0_IRQHandler
                0x0000000008000684                FPU_IRQHandler
                0x0000000008000684                OTG_HS_WKUP_IRQHandler
                0x0000000008000684                FDCAN1_IT1_IRQHandler
                0x0000000008000684                UsageFault_Handler
                0x0000000008000684                LTDC_ER_IRQHandler
                0x0000000008000684                HRTIM1_TIME_IRQHandler
                0x0000000008000684                TIM6_DAC_IRQHandler
                0x0000000008000684                DCMI_IRQHandler
                0x0000000008000684                HRTIM1_TIMC_IRQHandler
                0x0000000008000684                SAI2_IRQHandler
                0x0000000008000684                DFSDM1_FLT3_IRQHandler
                0x0000000008000684                TIM17_IRQHandler
                0x0000000008000684                CRYP_IRQHandler
                0x0000000008000684                BDMA_Channel7_IRQHandler
                0x0000000008000684                LPTIM5_IRQHandler
                0x0000000008000684                ADC3_IRQHandler
                0x0000000008000684                DMA2_Stream0_IRQHandler
                0x0000000008000684                BDMA_Channel2_IRQHandler
                0x0000000008000684                DMAMUX1_OVR_IRQHandler
                0x0000000008000684                TIM16_IRQHandler
                0x0000000008000684                BDMA_Channel5_IRQHandler
                0x0000000008000684                RCC_IRQHandler
                0x0000000008000684                TIM8_BRK_TIM12_IRQHandler
                0x0000000008000684                TIM1_TRG_COM_IRQHandler
                0x0000000008000684                Default_Handler
                0x0000000008000684                ECC_IRQHandler
                0x0000000008000684                CEC_IRQHandler
                0x0000000008000684                EXTI15_10_IRQHandler
                0x0000000008000684                BDMA_Channel0_IRQHandler
                0x0000000008000684                ADC_IRQHandler
                0x0000000008000684                DMA1_Stream7_IRQHandler
                0x0000000008000684                HRTIM1_TIMA_IRQHandler
                0x0000000008000684                TIM7_IRQHandler
                0x0000000008000684                SDMMC1_IRQHandler
                0x0000000008000684                DMA2_Stream7_IRQHandler
                0x0000000008000684                TIM15_IRQHandler
                0x0000000008000684                PVD_AVD_IRQHandler
                0x0000000008000684                EXTI9_5_IRQHandler
                0x0000000008000684                RTC_WKUP_IRQHandler
                0x0000000008000684                LTDC_IRQHandler
                0x0000000008000684                SAI3_IRQHandler
                0x0000000008000684                ETH_WKUP_IRQHandler
                0x0000000008000684                SPDIF_RX_IRQHandler
                0x0000000008000684                MemManage_Handler
                0x0000000008000684                SVC_Handler
                0x0000000008000684                CRS_IRQHandler
                0x0000000008000684                EXTI4_IRQHandler
                0x0000000008000684                HRTIM1_TIMB_IRQHandler
                0x0000000008000684                FDCAN2_IT1_IRQHandler
                0x0000000008000684                ETH_IRQHandler
                0x0000000008000684                TIM1_UP_IRQHandler
                0x0000000008000684                BDMA_Channel4_IRQHandler
                0x0000000008000684                WWDG_IRQHandler
                0x0000000008000684                SPI6_IRQHandler
                0x0000000008000684                I2C4_EV_IRQHandler
                0x0000000008000684                MDIOS_IRQHandler
                0x0000000008000684                FDCAN2_IT0_IRQHandler
                0x0000000008000684                FDCAN1_IT0_IRQHandler
                0x0000000008000684                OTG_FS_WKUP_IRQHandler
                0x0000000008000684                DMA2D_IRQHandler
                0x0000000008000684                TIM1_BRK_IRQHandler
                0x0000000008000684                EXTI1_IRQHandler
                0x0000000008000684                SDMMC2_IRQHandler
                0x0000000008000684                BDMA_Channel3_IRQHandler
                0x0000000008000684                MDIOS_WKUP_IRQHandler
                0x0000000008000684                DFSDM1_FLT0_IRQHandler
                0x0000000008000684                SAI4_IRQHandler
                0x0000000008000684                I2C2_ER_IRQHandler
                0x0000000008000684                DMA2_Stream1_IRQHandler
                0x0000000008000684                FLASH_IRQHandler
                0x0000000008000684                BusFault_Handler
                0x0000000008000684                WAKEUP_PIN_IRQHandler
                0x0000000008000684                I2C1_ER_IRQHandler
                0x0000000008000684                FMC_IRQHandler
                0x0000000008000684                FDCAN_CAL_IRQHandler
                0x0000000008000684                SWPMI1_IRQHandler
                0x0000000008000684                COMP1_IRQHandler
                0x0000000008000684                LPTIM1_IRQHandler
                0x0000000008000684                I2C4_ER_IRQHandler
                0x0000000008000684                DMA2_Stream6_IRQHandler
                0x0000000008000684                RTC_Alarm_IRQHandler
 .text.Reset_Handler
                0x0000000008000688       0x44 build/startup_stm32h750xx.o
                0x0000000008000688                Reset_Handler
 .text._ZN5daisy9DaisySeedD2Ev
                0x00000000080006cc        0x4 build/main.o
                0x00000000080006cc                daisy::DaisySeed::~DaisySeed()
                0x00000000080006cc                daisy::DaisySeed::~DaisySeed()
 .text.startup.main
                0x00000000080006d0       0xc8 build/main.o
                0x00000000080006d0                main
 .text.startup._GLOBAL__sub_I__Z13FloatToStringfPci
                0x0000000008000798       0x20 build/main.o
 .text._ZN5daisy9DaisySeed6SetLedEb
                0x00000000080007b8        0x8 ../../libDaisy//build/libdaisy.a(daisy_seed.o)
                0x00000000080007b8                daisy::DaisySeed::SetLed(bool)
 .text._ZN5daisy9DaisySeed17CheckBoardVersionEv
                0x00000000080007c0       0x6c ../../libDaisy//build/libdaisy.a(daisy_seed.o)
                0x00000000080007c0                daisy::DaisySeed::CheckBoardVersion()
 .text._ZN5daisy9DaisySeed14ConfigureAudioEv
                0x000000000800082c      0x10c ../../libDaisy//build/libdaisy.a(daisy_seed.o)
                0x000000000800082c                daisy::DaisySeed::ConfigureAudio()
 .text._ZN5daisy9DaisySeed4InitEb
                0x0000000008000938      0x108 ../../libDaisy//build/libdaisy.a(daisy_seed.o)
                0x0000000008000938                daisy::DaisySeed::Init(bool)
 .text._ZN5daisy6Ak45564InitE12dsy_gpio_pin
                0x0000000008000a40       0x44 ../../libDaisy//build/libdaisy.a(codec_ak4556.o)
                0x0000000008000a40                daisy::Ak4556::Init(dsy_gpio_pin)
 .text._ZN5daisy6Wm873120WriteControlRegisterEht
                0x0000000008000a84       0x3c ../../libDaisy//build/libdaisy.a(codec_wm8731.o)
                0x0000000008000a84                daisy::Wm8731::WriteControlRegister(unsigned char, unsigned short)
 .text._ZN5daisy6Wm87314InitERKNS0_6ConfigENS_9I2CHandleE
                0x0000000008000ac0      0x1bc ../../libDaisy//build/libdaisy.a(codec_wm8731.o)
                0x0000000008000ac0                daisy::Wm8731::Init(daisy::Wm8731::Config const&, daisy::I2CHandle)
 .text._ZN11SdramHandle10DeviceInitEv
                0x0000000008000c7c       0x98 ../../libDaisy//build/libdaisy.a(sdram.o)
                0x0000000008000c7c                SdramHandle::DeviceInit()
 .text._ZN11SdramHandle4InitEv
                0x0000000008000d14       0x7c ../../libDaisy//build/libdaisy.a(sdram.o)
                0x0000000008000d14                SdramHandle::Init()
 .text.HAL_SDRAM_MspInit
                0x0000000008000d90      0x1a8 ../../libDaisy//build/libdaisy.a(sdram.o)
                0x0000000008000d90                HAL_SDRAM_MspInit
 .text._ZN5daisy11AudioHandle4InitERKNS0_6ConfigENS_9SaiHandleE
                0x0000000008000f38       0x70 ../../libDaisy//build/libdaisy.a(audio.o)
                0x0000000008000f38                daisy::AudioHandle::Init(daisy::AudioHandle::Config const&, daisy::SaiHandle)
 .text._ZNK5daisy11AudioHandle9GetConfigEv
                0x0000000008000fa8        0x8 ../../libDaisy//build/libdaisy.a(audio.o)
                0x0000000008000fa8                daisy::AudioHandle::GetConfig() const
 .text._ZN5daisy11AudioHandle13GetSampleRateEv
                0x0000000008000fb0        0x8 ../../libDaisy//build/libdaisy.a(audio.o)
                0x0000000008000fb0                daisy::AudioHandle::GetSampleRate()
 .text.startup._GLOBAL__sub_I__ZN5daisy11AudioHandle4Impl4InitENS0_6ConfigENS_9SaiHandleE
                0x0000000008000fb8       0x24 ../../libDaisy//build/libdaisy.a(audio.o)
 .text._ZN5daisy9UsbHandleD2Ev
                0x0000000008000fdc        0x4 ../../libDaisy//build/libdaisy.a(logger.o)
                0x0000000008000fdc                daisy::UsbHandle::~UsbHandle()
                0x0000000008000fdc                daisy::UsbHandle::~UsbHandle()
 .text._ZN5daisy6LoggerILNS_17LoggerDestinationE1EE11TransmitBufEv
                0x0000000008000fe0       0x60 ../../libDaisy//build/libdaisy.a(logger.o)
                0x0000000008000fe0                daisy::Logger<(daisy::LoggerDestination)1>::TransmitBuf()
 .text._ZN5daisy6LoggerILNS_17LoggerDestinationE1EE13AppendNewLineEv
                0x0000000008001040       0x60 ../../libDaisy//build/libdaisy.a(logger.o)
                0x0000000008001040                daisy::Logger<(daisy::LoggerDestination)1>::AppendNewLine()
 .text._ZN5daisy6LoggerILNS_17LoggerDestinationE1EE10PrintLineVEPKcSt9__va_list
                0x00000000080010a0       0x30 ../../libDaisy//build/libdaisy.a(logger.o)
                0x00000000080010a0                daisy::Logger<(daisy::LoggerDestination)1>::PrintLineV(char const*, std::__va_list)
 .text._ZN5daisy6LoggerILNS_17LoggerDestinationE1EE9PrintLineEPKcz
                0x00000000080010d0       0x1c ../../libDaisy//build/libdaisy.a(logger.o)
                0x00000000080010d0                daisy::Logger<(daisy::LoggerDestination)1>::PrintLine(char const*, ...)
 .text._ZN5daisy6LoggerILNS_17LoggerDestinationE1EE8StartLogEb
                0x00000000080010ec       0x40 ../../libDaisy//build/libdaisy.a(logger.o)
                0x00000000080010ec                daisy::Logger<(daisy::LoggerDestination)1>::StartLog(bool)
 .text.startup._GLOBAL__sub_I__ZN5daisy10LoggerImplILNS_17LoggerDestinationE1EE11usb_handle_E
                0x000000000800112c       0x2c ../../libDaisy//build/libdaisy.a(logger.o)
 .text.DummyRxCallback
                0x0000000008001158        0x4 ../../libDaisy//build/libdaisy.a(usb.o)
                0x0000000008001158                DummyRxCallback
 .text._ZN5daisy9UsbHandle4InitENS0_9UsbPeriphE
                0x000000000800115c      0x10c ../../libDaisy//build/libdaisy.a(usb.o)
                0x000000000800115c                daisy::UsbHandle::Init(daisy::UsbHandle::UsbPeriph)
 .text._ZN5daisy9UsbHandle16TransmitInternalEPhj
                0x0000000008001268       0x14 ../../libDaisy//build/libdaisy.a(usb.o)
                0x0000000008001268                daisy::UsbHandle::TransmitInternal(unsigned char*, unsigned int)
 .text.OTG_FS_EP1_OUT_IRQHandler
                0x000000000800127c        0xc ../../libDaisy//build/libdaisy.a(usb.o)
                0x000000000800127c                OTG_FS_EP1_OUT_IRQHandler
 .text.OTG_FS_EP1_IN_IRQHandler
                0x0000000008001288        0xc ../../libDaisy//build/libdaisy.a(usb.o)
                0x0000000008001288                OTG_FS_EP1_IN_IRQHandler
 .text.OTG_FS_IRQHandler
                0x0000000008001294        0xc ../../libDaisy//build/libdaisy.a(usb.o)
                0x0000000008001294                OTG_FS_IRQHandler
 .text._ZN5daisy16AdcChannelConfig10InitSingleE12dsy_gpio_pinNS0_15ConversionSpeedE
                0x00000000080012a0       0x28 ../../libDaisy//build/libdaisy.a(adc.o)
                0x00000000080012a0                daisy::AdcChannelConfig::InitSingle(dsy_gpio_pin, daisy::AdcChannelConfig::ConversionSpeed)
 .text._ZN5daisy9AdcHandle4InitEPNS_16AdcChannelConfigEjNS0_12OverSamplingE
                0x00000000080012c8      0x41c ../../libDaisy//build/libdaisy.a(adc.o)
                0x00000000080012c8                daisy::AdcHandle::Init(daisy::AdcChannelConfig*, unsigned int, daisy::AdcHandle::OverSampling)
 .text._ZN5daisy9AdcHandle5StartEv
                0x00000000080016e4       0x2c ../../libDaisy//build/libdaisy.a(adc.o)
                0x00000000080016e4                daisy::AdcHandle::Start()
 .text._ZNK5daisy9AdcHandle3GetEh
                0x0000000008001710       0x18 ../../libDaisy//build/libdaisy.a(adc.o)
                0x0000000008001710                daisy::AdcHandle::Get(unsigned char) const
 .text.HAL_ADC_MspInit
                0x0000000008001728       0x98 ../../libDaisy//build/libdaisy.a(adc.o)
                0x0000000008001728                HAL_ADC_MspInit
 .text.DMA1_Stream2_IRQHandler
                0x00000000080017c0        0xc ../../libDaisy//build/libdaisy.a(adc.o)
                0x00000000080017c0                DMA1_Stream2_IRQHandler
 .text.HAL_ADC_ConvCpltCallback
                0x00000000080017cc      0x148 ../../libDaisy//build/libdaisy.a(adc.o)
                0x00000000080017cc                HAL_ADC_ConvCpltCallback
 .text.HAL_ADC_ErrorCallback
                0x0000000008001914        0x4 ../../libDaisy//build/libdaisy.a(adc.o)
                0x0000000008001914                HAL_ADC_ErrorCallback
 .text._ZN5daisy4GPIO4InitENS_3PinENS0_4ModeENS0_4PullENS0_5SpeedE
                0x0000000008001918      0x1cc ../../libDaisy//build/libdaisy.a(gpio.o)
                0x0000000008001918                daisy::GPIO::Init(daisy::Pin, daisy::GPIO::Mode, daisy::GPIO::Pull, daisy::GPIO::Speed)
 .text._ZN5daisy4GPIO4ReadEv
                0x0000000008001ae4       0x18 ../../libDaisy//build/libdaisy.a(gpio.o)
                0x0000000008001ae4                daisy::GPIO::Read()
 .text._ZN5daisy4GPIO5WriteEb
                0x0000000008001afc       0x14 ../../libDaisy//build/libdaisy.a(gpio.o)
                0x0000000008001afc                daisy::GPIO::Write(bool)
 .text.dsy_gpio_init
                0x0000000008001b10      0x1b8 ../../libDaisy//build/libdaisy.a(gpio.o)
                0x0000000008001b10                dsy_gpio_init
 .text.dsy_gpio_write
                0x0000000008001cc8       0x24 ../../libDaisy//build/libdaisy.a(gpio.o)
                0x0000000008001cc8                dsy_gpio_write
 .text._ZN5daisy9I2CHandle4Impl8InitPinsEv
                0x0000000008001cec       0x58 ../../libDaisy//build/libdaisy.a(i2c.o)
                0x0000000008001cec                daisy::I2CHandle::Impl::InitPins()
 .text.HAL_I2C_MspInit
                0x0000000008001d44      0x1b4 ../../libDaisy//build/libdaisy.a(i2c.o)
                0x0000000008001d44                HAL_I2C_MspInit
 .text.dsy_i2c_global_init
                0x0000000008001ef8       0x78 ../../libDaisy//build/libdaisy.a(i2c.o)
                0x0000000008001ef8                dsy_i2c_global_init
 .text.DMA1_Stream6_IRQHandler
                0x0000000008001f70       0x34 ../../libDaisy//build/libdaisy.a(i2c.o)
                0x0000000008001f70                DMA1_Stream6_IRQHandler
 .text.I2C1_EV_IRQHandler
                0x0000000008001fa4        0xc ../../libDaisy//build/libdaisy.a(i2c.o)
                0x0000000008001fa4                I2C1_EV_IRQHandler
 .text.I2C2_EV_IRQHandler
                0x0000000008001fb0        0xc ../../libDaisy//build/libdaisy.a(i2c.o)
                0x0000000008001fb0                I2C2_EV_IRQHandler
 .text.I2C3_EV_IRQHandler
                0x0000000008001fbc        0xc ../../libDaisy//build/libdaisy.a(i2c.o)
                0x0000000008001fbc                I2C3_EV_IRQHandler
 .text._ZN5daisy9I2CHandle4InitERKNS0_6ConfigE
                0x0000000008001fc8      0x12c ../../libDaisy//build/libdaisy.a(i2c.o)
                0x0000000008001fc8                daisy::I2CHandle::Init(daisy::I2CHandle::Config const&)
 .text._ZN5daisy9I2CHandle16TransmitBlockingEtPhtm
                0x00000000080020f4       0x50 ../../libDaisy//build/libdaisy.a(i2c.o)
                0x00000000080020f4                daisy::I2CHandle::TransmitBlocking(unsigned short, unsigned char*, unsigned short, unsigned long)
 .text.startup._GLOBAL__sub_I__ZN5daisy9I2CHandle4Impl10GlobalInitEv
                0x0000000008002144       0x18 ../../libDaisy//build/libdaisy.a(i2c.o)
 .text._ZN5daisy10QSPIHandle4Impl11WriteEnableEv
                0x000000000800215c       0x8c ../../libDaisy//build/libdaisy.a(qspi.o)
                0x000000000800215c                daisy::QSPIHandle::Impl::WriteEnable()
 .text._ZN5daisy10QSPIHandle4Impl17DummyCyclesConfigENS0_6Config6DeviceE
                0x00000000080021e8      0x118 ../../libDaisy//build/libdaisy.a(qspi.o)
                0x00000000080021e8                daisy::QSPIHandle::Impl::DummyCyclesConfig(daisy::QSPIHandle::Config::Device)
 .text._ZN5daisy10QSPIHandle4Impl10QuadEnableEv
                0x0000000008002300      0x158 ../../libDaisy//build/libdaisy.a(qspi.o)
                0x0000000008002300                daisy::QSPIHandle::Impl::QuadEnable()
 .text._ZN5daisy10QSPIHandle4InitERKNS0_6ConfigE
                0x0000000008002458      0x198 ../../libDaisy//build/libdaisy.a(qspi.o)
                0x0000000008002458                daisy::QSPIHandle::Init(daisy::QSPIHandle::Config const&)
 .text.HAL_QSPI_MspInit
                0x00000000080025f0      0x11c ../../libDaisy//build/libdaisy.a(qspi.o)
                0x00000000080025f0                HAL_QSPI_MspInit
 .text.HAL_QSPI_MspDeInit
                0x000000000800270c       0x54 ../../libDaisy//build/libdaisy.a(qspi.o)
                0x000000000800270c                HAL_QSPI_MspDeInit
 .text.QUADSPI_IRQHandler
                0x0000000008002760        0xc ../../libDaisy//build/libdaisy.a(qspi.o)
                0x0000000008002760                QUADSPI_IRQHandler
 .text.startup._GLOBAL__sub_I__ZN5daisy10QSPIHandle4Impl4InitERKNS0_6ConfigE
                0x000000000800276c       0x28 ../../libDaisy//build/libdaisy.a(qspi.o)
 .text._ZN5daisy9SaiHandle4Impl7InitDmaENS1_15PeripheralBlockE
                0x0000000008002794       0xa0 ../../libDaisy//build/libdaisy.a(sai.o)
                0x0000000008002794                daisy::SaiHandle::Impl::InitDma(daisy::SaiHandle::Impl::PeripheralBlock)
 .text._ZN5daisy9SaiHandle4Impl8InitPinsEv
                0x0000000008002834       0xa8 ../../libDaisy//build/libdaisy.a(sai.o)
                0x0000000008002834                daisy::SaiHandle::Impl::InitPins()
 .text.HAL_SAI_MspInit
                0x00000000080028dc      0x164 ../../libDaisy//build/libdaisy.a(sai.o)
                0x00000000080028dc                HAL_SAI_MspInit
 .text.DMA1_Stream0_IRQHandler
                0x0000000008002a40        0xc ../../libDaisy//build/libdaisy.a(sai.o)
                0x0000000008002a40                DMA1_Stream0_IRQHandler
 .text.DMA1_Stream1_IRQHandler
                0x0000000008002a4c        0xc ../../libDaisy//build/libdaisy.a(sai.o)
                0x0000000008002a4c                DMA1_Stream1_IRQHandler
 .text.DMA1_Stream3_IRQHandler
                0x0000000008002a58        0xc ../../libDaisy//build/libdaisy.a(sai.o)
                0x0000000008002a58                DMA1_Stream3_IRQHandler
 .text.DMA1_Stream4_IRQHandler
                0x0000000008002a64        0xc ../../libDaisy//build/libdaisy.a(sai.o)
                0x0000000008002a64                DMA1_Stream4_IRQHandler
 .text._ZN5daisy9SaiHandle4InitERKNS0_6ConfigE
                0x0000000008002a70      0x1f0 ../../libDaisy//build/libdaisy.a(sai.o)
                0x0000000008002a70                daisy::SaiHandle::Init(daisy::SaiHandle::Config const&)
 .text._ZNK5daisy9SaiHandle9GetConfigEv
                0x0000000008002c60        0x4 ../../libDaisy//build/libdaisy.a(sai.o)
                0x0000000008002c60                daisy::SaiHandle::GetConfig() const
 .text._ZN5daisy9SaiHandle13GetSampleRateEv
                0x0000000008002c64       0x24 ../../libDaisy//build/libdaisy.a(sai.o)
                0x0000000008002c64                daisy::SaiHandle::GetSampleRate()
 .text._ZN5daisy11TimerHandleD2Ev
                0x0000000008002c88        0x4 ../../libDaisy//build/libdaisy.a(system.o)
                0x0000000008002c88                daisy::TimerHandle::~TimerHandle()
                0x0000000008002c88                daisy::TimerHandle::~TimerHandle()
 .text.SysTick_Handler
                0x0000000008002c8c       0x10 ../../libDaisy//build/libdaisy.a(system.o)
                0x0000000008002c8c                SysTick_Handler
 .text.OTG_HS_EP1_OUT_IRQHandler
                0x0000000008002c9c       0x24 ../../libDaisy//build/libdaisy.a(system.o)
                0x0000000008002c9c                OTG_HS_EP1_OUT_IRQHandler
 .text.OTG_HS_EP1_IN_IRQHandler
                0x0000000008002cc0       0x24 ../../libDaisy//build/libdaisy.a(system.o)
                0x0000000008002cc0                OTG_HS_EP1_IN_IRQHandler
 .text.OTG_HS_IRQHandler
                0x0000000008002ce4       0x24 ../../libDaisy//build/libdaisy.a(system.o)
                0x0000000008002ce4                OTG_HS_IRQHandler
 .text.HardFault_Handler
                0x0000000008002d08       0xe0 ../../libDaisy//build/libdaisy.a(system.o)
                0x0000000008002d08                HardFault_Handler
 .text._ZN5daisy6System5DelayEm
                0x0000000008002de8        0x4 ../../libDaisy//build/libdaisy.a(system.o)
                0x0000000008002de8                daisy::System::Delay(unsigned long)
 .text._ZN5daisy6System20GetBootloaderVersionEv
                0x0000000008002dec       0x34 ../../libDaisy//build/libdaisy.a(system.o)
                0x0000000008002dec                daisy::System::GetBootloaderVersion()
 .text._ZN5daisy6System15ConfigureClocksEv
                0x0000000008002e20      0x194 ../../libDaisy//build/libdaisy.a(system.o)
                0x0000000008002e20                daisy::System::ConfigureClocks()
 .text._ZN5daisy6System12ConfigureMpuEv
                0x0000000008002fb4       0x7c ../../libDaisy//build/libdaisy.a(system.o)
                0x0000000008002fb4                daisy::System::ConfigureMpu()
 .text._ZN5daisy6System4InitERKNS0_6ConfigE
                0x0000000008003030       0xec ../../libDaisy//build/libdaisy.a(system.o)
                0x0000000008003030                daisy::System::Init(daisy::System::Config const&)
 .text._ZN5daisy6System12GetPClk1FreqEv
                0x000000000800311c        0x4 ../../libDaisy//build/libdaisy.a(system.o)
                0x000000000800311c                daisy::System::GetPClk1Freq()
 .text._ZN5daisy6System22GetProgramMemoryRegionEv
                0x0000000008003120       0x78 ../../libDaisy//build/libdaisy.a(system.o)
                0x0000000008003120                daisy::System::GetProgramMemoryRegion()
 .text.startup._GLOBAL__sub_I__ZN5daisy9boot_infoE
                0x0000000008003198       0x1c ../../libDaisy//build/libdaisy.a(system.o)
 .text.SystemInit
                0x00000000080031b4       0x9c ../../libDaisy//build/libdaisy.a(system_stm32h7xx.o)
                0x00000000080031b4                SystemInit
 .text.dummy_rx_callback
                0x0000000008003250        0x4 ../../libDaisy//build/libdaisy.a(usbd_cdc_if.o)
                0x0000000008003250                dummy_rx_callback
 .text.CDC_DeInit_FS
                0x0000000008003254        0x4 ../../libDaisy//build/libdaisy.a(usbd_cdc_if.o)
 .text.CDC_Receive_FS
                0x0000000008003258       0x2c ../../libDaisy//build/libdaisy.a(usbd_cdc_if.o)
 .text.CDC_Receive_HS
                0x0000000008003284       0x2c ../../libDaisy//build/libdaisy.a(usbd_cdc_if.o)
 .text.CDC_Init_FS
                0x00000000080032b0       0x3c ../../libDaisy//build/libdaisy.a(usbd_cdc_if.o)
 .text.CDC_Init_HS
                0x00000000080032ec       0x3c ../../libDaisy//build/libdaisy.a(usbd_cdc_if.o)
 .text.CDC_Control_FS
                0x0000000008003328       0x34 ../../libDaisy//build/libdaisy.a(usbd_cdc_if.o)
 .text.CDC_Control_HS
                0x000000000800335c       0x34 ../../libDaisy//build/libdaisy.a(usbd_cdc_if.o)
 .text.CDC_DeInit_HS
                0x0000000008003390        0x4 ../../libDaisy//build/libdaisy.a(usbd_cdc_if.o)
 .text.CDC_Transmit_FS
                0x0000000008003394       0x2c ../../libDaisy//build/libdaisy.a(usbd_cdc_if.o)
                0x0000000008003394                CDC_Transmit_FS
 .text.HAL_PCD_MspInit
                0x00000000080033c0      0x144 ../../libDaisy//build/libdaisy.a(usbd_conf.o)
                0x00000000080033c0                HAL_PCD_MspInit
 .text.HAL_PCD_SetupStageCallback
                0x0000000008003504        0xc ../../libDaisy//build/libdaisy.a(usbd_conf.o)
                0x0000000008003504                HAL_PCD_SetupStageCallback
 .text.HAL_PCD_DataOutStageCallback
                0x0000000008003510       0x14 ../../libDaisy//build/libdaisy.a(usbd_conf.o)
                0x0000000008003510                HAL_PCD_DataOutStageCallback
 .text.HAL_PCD_DataInStageCallback
                0x0000000008003524       0x14 ../../libDaisy//build/libdaisy.a(usbd_conf.o)
                0x0000000008003524                HAL_PCD_DataInStageCallback
 .text.HAL_PCD_SOFCallback
                0x0000000008003538        0x8 ../../libDaisy//build/libdaisy.a(usbd_conf.o)
                0x0000000008003538                HAL_PCD_SOFCallback
 .text.HAL_PCD_ResetCallback
                0x0000000008003540       0x24 ../../libDaisy//build/libdaisy.a(usbd_conf.o)
                0x0000000008003540                HAL_PCD_ResetCallback
 .text.HAL_PCD_SuspendCallback
                0x0000000008003564       0x30 ../../libDaisy//build/libdaisy.a(usbd_conf.o)
                0x0000000008003564                HAL_PCD_SuspendCallback
 .text.HAL_PCD_ResumeCallback
                0x0000000008003594        0x8 ../../libDaisy//build/libdaisy.a(usbd_conf.o)
                0x0000000008003594                HAL_PCD_ResumeCallback
 .text.HAL_PCD_ISOOUTIncompleteCallback
                0x000000000800359c        0x8 ../../libDaisy//build/libdaisy.a(usbd_conf.o)
                0x000000000800359c                HAL_PCD_ISOOUTIncompleteCallback
 .text.HAL_PCD_ISOINIncompleteCallback
                0x00000000080035a4        0x8 ../../libDaisy//build/libdaisy.a(usbd_conf.o)
                0x00000000080035a4                HAL_PCD_ISOINIncompleteCallback
 .text.HAL_PCD_ConnectCallback
                0x00000000080035ac        0x8 ../../libDaisy//build/libdaisy.a(usbd_conf.o)
                0x00000000080035ac                HAL_PCD_ConnectCallback
 .text.HAL_PCD_DisconnectCallback
                0x00000000080035b4        0x8 ../../libDaisy//build/libdaisy.a(usbd_conf.o)
                0x00000000080035b4                HAL_PCD_DisconnectCallback
 .text.USBD_LL_Init
                0x00000000080035bc       0xe4 ../../libDaisy//build/libdaisy.a(usbd_conf.o)
                0x00000000080035bc                USBD_LL_Init
 .text.USBD_LL_Start
                0x00000000080036a0       0x1c ../../libDaisy//build/libdaisy.a(usbd_conf.o)
                0x00000000080036a0                USBD_LL_Start
 .text.USBD_LL_OpenEP
                0x00000000080036bc       0x24 ../../libDaisy//build/libdaisy.a(usbd_conf.o)
                0x00000000080036bc                USBD_LL_OpenEP
 .text.USBD_LL_CloseEP
                0x00000000080036e0       0x1c ../../libDaisy//build/libdaisy.a(usbd_conf.o)
                0x00000000080036e0                USBD_LL_CloseEP
 .text.USBD_LL_StallEP
                0x00000000080036fc       0x1c ../../libDaisy//build/libdaisy.a(usbd_conf.o)
                0x00000000080036fc                USBD_LL_StallEP
 .text.USBD_LL_ClearStallEP
                0x0000000008003718       0x1c ../../libDaisy//build/libdaisy.a(usbd_conf.o)
                0x0000000008003718                USBD_LL_ClearStallEP
 .text.USBD_LL_IsStallEP
                0x0000000008003734       0x28 ../../libDaisy//build/libdaisy.a(usbd_conf.o)
                0x0000000008003734                USBD_LL_IsStallEP
 .text.USBD_LL_SetUSBAddress
                0x000000000800375c       0x1c ../../libDaisy//build/libdaisy.a(usbd_conf.o)
                0x000000000800375c                USBD_LL_SetUSBAddress
 .text.USBD_LL_Transmit
                0x0000000008003778       0x1c ../../libDaisy//build/libdaisy.a(usbd_conf.o)
                0x0000000008003778                USBD_LL_Transmit
 .text.USBD_LL_PrepareReceive
                0x0000000008003794       0x1c ../../libDaisy//build/libdaisy.a(usbd_conf.o)
                0x0000000008003794                USBD_LL_PrepareReceive
 .text.USBD_LL_GetRxDataSize
                0x00000000080037b0        0x8 ../../libDaisy//build/libdaisy.a(usbd_conf.o)
                0x00000000080037b0                USBD_LL_GetRxDataSize
 .text.USBD_HS_DeviceDescriptor
                0x00000000080037b8        0xc ../../libDaisy//build/libdaisy.a(usbd_desc.o)
                0x00000000080037b8                USBD_HS_DeviceDescriptor
 .text.USBD_FS_DeviceDescriptor
                0x00000000080037c4        0xc ../../libDaisy//build/libdaisy.a(usbd_desc.o)
                0x00000000080037c4                USBD_FS_DeviceDescriptor
 .text.USBD_FS_LangIDStrDescriptor
                0x00000000080037d0        0xc ../../libDaisy//build/libdaisy.a(usbd_desc.o)
                0x00000000080037d0                USBD_FS_LangIDStrDescriptor
 .text.USBD_FS_ManufacturerStrDescriptor
                0x00000000080037dc       0x1c ../../libDaisy//build/libdaisy.a(usbd_desc.o)
                0x00000000080037dc                USBD_FS_ManufacturerStrDescriptor
 .text.USBD_HS_ProductStrDescriptor
                0x00000000080037f8       0x1c ../../libDaisy//build/libdaisy.a(usbd_desc.o)
                0x00000000080037f8                USBD_HS_ProductStrDescriptor
 .text.USBD_FS_ConfigStrDescriptor
                0x0000000008003814       0x1c ../../libDaisy//build/libdaisy.a(usbd_desc.o)
                0x0000000008003814                USBD_FS_ConfigStrDescriptor
 .text.USBD_FS_InterfaceStrDescriptor
                0x0000000008003830       0x1c ../../libDaisy//build/libdaisy.a(usbd_desc.o)
                0x0000000008003830                USBD_FS_InterfaceStrDescriptor
 .text.USBD_FS_ProductStrDescriptor
                0x000000000800384c       0x1c ../../libDaisy//build/libdaisy.a(usbd_desc.o)
                0x000000000800384c                USBD_FS_ProductStrDescriptor
 .text.USBD_HS_LangIDStrDescriptor
                0x0000000008003868        0xc ../../libDaisy//build/libdaisy.a(usbd_desc.o)
                0x0000000008003868                USBD_HS_LangIDStrDescriptor
 .text.USBD_HS_ManufacturerStrDescriptor
                0x0000000008003874       0x1c ../../libDaisy//build/libdaisy.a(usbd_desc.o)
                0x0000000008003874                USBD_HS_ManufacturerStrDescriptor
 .text.USBD_FS_SerialStrDescriptor
                0x0000000008003890      0x124 ../../libDaisy//build/libdaisy.a(usbd_desc.o)
                0x0000000008003890                USBD_FS_SerialStrDescriptor
 .text.USBD_HS_SerialStrDescriptor
                0x00000000080039b4      0x124 ../../libDaisy//build/libdaisy.a(usbd_desc.o)
                0x00000000080039b4                USBD_HS_SerialStrDescriptor
 .text.USBD_HS_InterfaceStrDescriptor
                0x0000000008003ad8       0x1c ../../libDaisy//build/libdaisy.a(usbd_desc.o)
                0x0000000008003ad8                USBD_HS_InterfaceStrDescriptor
 .text.USBD_HS_ConfigStrDescriptor
                0x0000000008003af4       0x1c ../../libDaisy//build/libdaisy.a(usbd_desc.o)
                0x0000000008003af4                USBD_HS_ConfigStrDescriptor
 .text.HAL_HCD_SOF_Callback
                0x0000000008003b10        0x8 ../../libDaisy//build/libdaisy.a(usbh_conf.o)
                0x0000000008003b10                HAL_HCD_SOF_Callback
 .text.HAL_HCD_Connect_Callback
                0x0000000008003b18        0x8 ../../libDaisy//build/libdaisy.a(usbh_conf.o)
                0x0000000008003b18                HAL_HCD_Connect_Callback
 .text.HAL_HCD_Disconnect_Callback
                0x0000000008003b20        0x8 ../../libDaisy//build/libdaisy.a(usbh_conf.o)
                0x0000000008003b20                HAL_HCD_Disconnect_Callback
 .text.HAL_HCD_HC_NotifyURBChange_Callback
                0x0000000008003b28        0x4 ../../libDaisy//build/libdaisy.a(usbh_conf.o)
                0x0000000008003b28                HAL_HCD_HC_NotifyURBChange_Callback
 .text.HAL_HCD_PortEnabled_Callback
                0x0000000008003b2c        0x8 ../../libDaisy//build/libdaisy.a(usbh_conf.o)
                0x0000000008003b2c                HAL_HCD_PortEnabled_Callback
 .text.HAL_HCD_PortDisabled_Callback
                0x0000000008003b34        0x8 ../../libDaisy//build/libdaisy.a(usbh_conf.o)
                0x0000000008003b34                HAL_HCD_PortDisabled_Callback
 .text.USBH_LL_Stop
                0x0000000008003b3c       0x1c ../../libDaisy//build/libdaisy.a(usbh_conf.o)
                0x0000000008003b3c                USBH_LL_Stop
 .text.dsy_hal_map_get_port
                0x0000000008003b58       0x10 ../../libDaisy//build/libdaisy.a(hal_map.o)
                0x0000000008003b58                dsy_hal_map_get_port
 .text.dsy_hal_map_get_pin
                0x0000000008003b68       0x10 ../../libDaisy//build/libdaisy.a(hal_map.o)
                0x0000000008003b68                dsy_hal_map_get_pin
 .text.dsy_hal_map_gpio_clk_enable
                0x0000000008003b78      0x150 ../../libDaisy//build/libdaisy.a(hal_map.o)
                0x0000000008003b78                dsy_hal_map_gpio_clk_enable
 .text.HAL_MspInit
                0x0000000008003cc8        0x4 ../../libDaisy//build/libdaisy.a(stm32h7xx_hal.o)
                0x0000000008003cc8                HAL_MspInit
 .text.HAL_InitTick
                0x0000000008003ccc       0x4c ../../libDaisy//build/libdaisy.a(stm32h7xx_hal.o)
                0x0000000008003ccc                HAL_InitTick
 .text.HAL_Init
                0x0000000008003d18       0x60 ../../libDaisy//build/libdaisy.a(stm32h7xx_hal.o)
                0x0000000008003d18                HAL_Init
 .text.HAL_IncTick
                0x0000000008003d78       0x18 ../../libDaisy//build/libdaisy.a(stm32h7xx_hal.o)
                0x0000000008003d78                HAL_IncTick
 .text.HAL_GetTick
                0x0000000008003d90        0xc ../../libDaisy//build/libdaisy.a(stm32h7xx_hal.o)
                0x0000000008003d90                HAL_GetTick
 .text.HAL_Delay
                0x0000000008003d9c       0x24 ../../libDaisy//build/libdaisy.a(stm32h7xx_hal.o)
                0x0000000008003d9c                HAL_Delay
 .text.HAL_GetREVID
                0x0000000008003dc0        0xc ../../libDaisy//build/libdaisy.a(stm32h7xx_hal.o)
                0x0000000008003dc0                HAL_GetREVID
 .text.HAL_ADC_ConvHalfCpltCallback
                0x0000000008003dcc        0x4 ../../libDaisy//build/libdaisy.a(stm32h7xx_hal_adc.o)
                0x0000000008003dcc                HAL_ADC_ConvHalfCpltCallback
 .text.ADC_DMAHalfConvCplt
                0x0000000008003dd0        0xc ../../libDaisy//build/libdaisy.a(stm32h7xx_hal_adc.o)
                0x0000000008003dd0                ADC_DMAHalfConvCplt
 .text.ADC_DMAConvCplt
                0x0000000008003ddc       0x6c ../../libDaisy//build/libdaisy.a(stm32h7xx_hal_adc.o)
                0x0000000008003ddc                ADC_DMAConvCplt
 .text.ADC_DMAError
                0x0000000008003e48       0x1c ../../libDaisy//build/libdaisy.a(stm32h7xx_hal_adc.o)
                0x0000000008003e48                ADC_DMAError
 .text.HAL_ADC_ConfigChannel
                0x0000000008003e64      0x3fc ../../libDaisy//build/libdaisy.a(stm32h7xx_hal_adc.o)
                0x0000000008003e64                HAL_ADC_ConfigChannel
 .text.ADC_Enable
                0x0000000008004260       0xac ../../libDaisy//build/libdaisy.a(stm32h7xx_hal_adc.o)
                0x0000000008004260                ADC_Enable
 .text.HAL_ADC_Start_DMA
                0x000000000800430c      0x114 ../../libDaisy//build/libdaisy.a(stm32h7xx_hal_adc.o)
                0x000000000800430c                HAL_ADC_Start_DMA
 .text.ADC_Disable
                0x0000000008004420       0x68 ../../libDaisy//build/libdaisy.a(stm32h7xx_hal_adc.o)
                0x0000000008004420                ADC_Disable
 .text.ADC_ConfigureBoostMode
                0x0000000008004488      0x184 ../../libDaisy//build/libdaisy.a(stm32h7xx_hal_adc.o)
                0x0000000008004488                ADC_ConfigureBoostMode
 .text.HAL_ADC_Init
                0x000000000800460c      0x218 ../../libDaisy//build/libdaisy.a(stm32h7xx_hal_adc.o)
                0x000000000800460c                HAL_ADC_Init
 .text.HAL_ADCEx_Calibration_Start
                0x0000000008004824       0xa4 ../../libDaisy//build/libdaisy.a(stm32h7xx_hal_adc_ex.o)
                0x0000000008004824                HAL_ADCEx_Calibration_Start
 .text.HAL_ADCEx_MultiModeConfigChannel
                0x00000000080048c8       0xc4 ../../libDaisy//build/libdaisy.a(stm32h7xx_hal_adc_ex.o)
                0x00000000080048c8                HAL_ADCEx_MultiModeConfigChannel
 .text.HAL_NVIC_SetPriorityGrouping
                0x000000000800498c       0x24 ../../libDaisy//build/libdaisy.a(stm32h7xx_hal_cortex.o)
                0x000000000800498c                HAL_NVIC_SetPriorityGrouping
 .text.HAL_NVIC_SetPriority
                0x00000000080049b0       0x7c ../../libDaisy//build/libdaisy.a(stm32h7xx_hal_cortex.o)
                0x00000000080049b0                HAL_NVIC_SetPriority
 .text.HAL_NVIC_EnableIRQ
                0x0000000008004a2c       0x1c ../../libDaisy//build/libdaisy.a(stm32h7xx_hal_cortex.o)
                0x0000000008004a2c                HAL_NVIC_EnableIRQ
 .text.HAL_NVIC_DisableIRQ
                0x0000000008004a48       0x28 ../../libDaisy//build/libdaisy.a(stm32h7xx_hal_cortex.o)
                0x0000000008004a48                HAL_NVIC_DisableIRQ
 .text.HAL_SYSTICK_Config
                0x0000000008004a70       0x2c ../../libDaisy//build/libdaisy.a(stm32h7xx_hal_cortex.o)
                0x0000000008004a70                HAL_SYSTICK_Config
 .text.HAL_MPU_Disable
                0x0000000008004a9c       0x1c ../../libDaisy//build/libdaisy.a(stm32h7xx_hal_cortex.o)
                0x0000000008004a9c                HAL_MPU_Disable
 .text.HAL_MPU_Enable
                0x0000000008004ab8       0x20 ../../libDaisy//build/libdaisy.a(stm32h7xx_hal_cortex.o)
                0x0000000008004ab8                HAL_MPU_Enable
 .text.HAL_MPU_ConfigRegion
                0x0000000008004ad8       0x64 ../../libDaisy//build/libdaisy.a(stm32h7xx_hal_cortex.o)
                0x0000000008004ad8                HAL_MPU_ConfigRegion
 .text.HAL_SYSTICK_Callback
                0x0000000008004b3c        0x4 ../../libDaisy//build/libdaisy.a(stm32h7xx_hal_cortex.o)
                0x0000000008004b3c                HAL_SYSTICK_Callback
 .text.HAL_SYSTICK_IRQHandler
                0x0000000008004b40        0x8 ../../libDaisy//build/libdaisy.a(stm32h7xx_hal_cortex.o)
                0x0000000008004b40                HAL_SYSTICK_IRQHandler
 .text.DMA_CalcBaseAndBitshift
                0x0000000008004b48       0xf4 ../../libDaisy//build/libdaisy.a(stm32h7xx_hal_dma.o)
 .text.DMA_CalcDMAMUXChannelBaseAndMask
                0x0000000008004c3c       0xd8 ../../libDaisy//build/libdaisy.a(stm32h7xx_hal_dma.o)
 .text.HAL_DMA_Init
                0x0000000008004d14      0x37c ../../libDaisy//build/libdaisy.a(stm32h7xx_hal_dma.o)
                0x0000000008004d14                HAL_DMA_Init
 .text.HAL_DMA_Start_IT
                0x0000000008005090      0x240 ../../libDaisy//build/libdaisy.a(stm32h7xx_hal_dma.o)
                0x0000000008005090                HAL_DMA_Start_IT
 .text.HAL_DMA_Abort_IT
                0x00000000080052d0      0x134 ../../libDaisy//build/libdaisy.a(stm32h7xx_hal_dma.o)
                0x00000000080052d0                HAL_DMA_Abort_IT
 .text.HAL_DMA_IRQHandler
                0x0000000008005404      0x6a0 ../../libDaisy//build/libdaisy.a(stm32h7xx_hal_dma.o)
                0x0000000008005404                HAL_DMA_IRQHandler
 .text.HAL_DMA_GetError
                0x0000000008005aa4        0x4 ../../libDaisy//build/libdaisy.a(stm32h7xx_hal_dma.o)
                0x0000000008005aa4                HAL_DMA_GetError
 .text.HAL_GPIO_Init
                0x0000000008005aa8      0x280 ../../libDaisy//build/libdaisy.a(stm32h7xx_hal_gpio.o)
                0x0000000008005aa8                HAL_GPIO_Init
 .text.HAL_GPIO_DeInit
                0x0000000008005d28      0x190 ../../libDaisy//build/libdaisy.a(stm32h7xx_hal_gpio.o)
                0x0000000008005d28                HAL_GPIO_DeInit
 .text.HAL_GPIO_ReadPin
                0x0000000008005eb8        0xc ../../libDaisy//build/libdaisy.a(stm32h7xx_hal_gpio.o)
                0x0000000008005eb8                HAL_GPIO_ReadPin
 .text.HAL_GPIO_WritePin
                0x0000000008005ec4        0x8 ../../libDaisy//build/libdaisy.a(stm32h7xx_hal_gpio.o)
                0x0000000008005ec4                HAL_GPIO_WritePin
 .text.HAL_HCD_IRQHandler
                0x0000000008005ecc      0x780 ../../libDaisy//build/libdaisy.a(stm32h7xx_hal_hcd.o)
                0x0000000008005ecc                HAL_HCD_IRQHandler
 .text.HAL_HCD_Stop
                0x000000000800664c       0x28 ../../libDaisy//build/libdaisy.a(stm32h7xx_hal_hcd.o)
                0x000000000800664c                HAL_HCD_Stop
 .text.I2C_WaitOnTXISFlagUntilTimeout
                0x0000000008006674       0xb8 ../../libDaisy//build/libdaisy.a(stm32h7xx_hal_i2c.o)
 .text.I2C_WaitOnSTOPFlagUntilTimeout
                0x000000000800672c       0xac ../../libDaisy//build/libdaisy.a(stm32h7xx_hal_i2c.o)
 .text.HAL_I2C_Init
                0x00000000080067d8       0xac ../../libDaisy//build/libdaisy.a(stm32h7xx_hal_i2c.o)
                0x00000000080067d8                HAL_I2C_Init
 .text.HAL_I2C_Master_Transmit
                0x0000000008006884      0x1a8 ../../libDaisy//build/libdaisy.a(stm32h7xx_hal_i2c.o)
                0x0000000008006884                HAL_I2C_Master_Transmit
 .text.HAL_I2C_Slave_Transmit
                0x0000000008006a2c      0x1c8 ../../libDaisy//build/libdaisy.a(stm32h7xx_hal_i2c.o)
                0x0000000008006a2c                HAL_I2C_Slave_Transmit
 .text.HAL_I2C_EV_IRQHandler
                0x0000000008006bf4       0x10 ../../libDaisy//build/libdaisy.a(stm32h7xx_hal_i2c.o)
                0x0000000008006bf4                HAL_I2C_EV_IRQHandler
 .text.HAL_I2C_GetState
                0x0000000008006c04        0x8 ../../libDaisy//build/libdaisy.a(stm32h7xx_hal_i2c.o)
                0x0000000008006c04                HAL_I2C_GetState
 .text.HAL_I2CEx_ConfigAnalogFilter
                0x0000000008006c0c       0x54 ../../libDaisy//build/libdaisy.a(stm32h7xx_hal_i2c_ex.o)
                0x0000000008006c0c                HAL_I2CEx_ConfigAnalogFilter
 .text.HAL_I2CEx_ConfigDigitalFilter
                0x0000000008006c60       0x58 ../../libDaisy//build/libdaisy.a(stm32h7xx_hal_i2c_ex.o)
                0x0000000008006c60                HAL_I2CEx_ConfigDigitalFilter
 .text.HAL_PCD_Init
                0x0000000008006cb8      0x12c ../../libDaisy//build/libdaisy.a(stm32h7xx_hal_pcd.o)
                0x0000000008006cb8                HAL_PCD_Init
 .text.HAL_PCD_Start
                0x0000000008006de4       0x44 ../../libDaisy//build/libdaisy.a(stm32h7xx_hal_pcd.o)
                0x0000000008006de4                HAL_PCD_Start
 .text.HAL_PCD_IRQHandler
                0x0000000008006e28      0x69c ../../libDaisy//build/libdaisy.a(stm32h7xx_hal_pcd.o)
                0x0000000008006e28                HAL_PCD_IRQHandler
 .text.HAL_PCD_SetAddress
                0x00000000080074c4       0x2c ../../libDaisy//build/libdaisy.a(stm32h7xx_hal_pcd.o)
                0x00000000080074c4                HAL_PCD_SetAddress
 .text.HAL_PCD_EP_Open
                0x00000000080074f0       0x7c ../../libDaisy//build/libdaisy.a(stm32h7xx_hal_pcd.o)
                0x00000000080074f0                HAL_PCD_EP_Open
 .text.HAL_PCD_EP_Close
                0x000000000800756c       0x6c ../../libDaisy//build/libdaisy.a(stm32h7xx_hal_pcd.o)
                0x000000000800756c                HAL_PCD_EP_Close
 .text.HAL_PCD_EP_Receive
                0x00000000080075d8       0x50 ../../libDaisy//build/libdaisy.a(stm32h7xx_hal_pcd.o)
                0x00000000080075d8                HAL_PCD_EP_Receive
 .text.HAL_PCD_EP_GetRxCount
                0x0000000008007628       0x14 ../../libDaisy//build/libdaisy.a(stm32h7xx_hal_pcd.o)
                0x0000000008007628                HAL_PCD_EP_GetRxCount
 .text.HAL_PCD_EP_Transmit
                0x000000000800763c       0x50 ../../libDaisy//build/libdaisy.a(stm32h7xx_hal_pcd.o)
                0x000000000800763c                HAL_PCD_EP_Transmit
 .text.HAL_PCD_EP_SetStall
                0x000000000800768c       0x88 ../../libDaisy//build/libdaisy.a(stm32h7xx_hal_pcd.o)
                0x000000000800768c                HAL_PCD_EP_SetStall
 .text.HAL_PCD_EP_ClrStall
                0x0000000008007714       0x78 ../../libDaisy//build/libdaisy.a(stm32h7xx_hal_pcd.o)
                0x0000000008007714                HAL_PCD_EP_ClrStall
 .text.HAL_PCDEx_SetTxFiFo
                0x000000000800778c       0x54 ../../libDaisy//build/libdaisy.a(stm32h7xx_hal_pcd_ex.o)
                0x000000000800778c                HAL_PCDEx_SetTxFiFo
 .text.HAL_PCDEx_SetRxFiFo
                0x00000000080077e0        0xc ../../libDaisy//build/libdaisy.a(stm32h7xx_hal_pcd_ex.o)
                0x00000000080077e0                HAL_PCDEx_SetRxFiFo
 .text.HAL_PCDEx_ActivateLPM
                0x00000000080077ec       0x30 ../../libDaisy//build/libdaisy.a(stm32h7xx_hal_pcd_ex.o)
                0x00000000080077ec                HAL_PCDEx_ActivateLPM
 .text.HAL_PCDEx_LPM_Callback
                0x000000000800781c        0x4 ../../libDaisy//build/libdaisy.a(stm32h7xx_hal_pcd_ex.o)
                0x000000000800781c                HAL_PCDEx_LPM_Callback
 .text.HAL_PWREx_ConfigSupply
                0x0000000008007820       0x4c ../../libDaisy//build/libdaisy.a(stm32h7xx_hal_pwr_ex.o)
                0x0000000008007820                HAL_PWREx_ConfigSupply
 .text.HAL_PWREx_EnableUSBVoltageDetector
                0x000000000800786c       0x10 ../../libDaisy//build/libdaisy.a(stm32h7xx_hal_pwr_ex.o)
                0x000000000800786c                HAL_PWREx_EnableUSBVoltageDetector
 .text.QSPI_Config
                0x000000000800787c      0x174 ../../libDaisy//build/libdaisy.a(stm32h7xx_hal_qspi.o)
 .text.HAL_QSPI_Init
                0x00000000080079f0       0xd8 ../../libDaisy//build/libdaisy.a(stm32h7xx_hal_qspi.o)
                0x00000000080079f0                HAL_QSPI_Init
 .text.HAL_QSPI_DeInit
                0x0000000008007ac8       0x3c ../../libDaisy//build/libdaisy.a(stm32h7xx_hal_qspi.o)
                0x0000000008007ac8                HAL_QSPI_DeInit
 .text.HAL_QSPI_Command
                0x0000000008007b04       0xd4 ../../libDaisy//build/libdaisy.a(stm32h7xx_hal_qspi.o)
                0x0000000008007b04                HAL_QSPI_Command
 .text.HAL_QSPI_Transmit
                0x0000000008007bd8       0xfc ../../libDaisy//build/libdaisy.a(stm32h7xx_hal_qspi.o)
                0x0000000008007bd8                HAL_QSPI_Transmit
 .text.HAL_QSPI_Receive
                0x0000000008007cd4      0x108 ../../libDaisy//build/libdaisy.a(stm32h7xx_hal_qspi.o)
                0x0000000008007cd4                HAL_QSPI_Receive
 .text.HAL_QSPI_AutoPolling
                0x0000000008007ddc       0xf0 ../../libDaisy//build/libdaisy.a(stm32h7xx_hal_qspi.o)
                0x0000000008007ddc                HAL_QSPI_AutoPolling
 .text.HAL_QSPI_MemoryMapped
                0x0000000008007ecc       0xc0 ../../libDaisy//build/libdaisy.a(stm32h7xx_hal_qspi.o)
                0x0000000008007ecc                HAL_QSPI_MemoryMapped
 .text.HAL_QSPI_ErrorCallback
                0x0000000008007f8c        0x4 ../../libDaisy//build/libdaisy.a(stm32h7xx_hal_qspi.o)
                0x0000000008007f8c                HAL_QSPI_ErrorCallback
 .text.QSPI_DMAAbortCplt
                0x0000000008007f90       0x38 ../../libDaisy//build/libdaisy.a(stm32h7xx_hal_qspi.o)
 .text.HAL_QSPI_AbortCpltCallback
                0x0000000008007fc8        0x4 ../../libDaisy//build/libdaisy.a(stm32h7xx_hal_qspi.o)
                0x0000000008007fc8                HAL_QSPI_AbortCpltCallback
 .text.HAL_QSPI_CmdCpltCallback
                0x0000000008007fcc        0x4 ../../libDaisy//build/libdaisy.a(stm32h7xx_hal_qspi.o)
                0x0000000008007fcc                HAL_QSPI_CmdCpltCallback
 .text.HAL_QSPI_RxCpltCallback
                0x0000000008007fd0        0x4 ../../libDaisy//build/libdaisy.a(stm32h7xx_hal_qspi.o)
                0x0000000008007fd0                HAL_QSPI_RxCpltCallback
 .text.HAL_QSPI_TxCpltCallback
                0x0000000008007fd4        0x4 ../../libDaisy//build/libdaisy.a(stm32h7xx_hal_qspi.o)
                0x0000000008007fd4                HAL_QSPI_TxCpltCallback
 .text.HAL_QSPI_FifoThresholdCallback
                0x0000000008007fd8        0x4 ../../libDaisy//build/libdaisy.a(stm32h7xx_hal_qspi.o)
                0x0000000008007fd8                HAL_QSPI_FifoThresholdCallback
 .text.HAL_QSPI_StatusMatchCallback
                0x0000000008007fdc        0x4 ../../libDaisy//build/libdaisy.a(stm32h7xx_hal_qspi.o)
                0x0000000008007fdc                HAL_QSPI_StatusMatchCallback
 .text.HAL_QSPI_TimeOutCallback
                0x0000000008007fe0        0x4 ../../libDaisy//build/libdaisy.a(stm32h7xx_hal_qspi.o)
                0x0000000008007fe0                HAL_QSPI_TimeOutCallback
 .text.HAL_QSPI_IRQHandler
                0x0000000008007fe4      0x210 ../../libDaisy//build/libdaisy.a(stm32h7xx_hal_qspi.o)
                0x0000000008007fe4                HAL_QSPI_IRQHandler
 .text.HAL_RCC_OscConfig
                0x00000000080081f4      0x51c ../../libDaisy//build/libdaisy.a(stm32h7xx_hal_rcc.o)
                0x00000000080081f4                HAL_RCC_OscConfig
 .text.HAL_RCC_GetSysClockFreq
                0x0000000008008710      0x140 ../../libDaisy//build/libdaisy.a(stm32h7xx_hal_rcc.o)
                0x0000000008008710                HAL_RCC_GetSysClockFreq
 .text.HAL_RCC_ClockConfig
                0x0000000008008850      0x234 ../../libDaisy//build/libdaisy.a(stm32h7xx_hal_rcc.o)
                0x0000000008008850                HAL_RCC_ClockConfig
 .text.HAL_RCC_GetHCLKFreq
                0x0000000008008a84       0x2c ../../libDaisy//build/libdaisy.a(stm32h7xx_hal_rcc.o)
                0x0000000008008a84                HAL_RCC_GetHCLKFreq
 .text.HAL_RCC_GetPCLK1Freq
                0x0000000008008ab0       0x38 ../../libDaisy//build/libdaisy.a(stm32h7xx_hal_rcc.o)
                0x0000000008008ab0                HAL_RCC_GetPCLK1Freq
 .text.HAL_RCC_GetPCLK2Freq
                0x0000000008008ae8       0x38 ../../libDaisy//build/libdaisy.a(stm32h7xx_hal_rcc.o)
                0x0000000008008ae8                HAL_RCC_GetPCLK2Freq
 .text.RCCEx_PLL2_Config
                0x0000000008008b20       0xf4 ../../libDaisy//build/libdaisy.a(stm32h7xx_hal_rcc_ex.o)
 .text.RCCEx_PLL3_Config
                0x0000000008008c14       0xf4 ../../libDaisy//build/libdaisy.a(stm32h7xx_hal_rcc_ex.o)
 .text.HAL_RCCEx_PeriphCLKConfig
                0x0000000008008d08      0xa7c ../../libDaisy//build/libdaisy.a(stm32h7xx_hal_rcc_ex.o)
                0x0000000008008d08                HAL_RCCEx_PeriphCLKConfig
 .text.HAL_RCCEx_GetD3PCLK1Freq
                0x0000000008009784       0x24 ../../libDaisy//build/libdaisy.a(stm32h7xx_hal_rcc_ex.o)
                0x0000000008009784                HAL_RCCEx_GetD3PCLK1Freq
 .text.HAL_RCCEx_GetPLL2ClockFreq
                0x00000000080097a8      0x17c ../../libDaisy//build/libdaisy.a(stm32h7xx_hal_rcc_ex.o)
                0x00000000080097a8                HAL_RCCEx_GetPLL2ClockFreq
 .text.HAL_RCCEx_GetPLL3ClockFreq
                0x0000000008009924      0x17c ../../libDaisy//build/libdaisy.a(stm32h7xx_hal_rcc_ex.o)
                0x0000000008009924                HAL_RCCEx_GetPLL3ClockFreq
 .text.HAL_RCCEx_GetPLL1ClockFreq
                0x0000000008009aa0      0x17c ../../libDaisy//build/libdaisy.a(stm32h7xx_hal_rcc_ex.o)
                0x0000000008009aa0                HAL_RCCEx_GetPLL1ClockFreq
 .text.HAL_RCCEx_GetPeriphCLKFreq
                0x0000000008009c1c      0x198 ../../libDaisy//build/libdaisy.a(stm32h7xx_hal_rcc_ex.o)
                0x0000000008009c1c                HAL_RCCEx_GetPeriphCLKFreq
 .text.HAL_RCCEx_GetD1SysClockFreq
                0x0000000008009db4       0x2c ../../libDaisy//build/libdaisy.a(stm32h7xx_hal_rcc_ex.o)
                0x0000000008009db4                HAL_RCCEx_GetD1SysClockFreq
 .text.HAL_SAI_Init.part.0
                0x0000000008009de0      0x348 ../../libDaisy//build/libdaisy.a(stm32h7xx_hal_sai.o)
 .text.HAL_SAI_InitProtocol
                0x000000000800a128      0x178 ../../libDaisy//build/libdaisy.a(stm32h7xx_hal_sai.o)
                0x000000000800a128                HAL_SAI_InitProtocol
 .text.HAL_SDRAM_Init
                0x000000000800a2a0       0x54 ../../libDaisy//build/libdaisy.a(stm32h7xx_hal_sdram.o)
                0x000000000800a2a0                HAL_SDRAM_Init
 .text.HAL_SDRAM_SendCommand
                0x000000000800a2f4       0x40 ../../libDaisy//build/libdaisy.a(stm32h7xx_hal_sdram.o)
                0x000000000800a2f4                HAL_SDRAM_SendCommand
 .text.HAL_SDRAM_ProgramRefreshRate
                0x000000000800a334       0x30 ../../libDaisy//build/libdaisy.a(stm32h7xx_hal_sdram.o)
                0x000000000800a334                HAL_SDRAM_ProgramRefreshRate
 .text.FMC_SDRAM_Init
                0x000000000800a364       0x7c ../../libDaisy//build/libdaisy.a(stm32h7xx_ll_fmc.o)
                0x000000000800a364                FMC_SDRAM_Init
 .text.FMC_SDRAM_Timing_Init
                0x000000000800a3e0       0x98 ../../libDaisy//build/libdaisy.a(stm32h7xx_ll_fmc.o)
                0x000000000800a3e0                FMC_SDRAM_Timing_Init
 .text.FMC_SDRAM_SendCommand
                0x000000000800a478       0x28 ../../libDaisy//build/libdaisy.a(stm32h7xx_ll_fmc.o)
                0x000000000800a478                FMC_SDRAM_SendCommand
 .text.FMC_SDRAM_ProgramRefreshRate
                0x000000000800a4a0       0x1c ../../libDaisy//build/libdaisy.a(stm32h7xx_ll_fmc.o)
                0x000000000800a4a0                FMC_SDRAM_ProgramRefreshRate
 .text.USB_CoreInit
                0x000000000800a4bc      0x124 ../../libDaisy//build/libdaisy.a(stm32h7xx_ll_usb.o)
                0x000000000800a4bc                USB_CoreInit
 .text.USB_SetTurnaroundTime
                0x000000000800a5e0      0x104 ../../libDaisy//build/libdaisy.a(stm32h7xx_ll_usb.o)
                0x000000000800a5e0                USB_SetTurnaroundTime
 .text.USB_EnableGlobalInt
                0x000000000800a6e4       0x10 ../../libDaisy//build/libdaisy.a(stm32h7xx_ll_usb.o)
                0x000000000800a6e4                USB_EnableGlobalInt
 .text.USB_DisableGlobalInt
                0x000000000800a6f4       0x10 ../../libDaisy//build/libdaisy.a(stm32h7xx_ll_usb.o)
                0x000000000800a6f4                USB_DisableGlobalInt
 .text.USB_SetCurrentMode
                0x000000000800a704       0x30 ../../libDaisy//build/libdaisy.a(stm32h7xx_ll_usb.o)
                0x000000000800a704                USB_SetCurrentMode
 .text.USB_DevInit
                0x000000000800a734      0x20c ../../libDaisy//build/libdaisy.a(stm32h7xx_ll_usb.o)
                0x000000000800a734                USB_DevInit
 .text.USB_FlushTxFifo
                0x000000000800a940       0x34 ../../libDaisy//build/libdaisy.a(stm32h7xx_ll_usb.o)
                0x000000000800a940                USB_FlushTxFifo
 .text.USB_GetDevSpeed
                0x000000000800a974       0x24 ../../libDaisy//build/libdaisy.a(stm32h7xx_ll_usb.o)
                0x000000000800a974                USB_GetDevSpeed
 .text.USB_ActivateEndpoint
                0x000000000800a998       0x90 ../../libDaisy//build/libdaisy.a(stm32h7xx_ll_usb.o)
                0x000000000800a998                USB_ActivateEndpoint
 .text.USB_DeactivateEndpoint
                0x000000000800aa28       0x84 ../../libDaisy//build/libdaisy.a(stm32h7xx_ll_usb.o)
                0x000000000800aa28                USB_DeactivateEndpoint
 .text.USB_EPStartXfer
                0x000000000800aaac      0x230 ../../libDaisy//build/libdaisy.a(stm32h7xx_ll_usb.o)
                0x000000000800aaac                USB_EPStartXfer
 .text.USB_EP0StartXfer
                0x000000000800acdc      0x174 ../../libDaisy//build/libdaisy.a(stm32h7xx_ll_usb.o)
                0x000000000800acdc                USB_EP0StartXfer
 .text.USB_WritePacket
                0x000000000800ae50       0x2c ../../libDaisy//build/libdaisy.a(stm32h7xx_ll_usb.o)
                0x000000000800ae50                USB_WritePacket
 .text.USB_ReadPacket
                0x000000000800ae7c       0x20 ../../libDaisy//build/libdaisy.a(stm32h7xx_ll_usb.o)
                0x000000000800ae7c                USB_ReadPacket
 .text.USB_EPSetStall
                0x000000000800ae9c       0x68 ../../libDaisy//build/libdaisy.a(stm32h7xx_ll_usb.o)
                0x000000000800ae9c                USB_EPSetStall
 .text.USB_EPClearStall
                0x000000000800af04       0x58 ../../libDaisy//build/libdaisy.a(stm32h7xx_ll_usb.o)
                0x000000000800af04                USB_EPClearStall
 .text.USB_SetDevAddress
                0x000000000800af5c       0x24 ../../libDaisy//build/libdaisy.a(stm32h7xx_ll_usb.o)
                0x000000000800af5c                USB_SetDevAddress
 .text.USB_DevConnect
                0x000000000800af80       0x1c ../../libDaisy//build/libdaisy.a(stm32h7xx_ll_usb.o)
                0x000000000800af80                USB_DevConnect
 .text.USB_DevDisconnect
                0x000000000800af9c       0x1c ../../libDaisy//build/libdaisy.a(stm32h7xx_ll_usb.o)
                0x000000000800af9c                USB_DevDisconnect
 .text.USB_ReadInterrupts
                0x000000000800afb8       0x14 ../../libDaisy//build/libdaisy.a(stm32h7xx_ll_usb.o)
                0x000000000800afb8                USB_ReadInterrupts
 .text.USB_ReadDevAllOutEpInterrupt
                0x000000000800afcc       0x1c ../../libDaisy//build/libdaisy.a(stm32h7xx_ll_usb.o)
                0x000000000800afcc                USB_ReadDevAllOutEpInterrupt
 .text.USB_ReadDevAllInEpInterrupt
                0x000000000800afe8       0x1c ../../libDaisy//build/libdaisy.a(stm32h7xx_ll_usb.o)
                0x000000000800afe8                USB_ReadDevAllInEpInterrupt
 .text.USB_ReadDevOutEPInterrupt
                0x000000000800b004       0x1c ../../libDaisy//build/libdaisy.a(stm32h7xx_ll_usb.o)
                0x000000000800b004                USB_ReadDevOutEPInterrupt
 .text.USB_ReadDevInEPInterrupt
                0x000000000800b020       0x38 ../../libDaisy//build/libdaisy.a(stm32h7xx_ll_usb.o)
                0x000000000800b020                USB_ReadDevInEPInterrupt
 .text.USB_GetMode
                0x000000000800b058        0x8 ../../libDaisy//build/libdaisy.a(stm32h7xx_ll_usb.o)
                0x000000000800b058                USB_GetMode
 .text.USB_ActivateSetup
                0x000000000800b060       0x38 ../../libDaisy//build/libdaisy.a(stm32h7xx_ll_usb.o)
                0x000000000800b060                USB_ActivateSetup
 .text.USB_EP0_OutStart
                0x000000000800b098       0x58 ../../libDaisy//build/libdaisy.a(stm32h7xx_ll_usb.o)
                0x000000000800b098                USB_EP0_OutStart
 .text.USB_InitFSLSPClkSel
                0x000000000800b0f0       0x44 ../../libDaisy//build/libdaisy.a(stm32h7xx_ll_usb.o)
                0x000000000800b0f0                USB_InitFSLSPClkSel
 .text.USB_HC_ReadInterrupt
                0x000000000800b134        0x8 ../../libDaisy//build/libdaisy.a(stm32h7xx_ll_usb.o)
                0x000000000800b134                USB_HC_ReadInterrupt
 .text.USB_HC_Halt
                0x000000000800b13c       0xc0 ../../libDaisy//build/libdaisy.a(stm32h7xx_ll_usb.o)
                0x000000000800b13c                USB_HC_Halt
 .text.USB_StopHost
                0x000000000800b1fc      0x2ec ../../libDaisy//build/libdaisy.a(stm32h7xx_ll_usb.o)
                0x000000000800b1fc                USB_StopHost
 .text.USBD_CDC_EP0_RxReady
                0x000000000800b4e8       0x2c ../../libDaisy//build/libdaisy.a(usbd_cdc.o)
 .text.USBD_CDC_GetFSCfgDesc
                0x000000000800b514       0x24 ../../libDaisy//build/libdaisy.a(usbd_cdc.o)
 .text.USBD_CDC_GetHSCfgDesc
                0x000000000800b538       0x24 ../../libDaisy//build/libdaisy.a(usbd_cdc.o)
 .text.USBD_CDC_GetOtherSpeedCfgDesc
                0x000000000800b55c       0x24 ../../libDaisy//build/libdaisy.a(usbd_cdc.o)
 .text.USBD_CDC_GetDeviceQualifierDescriptor
                0x000000000800b580       0x10 ../../libDaisy//build/libdaisy.a(usbd_cdc.o)
                0x000000000800b580                USBD_CDC_GetDeviceQualifierDescriptor
 .text.USBD_CDC_DataOut
                0x000000000800b590       0x30 ../../libDaisy//build/libdaisy.a(usbd_cdc.o)
 .text.USBD_CDC_DataIn
                0x000000000800b5c0       0x50 ../../libDaisy//build/libdaisy.a(usbd_cdc.o)
 .text.USBD_CDC_Setup
                0x000000000800b610       0xcc ../../libDaisy//build/libdaisy.a(usbd_cdc.o)
 .text.USBD_CDC_DeInit
                0x000000000800b6dc       0x44 ../../libDaisy//build/libdaisy.a(usbd_cdc.o)
 .text.USBD_CDC_Init
                0x000000000800b720       0x94 ../../libDaisy//build/libdaisy.a(usbd_cdc.o)
 .text.USBD_CDC_RegisterInterface
                0x000000000800b7b4       0x10 ../../libDaisy//build/libdaisy.a(usbd_cdc.o)
                0x000000000800b7b4                USBD_CDC_RegisterInterface
 .text.USBD_CDC_SetTxBuffer
                0x000000000800b7c4       0x14 ../../libDaisy//build/libdaisy.a(usbd_cdc.o)
                0x000000000800b7c4                USBD_CDC_SetTxBuffer
 .text.USBD_CDC_SetRxBuffer
                0x000000000800b7d8       0x10 ../../libDaisy//build/libdaisy.a(usbd_cdc.o)
                0x000000000800b7d8                USBD_CDC_SetRxBuffer
 .text.USBD_CDC_TransmitPacket
                0x000000000800b7e8       0x34 ../../libDaisy//build/libdaisy.a(usbd_cdc.o)
                0x000000000800b7e8                USBD_CDC_TransmitPacket
 .text.USBD_CDC_ReceivePacket
                0x000000000800b81c       0x38 ../../libDaisy//build/libdaisy.a(usbd_cdc.o)
                0x000000000800b81c                USBD_CDC_ReceivePacket
 .text.USBD_Init
                0x000000000800b854       0x44 ../../libDaisy//build/libdaisy.a(usbd_core.o)
                0x000000000800b854                USBD_Init
 .text.USBD_RegisterClass
                0x000000000800b898       0x2c ../../libDaisy//build/libdaisy.a(usbd_core.o)
                0x000000000800b898                USBD_RegisterClass
 .text.USBD_Start
                0x000000000800b8c4        0xc ../../libDaisy//build/libdaisy.a(usbd_core.o)
                0x000000000800b8c4                USBD_Start
 .text.USBD_SetClassConfig
                0x000000000800b8d0       0x14 ../../libDaisy//build/libdaisy.a(usbd_core.o)
                0x000000000800b8d0                USBD_SetClassConfig
 .text.USBD_ClrClassConfig
                0x000000000800b8e4       0x10 ../../libDaisy//build/libdaisy.a(usbd_core.o)
                0x000000000800b8e4                USBD_ClrClassConfig
 .text.USBD_LL_SetupStage
                0x000000000800b8f4       0x5c ../../libDaisy//build/libdaisy.a(usbd_core.o)
                0x000000000800b8f4                USBD_LL_SetupStage
 .text.USBD_LL_DataOutStage
                0x000000000800b950       0x7c ../../libDaisy//build/libdaisy.a(usbd_core.o)
                0x000000000800b950                USBD_LL_DataOutStage
 .text.USBD_LL_DataInStage
                0x000000000800b9cc       0xcc ../../libDaisy//build/libdaisy.a(usbd_core.o)
                0x000000000800b9cc                USBD_LL_DataInStage
 .text.USBD_LL_Reset
                0x000000000800ba98       0x50 ../../libDaisy//build/libdaisy.a(usbd_core.o)
                0x000000000800ba98                USBD_LL_Reset
 .text.USBD_LL_SetSpeed
                0x000000000800bae8        0x8 ../../libDaisy//build/libdaisy.a(usbd_core.o)
                0x000000000800bae8                USBD_LL_SetSpeed
 .text.USBD_LL_Suspend
                0x000000000800baf0       0x14 ../../libDaisy//build/libdaisy.a(usbd_core.o)
                0x000000000800baf0                USBD_LL_Suspend
 .text.USBD_LL_Resume
                0x000000000800bb04       0x10 ../../libDaisy//build/libdaisy.a(usbd_core.o)
                0x000000000800bb04                USBD_LL_Resume
 .text.USBD_LL_SOF
                0x000000000800bb14       0x1c ../../libDaisy//build/libdaisy.a(usbd_core.o)
                0x000000000800bb14                USBD_LL_SOF
 .text.USBD_LL_IsoINIncomplete
                0x000000000800bb30        0x4 ../../libDaisy//build/libdaisy.a(usbd_core.o)
                0x000000000800bb30                USBD_LL_IsoINIncomplete
 .text.USBD_LL_IsoOUTIncomplete
                0x000000000800bb34        0x4 ../../libDaisy//build/libdaisy.a(usbd_core.o)
                0x000000000800bb34                USBD_LL_IsoOUTIncomplete
 .text.USBD_LL_DevConnected
                0x000000000800bb38        0x4 ../../libDaisy//build/libdaisy.a(usbd_core.o)
                0x000000000800bb38                USBD_LL_DevConnected
 .text.USBD_LL_DevDisconnected
                0x000000000800bb3c       0x18 ../../libDaisy//build/libdaisy.a(usbd_core.o)
                0x000000000800bb3c                USBD_LL_DevDisconnected
 .text.USBD_StdDevReq
                0x000000000800bb54      0x304 ../../libDaisy//build/libdaisy.a(usbd_ctlreq.o)
                0x000000000800bb54                USBD_StdDevReq
 .text.USBD_StdItfReq
                0x000000000800be58       0x68 ../../libDaisy//build/libdaisy.a(usbd_ctlreq.o)
                0x000000000800be58                USBD_StdItfReq
 .text.USBD_StdEPReq
                0x000000000800bec0      0x13c ../../libDaisy//build/libdaisy.a(usbd_ctlreq.o)
                0x000000000800bec0                USBD_StdEPReq
 .text.USBD_ParseSetupRequest
                0x000000000800bffc       0x28 ../../libDaisy//build/libdaisy.a(usbd_ctlreq.o)
                0x000000000800bffc                USBD_ParseSetupRequest
 .text.USBD_CtlError
                0x000000000800c024       0x18 ../../libDaisy//build/libdaisy.a(usbd_ctlreq.o)
                0x000000000800c024                USBD_CtlError
 .text.USBD_GetString
                0x000000000800c03c       0x54 ../../libDaisy//build/libdaisy.a(usbd_ctlreq.o)
                0x000000000800c03c                USBD_GetString
 .text.USBD_CtlSendData
                0x000000000800c090       0x1c ../../libDaisy//build/libdaisy.a(usbd_ioreq.o)
                0x000000000800c090                USBD_CtlSendData
 .text.USBD_CtlContinueSendData
                0x000000000800c0ac       0x14 ../../libDaisy//build/libdaisy.a(usbd_ioreq.o)
                0x000000000800c0ac                USBD_CtlContinueSendData
 .text.USBD_CtlPrepareRx
                0x000000000800c0c0       0x1c ../../libDaisy//build/libdaisy.a(usbd_ioreq.o)
                0x000000000800c0c0                USBD_CtlPrepareRx
 .text.USBD_CtlContinueRx
                0x000000000800c0dc       0x14 ../../libDaisy//build/libdaisy.a(usbd_ioreq.o)
                0x000000000800c0dc                USBD_CtlContinueRx
 .text.USBD_CtlSendStatus
                0x000000000800c0f0       0x18 ../../libDaisy//build/libdaisy.a(usbd_ioreq.o)
                0x000000000800c0f0                USBD_CtlSendStatus
 .text.USBD_CtlReceiveStatus
                0x000000000800c108       0x18 ../../libDaisy//build/libdaisy.a(usbd_ioreq.o)
                0x000000000800c108                USBD_CtlReceiveStatus
 .text.USBH_LL_IncTimer
                0x000000000800c120       0x20 ../../libDaisy//build/libdaisy.a(usbh_core.o)
                0x000000000800c120                USBH_LL_IncTimer
 .text.USBH_LL_PortEnabled
                0x000000000800c140        0x8 ../../libDaisy//build/libdaisy.a(usbh_core.o)
                0x000000000800c140                USBH_LL_PortEnabled
 .text.USBH_LL_PortDisabled
                0x000000000800c148        0x8 ../../libDaisy//build/libdaisy.a(usbh_core.o)
                0x000000000800c148                USBH_LL_PortDisabled
 .text.USBH_LL_Connect
                0x000000000800c150       0x18 ../../libDaisy//build/libdaisy.a(usbh_core.o)
                0x000000000800c150                USBH_LL_Connect
 .text.USBH_LL_Disconnect
                0x000000000800c168       0x2c ../../libDaisy//build/libdaisy.a(usbh_core.o)
                0x000000000800c168                USBH_LL_Disconnect
 .text.USBH_FreePipe
                0x000000000800c194       0x18 ../../libDaisy//build/libdaisy.a(usbh_pipes.o)
                0x000000000800c194                USBH_FreePipe
 .text._ZN5daisy6Random4InitEv
                0x000000000800c1ac       0x3c ../../libDaisy//build/libdaisy.a(rng.o)
                0x000000000800c1ac                daisy::Random::Init()
 .text._ZN5daisy9SpiHandle4Impl7InitDmaEv
                0x000000000800c1e8       0xec ../../libDaisy//build/libdaisy.a(spi.o)
                0x000000000800c1e8                daisy::SpiHandle::Impl::InitDma()
 .text._ZN5daisy9SpiHandle4Impl10StartDmaTxEPhjPFvPvEPFvS3_NS0_6ResultEES3_
                0x000000000800c2d4       0xc8 ../../libDaisy//build/libdaisy.a(spi.o)
                0x000000000800c2d4                daisy::SpiHandle::Impl::StartDmaTx(unsigned char*, unsigned int, void (*)(void*), void (*)(void*, daisy::SpiHandle::Result), void*)
 .text._ZN5daisy9SpiHandle4Impl10StartDmaRxEPhjPFvPvEPFvS3_NS0_6ResultEES3_
                0x000000000800c39c       0xc8 ../../libDaisy//build/libdaisy.a(spi.o)
                0x000000000800c39c                daisy::SpiHandle::Impl::StartDmaRx(unsigned char*, unsigned int, void (*)(void*), void (*)(void*, daisy::SpiHandle::Result), void*)
 .text._ZN5daisy9SpiHandle4Impl12StartDmaRxTxEPhS2_jPFvPvEPFvS3_NS0_6ResultEES3_
                0x000000000800c464       0xcc ../../libDaisy//build/libdaisy.a(spi.o)
                0x000000000800c464                daisy::SpiHandle::Impl::StartDmaRxTx(unsigned char*, unsigned char*, unsigned int, void (*)(void*), void (*)(void*, daisy::SpiHandle::Result), void*)
 .text._ZN5daisy9SpiHandle4Impl8InitPinsEv
                0x000000000800c530      0x274 ../../libDaisy//build/libdaisy.a(spi.o)
                0x000000000800c530                daisy::SpiHandle::Impl::InitPins()
 .text.HAL_SPI_MspInit
                0x000000000800c7a4      0x1a8 ../../libDaisy//build/libdaisy.a(spi.o)
                0x000000000800c7a4                HAL_SPI_MspInit
 .text.dsy_spi_global_init
                0x000000000800c94c       0x80 ../../libDaisy//build/libdaisy.a(spi.o)
                0x000000000800c94c                dsy_spi_global_init
 .text.SPI1_IRQHandler
                0x000000000800c9cc        0xc ../../libDaisy//build/libdaisy.a(spi.o)
                0x000000000800c9cc                SPI1_IRQHandler
 .text.SPI2_IRQHandler
                0x000000000800c9d8        0xc ../../libDaisy//build/libdaisy.a(spi.o)
                0x000000000800c9d8                SPI2_IRQHandler
 .text.SPI3_IRQHandler
                0x000000000800c9e4        0xc ../../libDaisy//build/libdaisy.a(spi.o)
                0x000000000800c9e4                SPI3_IRQHandler
 .text.SPI4_IRQHandler
                0x000000000800c9f0        0xc ../../libDaisy//build/libdaisy.a(spi.o)
                0x000000000800c9f0                SPI4_IRQHandler
 .text.SPI5_IRQHandler
                0x000000000800c9fc        0xc ../../libDaisy//build/libdaisy.a(spi.o)
                0x000000000800c9fc                SPI5_IRQHandler
 .text.DMA2_Stream2_IRQHandler
                0x000000000800ca08       0x34 ../../libDaisy//build/libdaisy.a(spi.o)
                0x000000000800ca08                DMA2_Stream2_IRQHandler
 .text.DMA2_Stream3_IRQHandler
                0x000000000800ca3c       0x38 ../../libDaisy//build/libdaisy.a(spi.o)
                0x000000000800ca3c                DMA2_Stream3_IRQHandler
 .text.HAL_SPI_TxCpltCallback
                0x000000000800ca74       0xc4 ../../libDaisy//build/libdaisy.a(spi.o)
                0x000000000800ca74                HAL_SPI_TxCpltCallback
 .text.HAL_SPI_RxCpltCallback
                0x000000000800cb38       0xc4 ../../libDaisy//build/libdaisy.a(spi.o)
                0x000000000800cb38                HAL_SPI_RxCpltCallback
 .text.HAL_SPI_TxRxCpltCallback
                0x000000000800cbfc       0xc4 ../../libDaisy//build/libdaisy.a(spi.o)
                0x000000000800cbfc                HAL_SPI_TxRxCpltCallback
 .text.HAL_SPI_ErrorCallback
                0x000000000800ccc0       0xc8 ../../libDaisy//build/libdaisy.a(spi.o)
                0x000000000800ccc0                HAL_SPI_ErrorCallback
 .text.startup._GLOBAL__sub_I__Z19MapInstanceToHandleP11SPI_TypeDef
                0x000000000800cd88      0x1b0 ../../libDaisy//build/libdaisy.a(spi.o)
 .text.HAL_TIM_Base_MspInit
                0x000000000800cf38      0x1e0 ../../libDaisy//build/libdaisy.a(tim.o)
                0x000000000800cf38                HAL_TIM_Base_MspInit
 .text.HAL_TIM_PeriodElapsedCallback
                0x000000000800d118       0x44 ../../libDaisy//build/libdaisy.a(tim.o)
                0x000000000800d118                HAL_TIM_PeriodElapsedCallback
 .text.TIM2_IRQHandler
                0x000000000800d15c        0xc ../../libDaisy//build/libdaisy.a(tim.o)
                0x000000000800d15c                TIM2_IRQHandler
 .text.TIM3_IRQHandler
                0x000000000800d168        0xc ../../libDaisy//build/libdaisy.a(tim.o)
                0x000000000800d168                TIM3_IRQHandler
 .text.TIM4_IRQHandler
                0x000000000800d174        0xc ../../libDaisy//build/libdaisy.a(tim.o)
                0x000000000800d174                TIM4_IRQHandler
 .text.TIM5_IRQHandler
                0x000000000800d180        0xc ../../libDaisy//build/libdaisy.a(tim.o)
                0x000000000800d180                TIM5_IRQHandler
 .text._ZN5daisy11TimerHandle4InitERKNS0_6ConfigE
                0x000000000800d18c       0xd0 ../../libDaisy//build/libdaisy.a(tim.o)
                0x000000000800d18c                daisy::TimerHandle::Init(daisy::TimerHandle::Config const&)
 .text._ZN5daisy11TimerHandle5StartEv
                0x000000000800d25c       0x24 ../../libDaisy//build/libdaisy.a(tim.o)
                0x000000000800d25c                daisy::TimerHandle::Start()
 .text.startup._GLOBAL__sub_I__ZN5daisy11TimerHandle4Impl4InitERKNS0_6ConfigE
                0x000000000800d280       0x38 ../../libDaisy//build/libdaisy.a(tim.o)
 .text._ZL20UART_CheckRxListenerPN5daisy11UartHandler4ImplE
                0x000000000800d2b8       0x84 ../../libDaisy//build/libdaisy.a(uart.o)
 .text._ZN5daisy11UartHandler4Impl10StartDmaTxEPhjPFvPvEPFvS3_NS0_6ResultEES3_
                0x000000000800d33c      0x184 ../../libDaisy//build/libdaisy.a(uart.o)
                0x000000000800d33c                daisy::UartHandler::Impl::StartDmaTx(unsigned char*, unsigned int, void (*)(void*), void (*)(void*, daisy::UartHandler::Result), void*)
 .text._ZN5daisy11UartHandler4Impl10StartDmaRxEPhjPFvPvEPFvS3_NS0_6ResultEES3_
                0x000000000800d4c0      0x184 ../../libDaisy//build/libdaisy.a(uart.o)
                0x000000000800d4c0                daisy::UartHandler::Impl::StartDmaRx(unsigned char*, unsigned int, void (*)(void*), void (*)(void*, daisy::UartHandler::Result), void*)
 .text._ZN5daisy11UartHandler4Impl19DmaTransferFinishedEP20__UART_HandleTypeDefNS0_6ResultE
                0x000000000800d644       0xc0 ../../libDaisy//build/libdaisy.a(uart.o)
                0x000000000800d644                daisy::UartHandler::Impl::DmaTransferFinished(__UART_HandleTypeDef*, daisy::UartHandler::Result)
 .text._ZN5daisy11UartHandler4Impl8InitPinsEv
                0x000000000800d704      0x154 ../../libDaisy//build/libdaisy.a(uart.o)
                0x000000000800d704                daisy::UartHandler::Impl::InitPins()
 .text.HAL_UART_MspInit
                0x000000000800d858      0x210 ../../libDaisy//build/libdaisy.a(uart.o)
                0x000000000800d858                HAL_UART_MspInit
 .text.dsy_uart_global_init
                0x000000000800da68       0xfc ../../libDaisy//build/libdaisy.a(uart.o)
                0x000000000800da68                dsy_uart_global_init
 .text.USART1_IRQHandler
                0x000000000800db64       0x2c ../../libDaisy//build/libdaisy.a(uart.o)
                0x000000000800db64                USART1_IRQHandler
 .text.USART2_IRQHandler
                0x000000000800db90       0x34 ../../libDaisy//build/libdaisy.a(uart.o)
                0x000000000800db90                USART2_IRQHandler
 .text.USART3_IRQHandler
                0x000000000800dbc4       0x34 ../../libDaisy//build/libdaisy.a(uart.o)
                0x000000000800dbc4                USART3_IRQHandler
 .text.UART4_IRQHandler
                0x000000000800dbf8       0x34 ../../libDaisy//build/libdaisy.a(uart.o)
                0x000000000800dbf8                UART4_IRQHandler
 .text.UART5_IRQHandler
                0x000000000800dc2c       0x34 ../../libDaisy//build/libdaisy.a(uart.o)
                0x000000000800dc2c                UART5_IRQHandler
 .text.USART6_IRQHandler
                0x000000000800dc60       0x34 ../../libDaisy//build/libdaisy.a(uart.o)
                0x000000000800dc60                USART6_IRQHandler
 .text.UART7_IRQHandler
                0x000000000800dc94       0x34 ../../libDaisy//build/libdaisy.a(uart.o)
                0x000000000800dc94                UART7_IRQHandler
 .text.UART8_IRQHandler
                0x000000000800dcc8       0x34 ../../libDaisy//build/libdaisy.a(uart.o)
                0x000000000800dcc8                UART8_IRQHandler
 .text.LPUART1_IRQHandler
                0x000000000800dcfc       0x34 ../../libDaisy//build/libdaisy.a(uart.o)
                0x000000000800dcfc                LPUART1_IRQHandler
 .text.DMA1_Stream5_IRQHandler
                0x000000000800dd30       0x34 ../../libDaisy//build/libdaisy.a(uart.o)
                0x000000000800dd30                DMA1_Stream5_IRQHandler
 .text.DMA2_Stream4_IRQHandler
                0x000000000800dd64       0x38 ../../libDaisy//build/libdaisy.a(uart.o)
                0x000000000800dd64                DMA2_Stream4_IRQHandler
 .text.HAL_UART_TxCpltCallback
                0x000000000800dd9c        0x8 ../../libDaisy//build/libdaisy.a(uart.o)
                0x000000000800dd9c                HAL_UART_TxCpltCallback
 .text.HAL_UART_RxCpltCallback
                0x000000000800dda4       0x94 ../../libDaisy//build/libdaisy.a(uart.o)
                0x000000000800dda4                HAL_UART_RxCpltCallback
 .text.HAL_UART_RxHalfCpltCallback
                0x000000000800de38       0x90 ../../libDaisy//build/libdaisy.a(uart.o)
                0x000000000800de38                HAL_UART_RxHalfCpltCallback
 .text.HAL_UART_ErrorCallback
                0x000000000800dec8        0x8 ../../libDaisy//build/libdaisy.a(uart.o)
                0x000000000800dec8                HAL_UART_ErrorCallback
 .text.startup._GLOBAL__sub_I__Z19MapInstanceToHandleP13USART_TypeDef
                0x000000000800ded0      0x194 ../../libDaisy//build/libdaisy.a(uart.o)
 .text.dsy_dma_init
                0x000000000800e064      0x100 ../../libDaisy//build/libdaisy.a(dma.o)
                0x000000000800e064                dsy_dma_init
 .text.dsy_dma_invalidate_cache_for_buffer
                0x000000000800e164       0x2c ../../libDaisy//build/libdaisy.a(dma.o)
                0x000000000800e164                dsy_dma_invalidate_cache_for_buffer
 .text.HAL_MDMA_Abort_IT
                0x000000000800e190       0x2c ../../libDaisy//build/libdaisy.a(stm32h7xx_hal_mdma.o)
                0x000000000800e190                HAL_MDMA_Abort_IT
 .text.SPI_CloseTransfer
                0x000000000800e1bc       0xb8 ../../libDaisy//build/libdaisy.a(stm32h7xx_hal_spi.o)
 .text.HAL_SPI_Init
                0x000000000800e274      0x15c ../../libDaisy//build/libdaisy.a(stm32h7xx_hal_spi.o)
                0x000000000800e274                HAL_SPI_Init
 .text.HAL_SPI_Transmit_DMA
                0x000000000800e3d0      0x170 ../../libDaisy//build/libdaisy.a(stm32h7xx_hal_spi.o)
                0x000000000800e3d0                HAL_SPI_Transmit_DMA
 .text.HAL_SPI_TransmitReceive_DMA
                0x000000000800e540      0x218 ../../libDaisy//build/libdaisy.a(stm32h7xx_hal_spi.o)
                0x000000000800e540                HAL_SPI_TransmitReceive_DMA
 .text.HAL_SPI_Receive_DMA
                0x000000000800e758      0x1b4 ../../libDaisy//build/libdaisy.a(stm32h7xx_hal_spi.o)
                0x000000000800e758                HAL_SPI_Receive_DMA
 .text.SPI_DMATransmitCplt
                0x000000000800e90c       0x28 ../../libDaisy//build/libdaisy.a(stm32h7xx_hal_spi.o)
 .text.SPI_DMAReceiveCplt
                0x000000000800e934       0x28 ../../libDaisy//build/libdaisy.a(stm32h7xx_hal_spi.o)
 .text.SPI_DMATransmitReceiveCplt
                0x000000000800e95c       0x28 ../../libDaisy//build/libdaisy.a(stm32h7xx_hal_spi.o)
 .text.HAL_SPI_TxHalfCpltCallback
                0x000000000800e984        0x4 ../../libDaisy//build/libdaisy.a(stm32h7xx_hal_spi.o)
                0x000000000800e984                HAL_SPI_TxHalfCpltCallback
 .text.SPI_DMAHalfTransmitCplt
                0x000000000800e988        0xc ../../libDaisy//build/libdaisy.a(stm32h7xx_hal_spi.o)
 .text.HAL_SPI_RxHalfCpltCallback
                0x000000000800e994        0x4 ../../libDaisy//build/libdaisy.a(stm32h7xx_hal_spi.o)
                0x000000000800e994                HAL_SPI_RxHalfCpltCallback
 .text.SPI_DMAHalfReceiveCplt
                0x000000000800e998        0xc ../../libDaisy//build/libdaisy.a(stm32h7xx_hal_spi.o)
 .text.HAL_SPI_TxRxHalfCpltCallback
                0x000000000800e9a4        0x4 ../../libDaisy//build/libdaisy.a(stm32h7xx_hal_spi.o)
                0x000000000800e9a4                HAL_SPI_TxRxHalfCpltCallback
 .text.SPI_DMAHalfTransmitReceiveCplt
                0x000000000800e9a8        0xc ../../libDaisy//build/libdaisy.a(stm32h7xx_hal_spi.o)
 .text.SPI_DMAError
                0x000000000800e9b4       0xd8 ../../libDaisy//build/libdaisy.a(stm32h7xx_hal_spi.o)
 .text.HAL_SPI_IRQHandler
                0x000000000800ea8c      0x23c ../../libDaisy//build/libdaisy.a(stm32h7xx_hal_spi.o)
                0x000000000800ea8c                HAL_SPI_IRQHandler
 .text.SPI_DMAAbortOnError
                0x000000000800ecc8       0x1c ../../libDaisy//build/libdaisy.a(stm32h7xx_hal_spi.o)
 .text.HAL_SPI_GetState
                0x000000000800ece4        0x8 ../../libDaisy//build/libdaisy.a(stm32h7xx_hal_spi.o)
                0x000000000800ece4                HAL_SPI_GetState
 .text.HAL_TIM_Base_Init
                0x000000000800ecec      0x140 ../../libDaisy//build/libdaisy.a(stm32h7xx_hal_tim.o)
                0x000000000800ecec                HAL_TIM_Base_Init
 .text.HAL_TIM_Base_Start
                0x000000000800ee2c       0x34 ../../libDaisy//build/libdaisy.a(stm32h7xx_hal_tim.o)
                0x000000000800ee2c                HAL_TIM_Base_Start
 .text.HAL_TIM_Base_Start_IT
                0x000000000800ee60       0x2c ../../libDaisy//build/libdaisy.a(stm32h7xx_hal_tim.o)
                0x000000000800ee60                HAL_TIM_Base_Start_IT
 .text.HAL_TIM_ConfigClockSource
                0x000000000800ee8c      0x17c ../../libDaisy//build/libdaisy.a(stm32h7xx_hal_tim.o)
                0x000000000800ee8c                HAL_TIM_ConfigClockSource
 .text.HAL_TIM_OC_DelayElapsedCallback
                0x000000000800f008        0x4 ../../libDaisy//build/libdaisy.a(stm32h7xx_hal_tim.o)
                0x000000000800f008                HAL_TIM_OC_DelayElapsedCallback
 .text.HAL_TIM_IC_CaptureCallback
                0x000000000800f00c        0x4 ../../libDaisy//build/libdaisy.a(stm32h7xx_hal_tim.o)
                0x000000000800f00c                HAL_TIM_IC_CaptureCallback
 .text.HAL_TIM_PWM_PulseFinishedCallback
                0x000000000800f010        0x4 ../../libDaisy//build/libdaisy.a(stm32h7xx_hal_tim.o)
                0x000000000800f010                HAL_TIM_PWM_PulseFinishedCallback
 .text.HAL_TIM_TriggerCallback
                0x000000000800f014        0x4 ../../libDaisy//build/libdaisy.a(stm32h7xx_hal_tim.o)
                0x000000000800f014                HAL_TIM_TriggerCallback
 .text.HAL_TIM_IRQHandler
                0x000000000800f018      0x170 ../../libDaisy//build/libdaisy.a(stm32h7xx_hal_tim.o)
                0x000000000800f018                HAL_TIM_IRQHandler
 .text.HAL_TIMEx_MasterConfigSynchronization
                0x000000000800f188       0x64 ../../libDaisy//build/libdaisy.a(stm32h7xx_hal_tim_ex.o)
                0x000000000800f188                HAL_TIMEx_MasterConfigSynchronization
 .text.HAL_TIMEx_CommutCallback
                0x000000000800f1ec        0x4 ../../libDaisy//build/libdaisy.a(stm32h7xx_hal_tim_ex.o)
                0x000000000800f1ec                HAL_TIMEx_CommutCallback
 .text.HAL_TIMEx_BreakCallback
                0x000000000800f1f0        0x4 ../../libDaisy//build/libdaisy.a(stm32h7xx_hal_tim_ex.o)
                0x000000000800f1f0                HAL_TIMEx_BreakCallback
 .text.HAL_TIMEx_Break2Callback
                0x000000000800f1f4        0x4 ../../libDaisy//build/libdaisy.a(stm32h7xx_hal_tim_ex.o)
                0x000000000800f1f4                HAL_TIMEx_Break2Callback
 .text.HAL_UART_Transmit_DMA
                0x000000000800f1f8       0xa4 ../../libDaisy//build/libdaisy.a(stm32h7xx_hal_uart.o)
                0x000000000800f1f8                HAL_UART_Transmit_DMA
 .text.HAL_UART_Receive_DMA
                0x000000000800f29c       0xac ../../libDaisy//build/libdaisy.a(stm32h7xx_hal_uart.o)
                0x000000000800f29c                HAL_UART_Receive_DMA
 .text.UART_DMATransmitCplt
                0x000000000800f348       0x2c ../../libDaisy//build/libdaisy.a(stm32h7xx_hal_uart.o)
 .text.HAL_UART_TxHalfCpltCallback
                0x000000000800f374        0x4 ../../libDaisy//build/libdaisy.a(stm32h7xx_hal_uart.o)