Archive member included to satisfy reference by file (symbol)

../../libDaisy//build/libdaisy.a(daisy_seed.o)
                              build/main.o (daisy::DaisySeed::SetLed(bool))
../../libDaisy//build/libdaisy.a(codec_ak4556.o)
                              ../../libDaisy//build/libdaisy.a(daisy_seed.o) (daisy::Ak4556::Init(dsy_gpio_pin))
../../libDaisy//build/libdaisy.a(codec_wm8731.o)
                              ../../libDaisy//build/libdaisy.a(daisy_seed.o) (daisy::Wm8731::Init(daisy::Wm8731::Config const&, daisy::I2CHandle))
../../libDaisy//build/libdaisy.a(sdram.o)
                              ../../libDaisy//build/libdaisy.a(daisy_seed.o) (SdramHandle::Init())
../../libDaisy//build/libdaisy.a(audio.o)
                              ../../libDaisy//build/libdaisy.a(daisy_seed.o) (daisy::AudioHandle::Init(daisy::AudioHandle::Config const&, daisy::SaiHandle))
../../libDaisy//build/libdaisy.a(logger.o)
                              build/sc_tools.o (daisy::Logger<(daisy::LoggerDestination)1>::PrintLine(char const*, ...))
../../libDaisy//build/libdaisy.a(usb.o)
                              ../../libDaisy//build/libdaisy.a(logger.o) (daisy::UsbHandle::Init(daisy::UsbHandle::UsbPeriph))
../../libDaisy//build/libdaisy.a(adc.o)
                              build/main.o (daisy::AdcChannelConfig::InitSingle(dsy_gpio_pin, daisy::AdcChannelConfig::ConversionSpeed))
../../libDaisy//build/libdaisy.a(gpio.o)
                              ../../libDaisy//build/libdaisy.a(daisy_seed.o) (daisy::GPIO::Init(daisy::Pin, daisy::GPIO::Mode, daisy::GPIO::Pull, daisy::GPIO::Speed))
../../libDaisy//build/libdaisy.a(i2c.o)
                              ../../libDaisy//build/libdaisy.a(daisy_seed.o) (daisy::I2CHandle::Init(daisy::I2CHandle::Config const&))
../../libDaisy//build/libdaisy.a(qspi.o)
                              ../../libDaisy//build/libdaisy.a(daisy_seed.o) (daisy::QSPIHandle::Init(daisy::QSPIHandle::Config const&))
../../libDaisy//build/libdaisy.a(sai.o)
                              ../../libDaisy//build/libdaisy.a(daisy_seed.o) (daisy::SaiHandle::Init(daisy::SaiHandle::Config const&))
../../libDaisy//build/libdaisy.a(system.o)
                              ../../libDaisy//build/libdaisy.a(daisy_seed.o) (daisy::System::DeInit())
../../libDaisy//build/libdaisy.a(system_stm32h7xx.o)
                              build/startup_stm32h750xx.o (SystemInit)
../../libDaisy//build/libdaisy.a(usbd_cdc_if.o)
                              ../../libDaisy//build/libdaisy.a(usb.o) (CDC_Transmit_FS)
../../libDaisy//build/libdaisy.a(usbd_conf.o)
                              ../../libDaisy//build/libdaisy.a(system.o) (hpcd_USB_OTG_HS)
../../libDaisy//build/libdaisy.a(usbd_desc.o)
                              ../../libDaisy//build/libdaisy.a(usb.o) (HS_Desc)
../../libDaisy//build/libdaisy.a(usbh_conf.o)
                              ../../libDaisy//build/libdaisy.a(system.o) (hhcd_USB_OTG_HS)
../../libDaisy//build/libdaisy.a(hal_map.o)
                              ../../libDaisy//build/libdaisy.a(gpio.o) (dsy_hal_map_get_port)
../../libDaisy//build/libdaisy.a(stm32h7xx_hal.o)
                              ../../libDaisy//build/libdaisy.a(system.o) (HAL_Init)
../../libDaisy//build/libdaisy.a(stm32h7xx_hal_adc.o)
                              ../../libDaisy//build/libdaisy.a(adc.o) (HAL_ADC_ConfigChannel)
../../libDaisy//build/libdaisy.a(stm32h7xx_hal_adc_ex.o)
                              ../../libDaisy//build/libdaisy.a(adc.o) (HAL_ADCEx_Calibration_Start)
../../libDaisy//build/libdaisy.a(stm32h7xx_hal_cortex.o)
                              ../../libDaisy//build/libdaisy.a(stm32h7xx_hal.o) (HAL_NVIC_SetPriorityGrouping)
../../libDaisy//build/libdaisy.a(stm32h7xx_hal_dma.o)
                              ../../libDaisy//build/libdaisy.a(adc.o) (HAL_DMA_Init)
../../libDaisy//build/libdaisy.a(stm32h7xx_hal_gpio.o)
                              ../../libDaisy//build/libdaisy.a(sdram.o) (HAL_GPIO_Init)
../../libDaisy//build/libdaisy.a(stm32h7xx_hal_hcd.o)
                              ../../libDaisy//build/libdaisy.a(usbh_conf.o) (HAL_HCD_HC_Init)
../../libDaisy//build/libdaisy.a(stm32h7xx_hal_i2c.o)
                              ../../libDaisy//build/libdaisy.a(i2c.o) (HAL_I2C_Init)
../../libDaisy//build/libdaisy.a(stm32h7xx_hal_i2c_ex.o)
                              ../../libDaisy//build/libdaisy.a(i2c.o) (HAL_I2CEx_ConfigAnalogFilter)
../../libDaisy//build/libdaisy.a(stm32h7xx_hal_pcd.o)
                              ../../libDaisy//build/libdaisy.a(usbd_conf.o) (HAL_PCD_Init)
../../libDaisy//build/libdaisy.a(stm32h7xx_hal_pcd_ex.o)
                              ../../libDaisy//build/libdaisy.a(usbd_conf.o) (HAL_PCDEx_SetTxFiFo)
../../libDaisy//build/libdaisy.a(stm32h7xx_hal_pwr_ex.o)
                              ../../libDaisy//build/libdaisy.a(system.o) (HAL_PWREx_ConfigSupply)
../../libDaisy//build/libdaisy.a(stm32h7xx_hal_qspi.o)
[...]
Memory Configuration

Name             Origin             Length             Attributes
FLASH            0x0000000008000000 0x0000000000020000 xr
DTCMRAM          0x0000000020000000 0x0000000000020000 xrw
SRAM             0x0000000024000000 0x0000000000080000 xrw
RAM_D2           0x0000000030000000 0x0000000000048000 xrw
RAM_D3           0x0000000038000000 0x0000000000010000 xrw
BACKUP_SRAM      0x0000000038800000 0x0000000000001000 xrw
ITCMRAM          0x0000000000000000 0x0000000000010000 xrw
SDRAM            0x00000000c0000000 0x0000000004000000 xrw
QSPIFLASH        0x0000000090000000 0x0000000000800000 xr
*default*        0x0000000000000000 0xffffffffffffffff

Linker script and memory map

LOAD /Library/DaisyToolchain/0.2.0/arm/bin/../lib/gcc/arm-none-eabi/10.3.1/thumb/v7e-m+dp/hard/crti.o
LOAD /Library/DaisyToolchain/0.2.0/arm/bin/../lib/gcc/arm-none-eabi/10.3.1/thumb/v7e-m+dp/hard/crtbegin.o
LOAD /Library/DaisyToolchain/0.2.0/arm/bin/../lib/gcc/arm-none-eabi/10.3.1/../../../../arm-none-eabi/lib/thumb/v7e-m+dp/hard/crt0.o
LOAD build/startup_stm32h750xx.o
LOAD build/main.o
LOAD build/sc_tools.o
LOAD ../../libDaisy//build/libdaisy.a
LOAD /Library/DaisyToolchain/0.2.0/arm/bin/../lib/gcc/arm-none-eabi/10.3.1/../../../../arm-none-eabi/lib/thumb/v7e-m+dp/hard/libnosys.a
LOAD ../../DaisySP//build/libdaisysp.a
LOAD /Library/DaisyToolchain/0.2.0/arm/bin/../lib/gcc/arm-none-eabi/10.3.1/../../../../arm-none-eabi/lib/thumb/v7e-m+dp/hard/libstdc++_nano.a
LOAD /Library/DaisyToolchain/0.2.0/arm/bin/../lib/gcc/arm-none-eabi/10.3.1/../../../../arm-none-eabi/lib/thumb/v7e-m+dp/hard/libm.a
LOAD /Library/DaisyToolchain/0.2.0/arm/bin/../lib/gcc/arm-none-eabi/10.3.1/../../../../arm-none-eabi/lib/thumb/v7e-m+dp/hard/libc_nano.a
START GROUP
LOAD /Library/DaisyToolchain/0.2.0/arm/bin/../lib/gcc/arm-none-eabi/10.3.1/thumb/v7e-m+dp/hard/libgcc.a
LOAD /Library/DaisyToolchain/0.2.0/arm/bin/../lib/gcc/arm-none-eabi/10.3.1/../../../../arm-none-eabi/lib/thumb/v7e-m+dp/hard/libc_nano.a
END GROUP
START GROUP
LOAD /Library/DaisyToolchain/0.2.0/arm/bin/../lib/gcc/arm-none-eabi/10.3.1/thumb/v7e-m+dp/hard/libgcc.a
LOAD /Library/DaisyToolchain/0.2.0/arm/bin/../lib/gcc/arm-none-eabi/10.3.1/../../../../arm-none-eabi/lib/thumb/v7e-m+dp/hard/libc_nano.a
LOAD /Library/DaisyToolchain/0.2.0/arm/bin/../lib/gcc/arm-none-eabi/10.3.1/../../../../arm-none-eabi/lib/thumb/v7e-m+dp/hard/libnosys.a
END GROUP
START GROUP
LOAD /Library/DaisyToolchain/0.2.0/arm/bin/../lib/gcc/arm-none-eabi/10.3.1/thumb/v7e-m+dp/hard/libgcc.a
LOAD /Library/DaisyToolchain/0.2.0/arm/bin/../lib/gcc/arm-none-eabi/10.3.1/../../../../arm-none-eabi/lib/thumb/v7e-m+dp/hard/libc_nano.a
LOAD /Library/DaisyToolchain/0.2.0/arm/bin/../lib/gcc/arm-none-eabi/10.3.1/../../../../arm-none-eabi/lib/thumb/v7e-m+dp/hard/libnosys.a
END GROUP
LOAD /Library/DaisyToolchain/0.2.0/arm/bin/../lib/gcc/arm-none-eabi/10.3.1/thumb/v7e-m+dp/hard/crtend.o
LOAD /Library/DaisyToolchain/0.2.0/arm/bin/../lib/gcc/arm-none-eabi/10.3.1/thumb/v7e-m+dp/hard/crtn.o
                0x0000000020020000                _estack = 0x20020000

.isr_vector     0x0000000008000000      0x298
                0x0000000008000000                . = ALIGN (0x4)
 *(.isr_vector)
 .isr_vector    0x0000000008000000      0x298 build/startup_stm32h750xx.o
                0x0000000008000000                g_pfnVectors
                0x0000000008000298                . = ALIGN (0x4)

.text           0x00000000080002a0    0x1224c
                0x00000000080002a0                . = ALIGN (0x4)
                0x00000000080002a0                _stext = .
 *(.text)
 .text          0x00000000080002a0       0x40 /Library/DaisyToolchain/0.2.0/arm/bin/../lib/gcc/arm-none-eabi/10.3.1/thumb/v7e-m+dp/hard/crtbegin.o
 .text          0x00000000080002e0       0xa0 /Library/DaisyToolchain/0.2.0/arm/bin/../lib/gcc/arm-none-eabi/10.3.1/../../../../arm-none-eabi/lib/thumb/v7e-m+dp/hard/libc_nano.a(lib_a-memchr.o)
                0x00000000080002e0                memchr
 .text          0x0000000008000380       0x30 /Library/DaisyToolchain/0.2.0/arm/bin/../lib/gcc/arm-none-eabi/10.3.1/thumb/v7e-m+dp/hard/libgcc.a(_aeabi_uldivmod.o)
                0x0000000008000380                __aeabi_uldivmod
 .text          0x00000000080003b0      0x2d0 /Library/DaisyToolchain/0.2.0/arm/bin/../lib/gcc/arm-none-eabi/10.3.1/thumb/v7e-m+dp/hard/libgcc.a(_udivmoddi4.o)
                0x00000000080003b0                __udivmoddi4
 .text          0x0000000008000680        0x4 /Library/DaisyToolchain/0.2.0/arm/bin/../lib/gcc/arm-none-eabi/10.3.1/thumb/v7e-m+dp/hard/libgcc.a(_dvmd_tls.o)
                0x0000000008000680                __aeabi_ldiv0
                0x0000000008000680                __aeabi_idiv0
 *(.text*)
 .text.Default_Handler
                0x0000000008000684        0x4 build/startup_stm32h750xx.o
                0x0000000008000684                SAI1_IRQHandler
                0x0000000008000684                HASH_RNG_IRQHandler
                0x0000000008000684                EXTI2_IRQHandler
                0x0000000008000684                TIM8_CC_IRQHandler
                0x0000000008000684                HRTIM1_Master_IRQHandler
                0x0000000008000684                DebugMon_Handler
                0x0000000008000684                TIM1_CC_IRQHandler
                0x0000000008000684                BDMA_Channel6_IRQHandler
                0x0000000008000684                DMA2_Stream5_IRQHandler
                0x0000000008000684                HRTIM1_FLT_IRQHandler
                0x0000000008000684                JPEG_IRQHandler
                0x0000000008000684                BDMA_Channel1_IRQHandler
                0x0000000008000684                HRTIM1_TIMD_IRQHandler
                0x0000000008000684                TAMP_STAMP_IRQHandler
                0x0000000008000684                PendSV_Handler
                0x0000000008000684                NMI_Handler
                0x0000000008000684                EXTI3_IRQHandler
                0x0000000008000684                LPTIM4_IRQHandler
                0x0000000008000684                TIM8_TRG_COM_TIM14_IRQHandler
                0x0000000008000684                LPTIM2_IRQHandler
                0x0000000008000684                DFSDM1_FLT1_IRQHandler
                0x0000000008000684                DMAMUX2_OVR_IRQHandler
                0x0000000008000684                TIM8_UP_TIM13_IRQHandler
                0x0000000008000684                I2C3_ER_IRQHandler
                0x0000000008000684                DFSDM1_FLT2_IRQHandler
                0x0000000008000684                MDMA_IRQHandler
                0x0000000008000684                LPTIM3_IRQHandler
                0x0000000008000684                HSEM1_IRQHandler
                0x0000000008000684                EXTI0_IRQHandler
                0x0000000008000684                FPU_IRQHandler
                0x0000000008000684                OTG_HS_WKUP_IRQHandler
                0x0000000008000684                FDCAN1_IT1_IRQHandler
                0x0000000008000684                UsageFault_Handler
                0x0000000008000684                LTDC_ER_IRQHandler
                0x0000000008000684                HRTIM1_TIME_IRQHandler
                0x0000000008000684                TIM6_DAC_IRQHandler
                0x0000000008000684                DCMI_IRQHandler
                0x0000000008000684                HRTIM1_TIMC_IRQHandler
                0x0000000008000684                SAI2_IRQHandler
                0x0000000008000684                DFSDM1_FLT3_IRQHandler
                0x0000000008000684                TIM17_IRQHandler
                0x0000000008000684                CRYP_IRQHandler
                0x0000000008000684                BDMA_Channel7_IRQHandler
                0x0000000008000684                LPTIM5_IRQHandler
                0x0000000008000684                ADC3_IRQHandler
                0x0000000008000684                DMA2_Stream0_IRQHandler
                0x0000000008000684                BDMA_Channel2_IRQHandler
                0x0000000008000684                DMAMUX1_OVR_IRQHandler
                0x0000000008000684                TIM16_IRQHandler
                0x0000000008000684                BDMA_Channel5_IRQHandler
                0x0000000008000684                RCC_IRQHandler
                0x0000000008000684                TIM8_BRK_TIM12_IRQHandler
                0x0000000008000684                TIM1_TRG_COM_IRQHandler
                0x0000000008000684                Default_Handler
                0x0000000008000684                ECC_IRQHandler
                0x0000000008000684                CEC_IRQHandler
                0x0000000008000684                EXTI15_10_IRQHandler
                0x0000000008000684                BDMA_Channel0_IRQHandler
                0x0000000008000684                ADC_IRQHandler
                0x0000000008000684                DMA1_Stream7_IRQHandler
                0x0000000008000684                HRTIM1_TIMA_IRQHandler
                0x0000000008000684                TIM7_IRQHandler
                0x0000000008000684                SDMMC1_IRQHandler
                0x0000000008000684                DMA2_Stream7_IRQHandler
                0x0000000008000684                TIM15_IRQHandler
                0x0000000008000684                PVD_AVD_IRQHandler
                0x0000000008000684                EXTI9_5_IRQHandler
                0x0000000008000684                RTC_WKUP_IRQHandler
                0x0000000008000684                LTDC_IRQHandler
                0x0000000008000684                SAI3_IRQHandler
                0x0000000008000684                ETH_WKUP_IRQHandler
                0x0000000008000684                SPDIF_RX_IRQHandler
                0x0000000008000684                MemManage_Handler
                0x0000000008000684                SVC_Handler
                0x0000000008000684                CRS_IRQHandler
                0x0000000008000684                EXTI4_IRQHandler
                0x0000000008000684                HRTIM1_TIMB_IRQHandler
                0x0000000008000684                FDCAN2_IT1_IRQHandler
                0x0000000008000684                ETH_IRQHandler
                0x0000000008000684                TIM1_UP_IRQHandler
                0x0000000008000684                BDMA_Channel4_IRQHandler
                0x0000000008000684                WWDG_IRQHandler
                0x0000000008000684                SPI6_IRQHandler
                0x0000000008000684                I2C4_EV_IRQHandler
                0x0000000008000684                MDIOS_IRQHandler
                0x0000000008000684                FDCAN2_IT0_IRQHandler
                0x0000000008000684                FDCAN1_IT0_IRQHandler
                0x0000000008000684                OTG_FS_WKUP_IRQHandler
                0x0000000008000684                DMA2D_IRQHandler
                0x0000000008000684                TIM1_BRK_IRQHandler
                0x0000000008000684                EXTI1_IRQHandler
                0x0000000008000684                SDMMC2_IRQHandler
                0x0000000008000684                BDMA_Channel3_IRQHandler
                0x0000000008000684                MDIOS_WKUP_IRQHandler
                0x0000000008000684                DFSDM1_FLT0_IRQHandler
                0x0000000008000684                SAI4_IRQHandler
                0x0000000008000684                I2C2_ER_IRQHandler
                0x0000000008000684                DMA2_Stream1_IRQHandler
                0x0000000008000684                FLASH_IRQHandler
                0x0000000008000684                BusFault_Handler
                0x0000000008000684                WAKEUP_PIN_IRQHandler
                0x0000000008000684                I2C1_ER_IRQHandler
                0x0000000008000684                FMC_IRQHandler
                0x0000000008000684                FDCAN_CAL_IRQHandler
                0x0000000008000684                SWPMI1_IRQHandler
                0x0000000008000684                COMP1_IRQHandler
                0x0000000008000684                LPTIM1_IRQHandler
                0x0000000008000684                I2C4_ER_IRQHandler
                0x0000000008000684                DMA2_Stream6_IRQHandler
                0x0000000008000684                RTC_Alarm_IRQHandler
 .text.Reset_Handler
                0x0000000008000688       0x44 build/startup_stm32h750xx.o
                0x0000000008000688                Reset_Handler
 .text._ZN5daisy9DaisySeedD2Ev
                0x00000000080006cc        0x4 build/main.o
                0x00000000080006cc                daisy::DaisySeed::~DaisySeed()
                0x00000000080006cc                daisy::DaisySeed::~DaisySeed()
 .text.startup.main
                0x00000000080006d0       0xac build/main.o
                0x00000000080006d0                main
 .text.startup._GLOBAL__sub_I_hw
                0x000000000800077c       0x20 build/main.o
 .text._Z11debug_printPKcz
                0x000000000800079c       0x30 build/sc_tools.o
                0x000000000800079c                debug_print(char const*, ...)
 .text._ZN5daisy9DaisySeed6SetLedEb
                0x00000000080007cc        0x8 ../../libDaisy//build/libdaisy.a(daisy_seed.o)
                0x00000000080007cc                daisy::DaisySeed::SetLed(bool)
 .text._ZN5daisy9DaisySeed17CheckBoardVersionEv
                0x00000000080007d4       0x6c ../../libDaisy//build/libdaisy.a(daisy_seed.o)
                0x00000000080007d4                daisy::DaisySeed::CheckBoardVersion()
 .text._ZN5daisy9DaisySeed14ConfigureAudioEv
                0x0000000008000840      0x10c ../../libDaisy//build/libdaisy.a(daisy_seed.o)
                0x0000000008000840                daisy::DaisySeed::ConfigureAudio()
 .text._ZN5daisy9DaisySeed4InitEb
                0x000000000800094c      0x108 ../../libDaisy//build/libdaisy.a(daisy_seed.o)
                0x000000000800094c                daisy::DaisySeed::Init(bool)
 .text._ZN5daisy6Ak45564InitE12dsy_gpio_pin
                0x0000000008000a54       0x44 ../../libDaisy//build/libdaisy.a(codec_ak4556.o)
                0x0000000008000a54                daisy::Ak4556::Init(dsy_gpio_pin)
 .text._ZN5daisy6Wm873120WriteControlRegisterEht
                0x0000000008000a98       0x3c ../../libDaisy//build/libdaisy.a(codec_wm8731.o)
                0x0000000008000a98                daisy::Wm8731::WriteControlRegister(unsigned char, unsigned short)
 .text._ZN5daisy6Wm87314InitERKNS0_6ConfigENS_9I2CHandleE
                0x0000000008000ad4      0x1bc ../../libDaisy//build/libdaisy.a(codec_wm8731.o)
                0x0000000008000ad4                daisy::Wm8731::Init(daisy::Wm8731::Config const&, daisy::I2CHandle)
 .text._ZN11SdramHandle10DeviceInitEv
                0x0000000008000c90       0x98 ../../libDaisy//build/libdaisy.a(sdram.o)
                0x0000000008000c90                SdramHandle::DeviceInit()
 .text._ZN11SdramHandle4InitEv
                0x0000000008000d28       0x7c ../../libDaisy//build/libdaisy.a(sdram.o)
                0x0000000008000d28                SdramHandle::Init()
 .text.HAL_SDRAM_MspInit
                0x0000000008000da4      0x1a8 ../../libDaisy//build/libdaisy.a(sdram.o)
                0x0000000008000da4                HAL_SDRAM_MspInit
 .text._ZN5daisy11AudioHandle4InitERKNS0_6ConfigENS_9SaiHandleE
                0x0000000008000f4c       0x70 ../../libDaisy//build/libdaisy.a(audio.o)
                0x0000000008000f4c                daisy::AudioHandle::Init(daisy::AudioHandle::Config const&, daisy::SaiHandle)
 .text._ZNK5daisy11AudioHandle9GetConfigEv
                0x0000000008000fbc        0x8 ../../libDaisy//build/libdaisy.a(audio.o)
                0x0000000008000fbc                daisy::AudioHandle::GetConfig() const
 .text._ZN5daisy11AudioHandle13GetSampleRateEv
                0x0000000008000fc4        0x8 ../../libDaisy//build/libdaisy.a(audio.o)
                0x0000000008000fc4                daisy::AudioHandle::GetSampleRate()
 .text.startup._GLOBAL__sub_I__ZN5daisy11AudioHandle4Impl4InitENS0_6ConfigENS_9SaiHandleE
                0x0000000008000fcc       0x24 ../../libDaisy//build/libdaisy.a(audio.o)
 .text._ZN5daisy9UsbHandleD2Ev
                0x0000000008000ff0        0x4 ../../libDaisy//build/libdaisy.a(logger.o)
                0x0000000008000ff0                daisy::UsbHandle::~UsbHandle()
                0x0000000008000ff0                daisy::UsbHandle::~UsbHandle()
 .text._ZN5daisy6LoggerILNS_17LoggerDestinationE1EE11TransmitBufEv
                0x0000000008000ff4       0x60 ../../libDaisy//build/libdaisy.a(logger.o)
                0x0000000008000ff4                daisy::Logger<(daisy::LoggerDestination)1>::TransmitBuf()
 .text._ZN5daisy6LoggerILNS_17LoggerDestinationE1EE13AppendNewLineEv
                0x0000000008001054       0x60 ../../libDaisy//build/libdaisy.a(logger.o)
                0x0000000008001054                daisy::Logger<(daisy::LoggerDestination)1>::AppendNewLine()
 .text._ZN5daisy6LoggerILNS_17LoggerDestinationE1EE10PrintLineVEPKcSt9__va_list
                0x00000000080010b4       0x30 ../../libDaisy//build/libdaisy.a(logger.o)
                0x00000000080010b4                daisy::Logger<(daisy::LoggerDestination)1>::PrintLineV(char const*, std::__va_list)
 .text._ZN5daisy6LoggerILNS_17LoggerDestinationE1EE9PrintLineEPKcz
                0x00000000080010e4       0x1c ../../libDaisy//build/libdaisy.a(logger.o)
                0x00000000080010e4                daisy::Logger<(daisy::LoggerDestination)1>::PrintLine(char const*, ...)
 .text._ZN5daisy6LoggerILNS_17LoggerDestinationE1EE8StartLogEb
                0x0000000008001100       0x40 ../../libDaisy//build/libdaisy.a(logger.o)
                0x0000000008001100                daisy::Logger<(daisy::LoggerDestination)1>::StartLog(bool)
 .text.startup._GLOBAL__sub_I__ZN5daisy10LoggerImplILNS_17LoggerDestinationE1EE11usb_handle_E
                0x0000000008001140       0x2c ../../libDaisy//build/libdaisy.a(logger.o)
 .text.DummyRxCallback
                0x000000000800116c        0x4 ../../libDaisy//build/libdaisy.a(usb.o)
                0x000000000800116c                DummyRxCallback
 .text._ZN5daisy9UsbHandle4InitENS0_9UsbPeriphE
                0x0000000008001170      0x10c ../../libDaisy//build/libdaisy.a(usb.o)
                0x0000000008001170                daisy::UsbHandle::Init(daisy::UsbHandle::UsbPeriph)
 .text._ZN5daisy9UsbHandle16TransmitInternalEPhj
                0x000000000800127c       0x14 ../../libDaisy//build/libdaisy.a(usb.o)
                0x000000000800127c                daisy::UsbHandle::TransmitInternal(unsigned char*, unsigned int)
 .text.OTG_FS_EP1_OUT_IRQHandler
                0x0000000008001290        0xc ../../libDaisy//build/libdaisy.a(usb.o)
                0x0000000008001290                OTG_FS_EP1_OUT_IRQHandler
 .text.OTG_FS_EP1_IN_IRQHandler
                0x000000000800129c        0xc ../../libDaisy//build/libdaisy.a(usb.o)
                0x000000000800129c                OTG_FS_EP1_IN_IRQHandler
 .text.OTG_FS_IRQHandler
                0x00000000080012a8        0xc ../../libDaisy//build/libdaisy.a(usb.o)
                0x00000000080012a8                OTG_FS_IRQHandler
 .text._ZN5daisy16AdcChannelConfig10InitSingleE12dsy_gpio_pinNS0_15ConversionSpeedE
                0x00000000080012b4       0x28 ../../libDaisy//build/libdaisy.a(adc.o)
                0x00000000080012b4                daisy::AdcChannelConfig::InitSingle(dsy_gpio_pin, daisy::AdcChannelConfig::ConversionSpeed)
 .text._ZN5daisy9AdcHandle4InitEPNS_16AdcChannelConfigEjNS0_12OverSamplingE
                0x00000000080012dc      0x41c ../../libDaisy//build/libdaisy.a(adc.o)
                0x00000000080012dc                daisy::AdcHandle::Init(daisy::AdcChannelConfig*, unsigned int, daisy::AdcHandle::OverSampling)
 .text._ZN5daisy9AdcHandle5StartEv
                0x00000000080016f8       0x2c ../../libDaisy//build/libdaisy.a(adc.o)
                0x00000000080016f8                daisy::AdcHandle::Start()
 .text._ZNK5daisy9AdcHandle3GetEh
                0x0000000008001724       0x18 ../../libDaisy//build/libdaisy.a(adc.o)
                0x0000000008001724                daisy::AdcHandle::Get(unsigned char) const
 .text.HAL_ADC_MspInit
                0x000000000800173c       0x98 ../../libDaisy//build/libdaisy.a(adc.o)
                0x000000000800173c                HAL_ADC_MspInit
 .text.DMA1_Stream2_IRQHandler
                0x00000000080017d4        0xc ../../libDaisy//build/libdaisy.a(adc.o)
                0x00000000080017d4                DMA1_Stream2_IRQHandler
 .text.HAL_ADC_ConvCpltCallback
                0x00000000080017e0      0x148 ../../libDaisy//build/libdaisy.a(adc.o)
                0x00000000080017e0                HAL_ADC_ConvCpltCallback
 .text.HAL_ADC_ErrorCallback
                0x0000000008001928        0x4 ../../libDaisy//build/libdaisy.a(adc.o)
                0x0000000008001928                HAL_ADC_ErrorCallback
 .text._ZN5daisy4GPIO4InitENS_3PinENS0_4ModeENS0_4PullENS0_5SpeedE
                0x000000000800192c      0x1cc ../../libDaisy//build/libdaisy.a(gpio.o)
                0x000000000800192c                daisy::GPIO::Init(daisy::Pin, daisy::GPIO::Mode, daisy::GPIO::Pull, daisy::GPIO::Speed)
 .text._ZN5daisy4GPIO4ReadEv
                0x0000000008001af8       0x18 ../../libDaisy//build/libdaisy.a(gpio.o)
                0x0000000008001af8                daisy::GPIO::Read()
 .text._ZN5daisy4GPIO5WriteEb
                0x0000000008001b10       0x14 ../../libDaisy//build/libdaisy.a(gpio.o)
                0x0000000008001b10                daisy::GPIO::Write(bool)
 .text.dsy_gpio_init
                0x0000000008001b24      0x1b8 ../../libDaisy//build/libdaisy.a(gpio.o)
                0x0000000008001b24                dsy_gpio_init
 .text.dsy_gpio_write
                0x0000000008001cdc       0x24 ../../libDaisy//build/libdaisy.a(gpio.o)
                0x0000000008001cdc                dsy_gpio_write
 .text._ZN5daisy9I2CHandle4Impl8InitPinsEv
                0x0000000008001d00       0x58 ../../libDaisy//build/libdaisy.a(i2c.o)
                0x0000000008001d00                daisy::I2CHandle::Impl::InitPins()
 .text.HAL_I2C_MspInit
                0x0000000008001d58      0x1b4 ../../libDaisy//build/libdaisy.a(i2c.o)
                0x0000000008001d58                HAL_I2C_MspInit
 .text.dsy_i2c_global_init
                0x0000000008001f0c       0x78 ../../libDaisy//build/libdaisy.a(i2c.o)
                0x0000000008001f0c                dsy_i2c_global_init
 .text.DMA1_Stream6_IRQHandler
                0x0000000008001f84       0x34 ../../libDaisy//build/libdaisy.a(i2c.o)
                0x0000000008001f84                DMA1_Stream6_IRQHandler
 .text.I2C1_EV_IRQHandler
                0x0000000008001fb8        0xc ../../libDaisy//build/libdaisy.a(i2c.o)
                0x0000000008001fb8                I2C1_EV_IRQHandler
 .text.I2C2_EV_IRQHandler
                0x0000000008001fc4        0xc ../../libDaisy//build/libdaisy.a(i2c.o)
                0x0000000008001fc4                I2C2_EV_IRQHandler
 .text.I2C3_EV_IRQHandler
                0x0000000008001fd0        0xc ../../libDaisy//build/libdaisy.a(i2c.o)
                0x0000000008001fd0                I2C3_EV_IRQHandler
 .text._ZN5daisy9I2CHandle4InitERKNS0_6ConfigE
                0x0000000008001fdc      0x12c ../../libDaisy//build/libdaisy.a(i2c.o)
                0x0000000008001fdc                daisy::I2CHandle::Init(daisy::I2CHandle::Config const&)
 .text._ZN5daisy9I2CHandle16TransmitBlockingEtPhtm
                0x0000000008002108       0x50 ../../libDaisy//build/libdaisy.a(i2c.o)
                0x0000000008002108                daisy::I2CHandle::TransmitBlocking(unsigned short, unsigned char*, unsigned short, unsigned long)
 .text.startup._GLOBAL__sub_I__ZN5daisy9I2CHandle4Impl10GlobalInitEv
                0x0000000008002158       0x18 ../../libDaisy//build/libdaisy.a(i2c.o)
 .text._ZN5daisy10QSPIHandle4Impl11WriteEnableEv
                0x0000000008002170       0x8c ../../libDaisy//build/libdaisy.a(qspi.o)
                0x0000000008002170                daisy::QSPIHandle::Impl::WriteEnable()
 *fill*         0x00000000080021fc        0x4 
 .text._ZN5daisy10QSPIHandle4Impl17DummyCyclesConfigENS0_6Config6DeviceE
                0x0000000008002200      0x118 ../../libDaisy//build/libdaisy.a(qspi.o)
                0x0000000008002200                daisy::QSPIHandle::Impl::DummyCyclesConfig(daisy::QSPIHandle::Config::Device)
 .text._ZN5daisy10QSPIHandle4Impl10QuadEnableEv
                0x0000000008002318      0x158 ../../libDaisy//build/libdaisy.a(qspi.o)
                0x0000000008002318                daisy::QSPIHandle::Impl::QuadEnable()
 .text._ZN5daisy10QSPIHandle4InitERKNS0_6ConfigE
                0x0000000008002470      0x198 ../../libDaisy//build/libdaisy.a(qspi.o)
                0x0000000008002470                daisy::QSPIHandle::Init(daisy::QSPIHandle::Config const&)
 .text.HAL_QSPI_MspInit
                0x0000000008002608      0x11c ../../libDaisy//build/libdaisy.a(qspi.o)
                0x0000000008002608                HAL_QSPI_MspInit
 .text.HAL_QSPI_MspDeInit
                0x0000000008002724       0x54 ../../libDaisy//build/libdaisy.a(qspi.o)
                0x0000000008002724                HAL_QSPI_MspDeInit
 .text.QUADSPI_IRQHandler
                0x0000000008002778        0xc ../../libDaisy//build/libdaisy.a(qspi.o)
                0x0000000008002778                QUADSPI_IRQHandler
 .text.startup._GLOBAL__sub_I__ZN5daisy10QSPIHandle4Impl4InitERKNS0_6ConfigE
                0x0000000008002784       0x28 ../../libDaisy//build/libdaisy.a(qspi.o)
 .text._ZN5daisy9SaiHandle4Impl7InitDmaENS1_15PeripheralBlockE
                0x00000000080027ac       0xa0 ../../libDaisy//build/libdaisy.a(sai.o)
                0x00000000080027ac                daisy::SaiHandle::Impl::InitDma(daisy::SaiHandle::Impl::PeripheralBlock)
 .text._ZN5daisy9SaiHandle4Impl8InitPinsEv
                0x000000000800284c       0xa8 ../../libDaisy//build/libdaisy.a(sai.o)
                0x000000000800284c                daisy::SaiHandle::Impl::InitPins()
 .text.HAL_SAI_MspInit
                0x00000000080028f4      0x164 ../../libDaisy//build/libdaisy.a(sai.o)
                0x00000000080028f4                HAL_SAI_MspInit
 .text.DMA1_Stream0_IRQHandler
                0x0000000008002a58        0xc ../../libDaisy//build/libdaisy.a(sai.o)
                0x0000000008002a58                DMA1_Stream0_IRQHandler
 .text.DMA1_Stream1_IRQHandler
                0x0000000008002a64        0xc ../../libDaisy//build/libdaisy.a(sai.o)
                0x0000000008002a64                DMA1_Stream1_IRQHandler
 .text.DMA1_Stream3_IRQHandler
                0x0000000008002a70        0xc ../../libDaisy//build/libdaisy.a(sai.o)
                0x0000000008002a70                DMA1_Stream3_IRQHandler
 .text.DMA1_Stream4_IRQHandler
                0x0000000008002a7c        0xc ../../libDaisy//build/libdaisy.a(sai.o)
                0x0000000008002a7c                DMA1_Stream4_IRQHandler
 .text._ZN5daisy9SaiHandle4InitERKNS0_6ConfigE
                0x0000000008002a88      0x1f0 ../../libDaisy//build/libdaisy.a(sai.o)
                0x0000000008002a88                daisy::SaiHandle::Init(daisy::SaiHandle::Config const&)
 .text._ZNK5daisy9SaiHandle9GetConfigEv
                0x0000000008002c78        0x4 ../../libDaisy//build/libdaisy.a(sai.o)
                0x0000000008002c78                daisy::SaiHandle::GetConfig() const
 .text._ZN5daisy9SaiHandle13GetSampleRateEv
                0x0000000008002c7c       0x24 ../../libDaisy//build/libdaisy.a(sai.o)
                0x0000000008002c7c                daisy::SaiHandle::GetSampleRate()
 .text._ZN5daisy11TimerHandleD2Ev
                0x0000000008002ca0        0x4 ../../libDaisy//build/libdaisy.a(system.o)
                0x0000000008002ca0                daisy::TimerHandle::~TimerHandle()
                0x0000000008002ca0                daisy::TimerHandle::~TimerHandle()
 .text.SysTick_Handler
                0x0000000008002ca4       0x10 ../../libDaisy//build/libdaisy.a(system.o)
                0x0000000008002ca4                SysTick_Handler
 .text.OTG_HS_EP1_OUT_IRQHandler
                0x0000000008002cb4       0x24 ../../libDaisy//build/libdaisy.a(system.o)
                0x0000000008002cb4                OTG_HS_EP1_OUT_IRQHandler
 .text.OTG_HS_EP1_IN_IRQHandler
                0x0000000008002cd8       0x24 ../../libDaisy//build/libdaisy.a(system.o)
                0x0000000008002cd8                OTG_HS_EP1_IN_IRQHandler
 .text.OTG_HS_IRQHandler
                0x0000000008002cfc       0x24 ../../libDaisy//build/libdaisy.a(system.o)
                0x0000000008002cfc                OTG_HS_IRQHandler
 .text.HardFault_Handler
                0x0000000008002d20       0xe0 ../../libDaisy//build/libdaisy.a(system.o)
                0x0000000008002d20                HardFault_Handler
 .text._ZN5daisy6System5DelayEm
                0x0000000008002e00        0x4 ../../libDaisy//build/libdaisy.a(system.o)
                0x0000000008002e00                daisy::System::Delay(unsigned long)
 .text._ZN5daisy6System20GetBootloaderVersionEv
                0x0000000008002e04       0x34 ../../libDaisy//build/libdaisy.a(system.o)
                0x0000000008002e04                daisy::System::GetBootloaderVersion()
 .text._ZN5daisy6System15ConfigureClocksEv
                0x0000000008002e38      0x194 ../../libDaisy//build/libdaisy.a(system.o)
                0x0000000008002e38                daisy::System::ConfigureClocks()
 .text._ZN5daisy6System12ConfigureMpuEv
                0x0000000008002fcc       0x7c ../../libDaisy//build/libdaisy.a(system.o)
                0x0000000008002fcc                daisy::System::ConfigureMpu()
 .text._ZN5daisy6System4InitERKNS0_6ConfigE
                0x0000000008003048       0xec ../../libDaisy//build/libdaisy.a(system.o)
                0x0000000008003048                daisy::System::Init(daisy::System::Config const&)
 .text._ZN5daisy6System12GetPClk1FreqEv
                0x0000000008003134        0x4 ../../libDaisy//build/libdaisy.a(system.o)
                0x0000000008003134                daisy::System::GetPClk1Freq()
 .text._ZN5daisy6System22GetProgramMemoryRegionEv
                0x0000000008003138       0x78 ../../libDaisy//build/libdaisy.a(system.o)
                0x0000000008003138                daisy::System::GetProgramMemoryRegion()
 .text.startup._GLOBAL__sub_I__ZN5daisy9boot_infoE
                0x00000000080031b0       0x1c ../../libDaisy//build/libdaisy.a(system.o)
 .text.SystemInit
                0x00000000080031cc       0x9c ../../libDaisy//build/libdaisy.a(system_stm32h7xx.o)
                0x00000000080031cc                SystemInit
 .text.dummy_rx_callback
                0x0000000008003268        0x4 ../../libDaisy//build/libdaisy.a(usbd_cdc_if.o)
                0x0000000008003268                dummy_rx_callback
 .text.CDC_DeInit_FS
                0x000000000800326c        0x4 ../../libDaisy//build/libdaisy.a(usbd_cdc_if.o)
 .text.CDC_Receive_FS
                0x0000000008003270       0x2c ../../libDaisy//build/libdaisy.a(usbd_cdc_if.o)
 .text.CDC_Receive_HS
                0x000000000800329c       0x2c ../../libDaisy//build/libdaisy.a(usbd_cdc_if.o)
 .text.CDC_Init_FS
                0x00000000080032c8       0x3c ../../libDaisy//build/libdaisy.a(usbd_cdc_if.o)
 .text.CDC_Init_HS
                0x0000000008003304       0x3c ../../libDaisy//build/libdaisy.a(usbd_cdc_if.o)
 .text.CDC_Control_FS
                0x0000000008003340       0x34 ../../libDaisy//build/libdaisy.a(usbd_cdc_if.o)
 .text.CDC_Control_HS
                0x0000000008003374       0x34 ../../libDaisy//build/libdaisy.a(usbd_cdc_if.o)
 .text.CDC_DeInit_HS
                0x00000000080033a8        0x4 ../../libDaisy//build/libdaisy.a(usbd_cdc_if.o)
 .text.CDC_Transmit_FS
                0x00000000080033ac       0x2c ../../libDaisy//build/libdaisy.a(usbd_cdc_if.o)
                0x00000000080033ac                CDC_Transmit_FS
 .text.HAL_PCD_MspInit
                0x00000000080033d8      0x144 ../../libDaisy//build/libdaisy.a(usbd_conf.o)
                0x00000000080033d8                HAL_PCD_MspInit
 .text.HAL_PCD_SetupStageCallback
                0x000000000800351c        0xc ../../libDaisy//build/libdaisy.a(usbd_conf.o)
                0x000000000800351c                HAL_PCD_SetupStageCallback
 .text.HAL_PCD_DataOutStageCallback
                0x0000000008003528       0x14 ../../libDaisy//build/libdaisy.a(usbd_conf.o)
                0x0000000008003528                HAL_PCD_DataOutStageCallback
 .text.HAL_PCD_DataInStageCallback
                0x000000000800353c       0x14 ../../libDaisy//build/libdaisy.a(usbd_conf.o)
                0x000000000800353c                HAL_PCD_DataInStageCallback
 .text.HAL_PCD_SOFCallback
                0x0000000008003550        0x8 ../../libDaisy//build/libdaisy.a(usbd_conf.o)
                0x0000000008003550                HAL_PCD_SOFCallback
 .text.HAL_PCD_ResetCallback
                0x0000000008003558       0x24 ../../libDaisy//build/libdaisy.a(usbd_conf.o)
                0x0000000008003558                HAL_PCD_ResetCallback
 .text.HAL_PCD_SuspendCallback
                0x000000000800357c       0x30 ../../libDaisy//build/libdaisy.a(usbd_conf.o)
                0x000000000800357c                HAL_PCD_SuspendCallback
 .text.HAL_PCD_ResumeCallback
                0x00000000080035ac        0x8 ../../libDaisy//build/libdaisy.a(usbd_conf.o)
                0x00000000080035ac                HAL_PCD_ResumeCallback
 .text.HAL_PCD_ISOOUTIncompleteCallback
                0x00000000080035b4        0x8 ../../libDaisy//build/libdaisy.a(usbd_conf.o)
                0x00000000080035b4                HAL_PCD_ISOOUTIncompleteCallback
 .text.HAL_PCD_ISOINIncompleteCallback
                0x00000000080035bc        0x8 ../../libDaisy//build/libdaisy.a(usbd_conf.o)
                0x00000000080035bc                HAL_PCD_ISOINIncompleteCallback
 .text.HAL_PCD_ConnectCallback
                0x00000000080035c4        0x8 ../../libDaisy//build/libdaisy.a(usbd_conf.o)
                0x00000000080035c4                HAL_PCD_ConnectCallback
 .text.HAL_PCD_DisconnectCallback
                0x00000000080035cc        0x8 ../../libDaisy//build/libdaisy.a(usbd_conf.o)
                0x00000000080035cc                HAL_PCD_DisconnectCallback
 .text.USBD_LL_Init
                0x00000000080035d4       0xe4 ../../libDaisy//build/libdaisy.a(usbd_conf.o)
                0x00000000080035d4                USBD_LL_Init
 .text.USBD_LL_Start
                0x00000000080036b8       0x1c ../../libDaisy//build/libdaisy.a(usbd_conf.o)
                0x00000000080036b8                USBD_LL_Start
 .text.USBD_LL_OpenEP
                0x00000000080036d4       0x24 ../../libDaisy//build/libdaisy.a(usbd_conf.o)
                0x00000000080036d4                USBD_LL_OpenEP
 .text.USBD_LL_CloseEP
                0x00000000080036f8       0x1c ../../libDaisy//build/libdaisy.a(usbd_conf.o)
                0x00000000080036f8                USBD_LL_CloseEP
 .text.USBD_LL_StallEP
                0x0000000008003714       0x1c ../../libDaisy//build/libdaisy.a(usbd_conf.o)
                0x0000000008003714                USBD_LL_StallEP
 .text.USBD_LL_ClearStallEP
                0x0000000008003730       0x1c ../../libDaisy//build/libdaisy.a(usbd_conf.o)
                0x0000000008003730                USBD_LL_ClearStallEP
 .text.USBD_LL_IsStallEP
                0x000000000800374c       0x28 ../../libDaisy//build/libdaisy.a(usbd_conf.o)
                0x000000000800374c                USBD_LL_IsStallEP
 .text.USBD_LL_SetUSBAddress
                0x0000000008003774       0x1c ../../libDaisy//build/libdaisy.a(usbd_conf.o)
                0x0000000008003774                USBD_LL_SetUSBAddress
 .text.USBD_LL_Transmit
                0x0000000008003790       0x1c ../../libDaisy//build/libdaisy.a(usbd_conf.o)
                0x0000000008003790                USBD_LL_Transmit
 .text.USBD_LL_PrepareReceive
                0x00000000080037ac       0x1c ../../libDaisy//build/libdaisy.a(usbd_conf.o)
                0x00000000080037ac                USBD_LL_PrepareReceive
 .text.USBD_LL_GetRxDataSize
                0x00000000080037c8        0x8 ../../libDaisy//build/libdaisy.a(usbd_conf.o)
                0x00000000080037c8                USBD_LL_GetRxDataSize
 .text.USBD_HS_DeviceDescriptor
                0x00000000080037d0        0xc ../../libDaisy//build/libdaisy.a(usbd_desc.o)
                0x00000000080037d0                USBD_HS_DeviceDescriptor
 .text.USBD_FS_DeviceDescriptor
                0x00000000080037dc        0xc ../../libDaisy//build/libdaisy.a(usbd_desc.o)
                0x00000000080037dc                USBD_FS_DeviceDescriptor
 .text.USBD_FS_LangIDStrDescriptor
                0x00000000080037e8        0xc ../../libDaisy//build/libdaisy.a(usbd_desc.o)
                0x00000000080037e8                USBD_FS_LangIDStrDescriptor
 .text.USBD_FS_ManufacturerStrDescriptor
                0x00000000080037f4       0x1c ../../libDaisy//build/libdaisy.a(usbd_desc.o)
                0x00000000080037f4                USBD_FS_ManufacturerStrDescriptor
 .text.USBD_HS_ProductStrDescriptor
                0x0000000008003810       0x1c ../../libDaisy//build/libdaisy.a(usbd_desc.o)
                0x0000000008003810                USBD_HS_ProductStrDescriptor
 .text.USBD_FS_ConfigStrDescriptor
                0x000000000800382c       0x1c ../../libDaisy//build/libdaisy.a(usbd_desc.o)
                0x000000000800382c                USBD_FS_ConfigStrDescriptor
 .text.USBD_FS_InterfaceStrDescriptor
                0x0000000008003848       0x1c ../../libDaisy//build/libdaisy.a(usbd_desc.o)
                0x0000000008003848                USBD_FS_InterfaceStrDescriptor
 .text.USBD_FS_ProductStrDescriptor
                0x0000000008003864       0x1c ../../libDaisy//build/libdaisy.a(usbd_desc.o)
                0x0000000008003864                USBD_FS_ProductStrDescriptor
 .text.USBD_HS_LangIDStrDescriptor
                0x0000000008003880        0xc ../../libDaisy//build/libdaisy.a(usbd_desc.o)
                0x0000000008003880                USBD_HS_LangIDStrDescriptor
 .text.USBD_HS_ManufacturerStrDescriptor
                0x000000000800388c       0x1c ../../libDaisy//build/libdaisy.a(usbd_desc.o)
                0x000000000800388c                USBD_HS_ManufacturerStrDescriptor
 .text.USBD_FS_SerialStrDescriptor
                0x00000000080038a8      0x124 ../../libDaisy//build/libdaisy.a(usbd_desc.o)
                0x00000000080038a8                USBD_FS_SerialStrDescriptor
 .text.USBD_HS_SerialStrDescriptor
                0x00000000080039cc      0x124 ../../libDaisy//build/libdaisy.a(usbd_desc.o)
                0x00000000080039cc                USBD_HS_SerialStrDescriptor
 .text.USBD_HS_InterfaceStrDescriptor
                0x0000000008003af0       0x1c ../../libDaisy//build/libdaisy.a(usbd_desc.o)
                0x0000000008003af0                USBD_HS_InterfaceStrDescriptor
 .text.USBD_HS_ConfigStrDescriptor
                0x0000000008003b0c       0x1c ../../libDaisy//build/libdaisy.a(usbd_desc.o)
                0x0000000008003b0c                USBD_HS_ConfigStrDescriptor
 .text.HAL_HCD_SOF_Callback
                0x0000000008003b28        0x8 ../../libDaisy//build/libdaisy.a(usbh_conf.o)
                0x0000000008003b28                HAL_HCD_SOF_Callback
 .text.HAL_HCD_Connect_Callback
                0x0000000008003b30        0x8 ../../libDaisy//build/libdaisy.a(usbh_conf.o)
                0x0000000008003b30                HAL_HCD_Connect_Callback
 .text.HAL_HCD_Disconnect_Callback
                0x0000000008003b38        0x8 ../../libDaisy//build/libdaisy.a(usbh_conf.o)
                0x0000000008003b38                HAL_HCD_Disconnect_Callback
 .text.HAL_HCD_HC_NotifyURBChange_Callback
                0x0000000008003b40        0x4 ../../libDaisy//build/libdaisy.a(usbh_conf.o)
                0x0000000008003b40                HAL_HCD_HC_NotifyURBChange_Callback
 .text.HAL_HCD_PortEnabled_Callback
                0x0000000008003b44        0x8 ../../libDaisy//build/libdaisy.a(usbh_conf.o)
                0x0000000008003b44                HAL_HCD_PortEnabled_Callback
 .text.HAL_HCD_PortDisabled_Callback
                0x0000000008003b4c        0x8 ../../libDaisy//build/libdaisy.a(usbh_conf.o)
                0x0000000008003b4c                HAL_HCD_PortDisabled_Callback
 .text.USBH_LL_Stop
                0x0000000008003b54       0x1c ../../libDaisy//build/libdaisy.a(usbh_conf.o)
                0x0000000008003b54                USBH_LL_Stop
 .text.dsy_hal_map_get_port
                0x0000000008003b70       0x10 ../../libDaisy//build/libdaisy.a(hal_map.o)
                0x0000000008003b70                dsy_hal_map_get_port
 .text.dsy_hal_map_get_pin
                0x0000000008003b80       0x10 ../../libDaisy//build/libdaisy.a(hal_map.o)
                0x0000000008003b80                dsy_hal_map_get_pin
 .text.dsy_hal_map_gpio_clk_enable
                0x0000000008003b90      0x150 ../../libDaisy//build/libdaisy.a(hal_map.o)
                0x0000000008003b90                dsy_hal_map_gpio_clk_enable
 .text.HAL_MspInit
                0x0000000008003ce0        0x4 ../../libDaisy//build/libdaisy.a(stm32h7xx_hal.o)
                0x0000000008003ce0                HAL_MspInit
 .text.HAL_InitTick
                0x0000000008003ce4       0x4c ../../libDaisy//build/libdaisy.a(stm32h7xx_hal.o)
                0x0000000008003ce4                HAL_InitTick
 .text.HAL_Init
                0x0000000008003d30       0x60 ../../libDaisy//build/libdaisy.a(stm32h7xx_hal.o)
                0x0000000008003d30                HAL_Init
 .text.HAL_IncTick
                0x0000000008003d90       0x18 ../../libDaisy//build/libdaisy.a(stm32h7xx_hal.o)
                0x0000000008003d90                HAL_IncTick
 .text.HAL_GetTick
                0x0000000008003da8        0xc ../../libDaisy//build/libdaisy.a(stm32h7xx_hal.o)
                0x0000000008003da8                HAL_GetTick
 .text.HAL_Delay
                0x0000000008003db4       0x24 ../../libDaisy//build/libdaisy.a(stm32h7xx_hal.o)
                0x0000000008003db4                HAL_Delay
 .text.HAL_GetREVID
                0x0000000008003dd8        0xc ../../libDaisy//build/libdaisy.a(stm32h7xx_hal.o)
                0x0000000008003dd8                HAL_GetREVID
 .text.HAL_ADC_ConvHalfCpltCallback
                0x0000000008003de4        0x4 ../../libDaisy//build/libdaisy.a(stm32h7xx_hal_adc.o)
                0x0000000008003de4                HAL_ADC_ConvHalfCpltCallback
 .text.ADC_DMAHalfConvCplt
                0x0000000008003de8        0xc ../../libDaisy//build/libdaisy.a(stm32h7xx_hal_adc.o)
                0x0000000008003de8                ADC_DMAHalfConvCplt
 .text.ADC_DMAConvCplt
                0x0000000008003df4       0x6c ../../libDaisy//build/libdaisy.a(stm32h7xx_hal_adc.o)
                0x0000000008003df4                ADC_DMAConvCplt
 .text.ADC_DMAError
                0x0000000008003e60       0x1c ../../libDaisy//build/libdaisy.a(stm32h7xx_hal_adc.o)
                0x0000000008003e60                ADC_DMAError
 .text.HAL_ADC_ConfigChannel
                0x0000000008003e7c      0x3fc ../../libDaisy//build/libdaisy.a(stm32h7xx_hal_adc.o)
                0x0000000008003e7c                HAL_ADC_ConfigChannel
 .text.ADC_Enable
                0x0000000008004278       0xac ../../libDaisy//build/libdaisy.a(stm32h7xx_hal_adc.o)
                0x0000000008004278                ADC_Enable
 .text.HAL_ADC_Start_DMA
                0x0000000008004324      0x114 ../../libDaisy//build/libdaisy.a(stm32h7xx_hal_adc.o)
                0x0000000008004324                HAL_ADC_Start_DMA
 .text.ADC_Disable
                0x0000000008004438       0x68 ../../libDaisy//build/libdaisy.a(stm32h7xx_hal_adc.o)
                0x0000000008004438                ADC_Disable
 .text.ADC_ConfigureBoostMode
                0x00000000080044a0      0x184 ../../libDaisy//build/libdaisy.a(stm32h7xx_hal_adc.o)
                0x00000000080044a0                ADC_ConfigureBoostMode
 .text.HAL_ADC_Init
                0x0000000008004624      0x218 ../../libDaisy//build/libdaisy.a(stm32h7xx_hal_adc.o)
                0x0000000008004624                HAL_ADC_Init
 .text.HAL_ADCEx_Calibration_Start
                0x000000000800483c       0xa4 ../../libDaisy//build/libdaisy.a(stm32h7xx_hal_adc_ex.o)
                0x000000000800483c                HAL_ADCEx_Calibration_Start
 .text.HAL_ADCEx_MultiModeConfigChannel
                0x00000000080048e0       0xc4 ../../libDaisy//build/libdaisy.a(stm32h7xx_hal_adc_ex.o)
                0x00000000080048e0                HAL_ADCEx_MultiModeConfigChannel
 .text.HAL_NVIC_SetPriorityGrouping
                0x00000000080049a4       0x24 ../../libDaisy//build/libdaisy.a(stm32h7xx_hal_cortex.o)
                0x00000000080049a4                HAL_NVIC_SetPriorityGrouping
 .text.HAL_NVIC_SetPriority
                0x00000000080049c8       0x7c ../../libDaisy//build/libdaisy.a(stm32h7xx_hal_cortex.o)
                0x00000000080049c8                HAL_NVIC_SetPriority
 .text.HAL_NVIC_EnableIRQ
                0x0000000008004a44       0x1c ../../libDaisy//build/libdaisy.a(stm32h7xx_hal_cortex.o)
                0x0000000008004a44                HAL_NVIC_EnableIRQ
 .text.HAL_NVIC_DisableIRQ
                0x0000000008004a60       0x28 ../../libDaisy//build/libdaisy.a(stm32h7xx_hal_cortex.o)
                0x0000000008004a60                HAL_NVIC_DisableIRQ
 .text.HAL_SYSTICK_Config
                0x0000000008004a88       0x2c ../../libDaisy//build/libdaisy.a(stm32h7xx_hal_cortex.o)
                0x0000000008004a88                HAL_SYSTICK_Config
 .text.HAL_MPU_Disable
                0x0000000008004ab4       0x1c ../../libDaisy//build/libdaisy.a(stm32h7xx_hal_cortex.o)
                0x0000000008004ab4                HAL_MPU_Disable
 .text.HAL_MPU_Enable
                0x0000000008004ad0       0x20 ../../libDaisy//build/libdaisy.a(stm32h7xx_hal_cortex.o)
                0x0000000008004ad0                HAL_MPU_Enable
 .text.HAL_MPU_ConfigRegion
                0x0000000008004af0       0x64 ../../libDaisy//build/libdaisy.a(stm32h7xx_hal_cortex.o)
                0x0000000008004af0                HAL_MPU_ConfigRegion
 .text.HAL_SYSTICK_Callback
                0x0000000008004b54        0x4 ../../libDaisy//build/libdaisy.a(stm32h7xx_hal_cortex.o)
                0x0000000008004b54                HAL_SYSTICK_Callback
 .text.HAL_SYSTICK_IRQHandler
                0x0000000008004b58        0x8 ../../libDaisy//build/libdaisy.a(stm32h7xx_hal_cortex.o)
                0x0000000008004b58                HAL_SYSTICK_IRQHandler
 .text.DMA_CalcBaseAndBitshift
                0x0000000008004b60       0xf4 ../../libDaisy//build/libdaisy.a(stm32h7xx_hal_dma.o)
 .text.DMA_CalcDMAMUXChannelBaseAndMask
                0x0000000008004c54       0xd8 ../../libDaisy//build/libdaisy.a(stm32h7xx_hal_dma.o)
 .text.HAL_DMA_Init
                0x0000000008004d2c      0x37c ../../libDaisy//build/libdaisy.a(stm32h7xx_hal_dma.o)
                0x0000000008004d2c                HAL_DMA_Init
 .text.HAL_DMA_Start_IT
                0x00000000080050a8      0x240 ../../libDaisy//build/libdaisy.a(stm32h7xx_hal_dma.o)
                0x00000000080050a8                HAL_DMA_Start_IT
 .text.HAL_DMA_Abort_IT
                0x00000000080052e8      0x134 ../../libDaisy//build/libdaisy.a(stm32h7xx_hal_dma.o)
                0x00000000080052e8                HAL_DMA_Abort_IT
 .text.HAL_DMA_IRQHandler
                0x000000000800541c      0x6a0 ../../libDaisy//build/libdaisy.a(stm32h7xx_hal_dma.o)
                0x000000000800541c                HAL_DMA_IRQHandler
 .text.HAL_DMA_GetError
                0x0000000008005abc        0x4 ../../libDaisy//build/libdaisy.a(stm32h7xx_hal_dma.o)
                0x0000000008005abc                HAL_DMA_GetError
 .text.HAL_GPIO_Init
                0x0000000008005ac0      0x280 ../../libDaisy//build/libdaisy.a(stm32h7xx_hal_gpio.o)
                0x0000000008005ac0                HAL_GPIO_Init
 .text.HAL_GPIO_DeInit
                0x0000000008005d40      0x190 ../../libDaisy//build/libdaisy.a(stm32h7xx_hal_gpio.o)
                0x0000000008005d40                HAL_GPIO_DeInit
 .text.HAL_GPIO_ReadPin
                0x0000000008005ed0        0xc ../../libDaisy//build/libdaisy.a(stm32h7xx_hal_gpio.o)
                0x0000000008005ed0                HAL_GPIO_ReadPin
 .text.HAL_GPIO_WritePin
                0x0000000008005edc        0x8 ../../libDaisy//build/libdaisy.a(stm32h7xx_hal_gpio.o)
                0x0000000008005edc                HAL_GPIO_WritePin
 .text.HAL_HCD_IRQHandler
                0x0000000008005ee4      0x780 ../../libDaisy//build/libdaisy.a(stm32h7xx_hal_hcd.o)
                0x0000000008005ee4                HAL_HCD_IRQHandler
 .text.HAL_HCD_Stop
                0x0000000008006664       0x28 ../../libDaisy//build/libdaisy.a(stm32h7xx_hal_hcd.o)
                0x0000000008006664                HAL_HCD_Stop
 .text.I2C_WaitOnTXISFlagUntilTimeout
                0x000000000800668c       0xb8 ../../libDaisy//build/libdaisy.a(stm32h7xx_hal_i2c.o)
 .text.I2C_WaitOnSTOPFlagUntilTimeout
                0x0000000008006744       0xac ../../libDaisy//build/libdaisy.a(stm32h7xx_hal_i2c.o)
 .text.HAL_I2C_Init
                0x00000000080067f0       0xac ../../libDaisy//build/libdaisy.a(stm32h7xx_hal_i2c.o)
                0x00000000080067f0                HAL_I2C_Init
 .text.HAL_I2C_Master_Transmit
                0x000000000800689c      0x1a8 ../../libDaisy//build/libdaisy.a(stm32h7xx_hal_i2c.o)
                0x000000000800689c                HAL_I2C_Master_Transmit
 .text.HAL_I2C_Slave_Transmit
                0x0000000008006a44      0x1c8 ../../libDaisy//build/libdaisy.a(stm32h7xx_hal_i2c.o)
                0x0000000008006a44                HAL_I2C_Slave_Transmit
 .text.HAL_I2C_EV_IRQHandler
                0x0000000008006c0c       0x10 ../../libDaisy//build/libdaisy.a(stm32h7xx_hal_i2c.o)
                0x0000000008006c0c                HAL_I2C_EV_IRQHandler
 .text.HAL_I2C_GetState
                0x0000000008006c1c        0x8 ../../libDaisy//build/libdaisy.a(stm32h7xx_hal_i2c.o)
                0x0000000008006c1c                HAL_I2C_GetState
 .text.HAL_I2CEx_ConfigAnalogFilter
                0x0000000008006c24       0x54 ../../libDaisy//build/libdaisy.a(stm32h7xx_hal_i2c_ex.o)
                0x0000000008006c24                HAL_I2CEx_ConfigAnalogFilter
 .text.HAL_I2CEx_ConfigDigitalFilter
                0x0000000008006c78       0x58 ../../libDaisy//build/libdaisy.a(stm32h7xx_hal_i2c_ex.o)
                0x0000000008006c78                HAL_I2CEx_ConfigDigitalFilter
 .text.HAL_PCD_Init
                0x0000000008006cd0      0x12c ../../libDaisy//build/libdaisy.a(stm32h7xx_hal_pcd.o)
                0x0000000008006cd0                HAL_PCD_Init
 .text.HAL_PCD_Start
                0x0000000008006dfc       0x44 ../../libDaisy//build/libdaisy.a(stm32h7xx_hal_pcd.o)
                0x0000000008006dfc                HAL_PCD_Start
 .text.HAL_PCD_IRQHandler
                0x0000000008006e40      0x69c ../../libDaisy//build/libdaisy.a(stm32h7xx_hal_pcd.o)
                0x0000000008006e40                HAL_PCD_IRQHandler
 .text.HAL_PCD_SetAddress
                0x00000000080074dc       0x2c ../../libDaisy//build/libdaisy.a(stm32h7xx_hal_pcd.o)
                0x00000000080074dc                HAL_PCD_SetAddress
 .text.HAL_PCD_EP_Open
                0x0000000008007508       0x7c ../../libDaisy//build/libdaisy.a(stm32h7xx_hal_pcd.o)
                0x0000000008007508                HAL_PCD_EP_Open
 .text.HAL_PCD_EP_Close
                0x0000000008007584       0x6c ../../libDaisy//build/libdaisy.a(stm32h7xx_hal_pcd.o)
                0x0000000008007584                HAL_PCD_EP_Close
 .text.HAL_PCD_EP_Receive
                0x00000000080075f0       0x50 ../../libDaisy//build/libdaisy.a(stm32h7xx_hal_pcd.o)
                0x00000000080075f0                HAL_PCD_EP_Receive
 .text.HAL_PCD_EP_GetRxCount
                0x0000000008007640       0x14 ../../libDaisy//build/libdaisy.a(stm32h7xx_hal_pcd.o)
                0x0000000008007640                HAL_PCD_EP_GetRxCount
 .text.HAL_PCD_EP_Transmit
                0x0000000008007654       0x50 ../../libDaisy//build/libdaisy.a(stm32h7xx_hal_pcd.o)
                0x0000000008007654                HAL_PCD_EP_Transmit
 .text.HAL_PCD_EP_SetStall
                0x00000000080076a4       0x88 ../../libDaisy//build/libdaisy.a(stm32h7xx_hal_pcd.o)
                0x00000000080076a4                HAL_PCD_EP_SetStall
 .text.HAL_PCD_EP_ClrStall
                0x000000000800772c       0x78 ../../libDaisy//build/libdaisy.a(stm32h7xx_hal_pcd.o)
                0x000000000800772c                HAL_PCD_EP_ClrStall
 .text.HAL_PCDEx_SetTxFiFo
                0x00000000080077a4       0x54 ../../libDaisy//build/libdaisy.a(stm32h7xx_hal_pcd_ex.o)
                0x00000000080077a4                HAL_PCDEx_SetTxFiFo
 .text.HAL_PCDEx_SetRxFiFo
                0x00000000080077f8        0xc ../../libDaisy//build/libdaisy.a(stm32h7xx_hal_pcd_ex.o)
                0x00000000080077f8                HAL_PCDEx_SetRxFiFo
 .text.HAL_PCDEx_ActivateLPM
                0x0000000008007804       0x30 ../../libDaisy//build/libdaisy.a(stm32h7xx_hal_pcd_ex.o)
                0x0000000008007804                HAL_PCDEx_ActivateLPM
 .text.HAL_PCDEx_LPM_Callback
                0x0000000008007834        0x4 ../../libDaisy//build/libdaisy.a(stm32h7xx_hal_pcd_ex.o)
                0x0000000008007834                HAL_PCDEx_LPM_Callback
 .text.HAL_PWREx_ConfigSupply
                0x0000000008007838       0x4c ../../libDaisy//build/libdaisy.a(stm32h7xx_hal_pwr_ex.o)
                0x0000000008007838                HAL_PWREx_ConfigSupply
 .text.HAL_PWREx_EnableUSBVoltageDetector
                0x0000000008007884       0x10 ../../libDaisy//build/libdaisy.a(stm32h7xx_hal_pwr_ex.o)
                0x0000000008007884                HAL_PWREx_EnableUSBVoltageDetector
 .text.QSPI_Config
                0x0000000008007894      0x174 ../../libDaisy//build/libdaisy.a(stm32h7xx_hal_qspi.o)
 .text.HAL_QSPI_Init
                0x0000000008007a08       0xd8 ../../libDaisy//build/libdaisy.a(stm32h7xx_hal_qspi.o)
                0x0000000008007a08                HAL_QSPI_Init
 .text.HAL_QSPI_DeInit
                0x0000000008007ae0       0x3c ../../libDaisy//build/libdaisy.a(stm32h7xx_hal_qspi.o)
                0x0000000008007ae0                HAL_QSPI_DeInit
 .text.HAL_QSPI_Command
                0x0000000008007b1c       0xd4 ../../libDaisy//build/libdaisy.a(stm32h7xx_hal_qspi.o)
                0x0000000008007b1c                HAL_QSPI_Command
 .text.HAL_QSPI_Transmit
                0x0000000008007bf0       0xfc ../../libDaisy//build/libdaisy.a(stm32h7xx_hal_qspi.o)
                0x0000000008007bf0                HAL_QSPI_Transmit
 .text.HAL_QSPI_Receive
                0x0000000008007cec      0x108 ../../libDaisy//build/libdaisy.a(stm32h7xx_hal_qspi.o)
                0x0000000008007cec                HAL_QSPI_Receive
 .text.HAL_QSPI_AutoPolling
                0x0000000008007df4       0xf0 ../../libDaisy//build/libdaisy.a(stm32h7xx_hal_qspi.o)
                0x0000000008007df4                HAL_QSPI_AutoPolling
 .text.HAL_QSPI_MemoryMapped
                0x0000000008007ee4       0xc0 ../../libDaisy//build/libdaisy.a(stm32h7xx_hal_qspi.o)
                0x0000000008007ee4                HAL_QSPI_MemoryMapped
 .text.HAL_QSPI_ErrorCallback
                0x0000000008007fa4        0x4 ../../libDaisy//build/libdaisy.a(stm32h7xx_hal_qspi.o)
                0x0000000008007fa4                HAL_QSPI_ErrorCallback
 .text.QSPI_DMAAbortCplt
                0x0000000008007fa8       0x38 ../../libDaisy//build/libdaisy.a(stm32h7xx_hal_qspi.o)
 .text.HAL_QSPI_AbortCpltCallback
                0x0000000008007fe0        0x4 ../../libDaisy//build/libdaisy.a(stm32h7xx_hal_qspi.o)
                0x0000000008007fe0                HAL_QSPI_AbortCpltCallback
 .text.HAL_QSPI_CmdCpltCallback
                0x0000000008007fe4        0x4 ../../libDaisy//build/libdaisy.a(stm32h7xx_hal_qspi.o)
                0x0000000008007fe4                HAL_QSPI_CmdCpltCallback
 .text.HAL_QSPI_RxCpltCallback
                0x0000000008007fe8        0x4 ../../libDaisy//build/libdaisy.a(stm32h7xx_hal_qspi.o)
                0x0000000008007fe8                HAL_QSPI_RxCpltCallback
 .text.HAL_QSPI_TxCpltCallback
                0x0000000008007fec        0x4 ../../libDaisy//build/libdaisy.a(stm32h7xx_hal_qspi.o)
                0x0000000008007fec                HAL_QSPI_TxCpltCallback
 .text.HAL_QSPI_FifoThresholdCallback
                0x0000000008007ff0        0x4 ../../libDaisy//build/libdaisy.a(stm32h7xx_hal_qspi.o)
                0x0000000008007ff0                HAL_QSPI_FifoThresholdCallback
 .text.HAL_QSPI_StatusMatchCallback
                0x0000000008007ff4        0x4 ../../libDaisy//build/libdaisy.a(stm32h7xx_hal_qspi.o)
                0x0000000008007ff4                HAL_QSPI_StatusMatchCallback
 .text.HAL_QSPI_TimeOutCallback
                0x0000000008007ff8        0x4 ../../libDaisy//build/libdaisy.a(stm32h7xx_hal_qspi.o)
                0x0000000008007ff8                HAL_QSPI_TimeOutCallback
 .text.HAL_QSPI_IRQHandler
                0x0000000008007ffc      0x210 ../../libDaisy//build/libdaisy.a(stm32h7xx_hal_qspi.o)
                0x0000000008007ffc                HAL_QSPI_IRQHandler
 .text.HAL_RCC_OscConfig
                0x000000000800820c      0x51c ../../libDaisy//build/libdaisy.a(stm32h7xx_hal_rcc.o)
                0x000000000800820c                HAL_RCC_OscConfig
 .text.HAL_RCC_GetSysClockFreq
                0x0000000008008728      0x140 ../../libDaisy//build/libdaisy.a(stm32h7xx_hal_rcc.o)
                0x0000000008008728                HAL_RCC_GetSysClockFreq
 .text.HAL_RCC_ClockConfig
                0x0000000008008868      0x234 ../../libDaisy//build/libdaisy.a(stm32h7xx_hal_rcc.o)
                0x0000000008008868                HAL_RCC_ClockConfig
 .text.HAL_RCC_GetHCLKFreq
                0x0000000008008a9c       0x2c ../../libDaisy//build/libdaisy.a(stm32h7xx_hal_rcc.o)
                0x0000000008008a9c                HAL_RCC_GetHCLKFreq
 .text.HAL_RCC_GetPCLK1Freq
                0x0000000008008ac8       0x38 ../../libDaisy//build/libdaisy.a(stm32h7xx_hal_rcc.o)
                0x0000000008008ac8                HAL_RCC_GetPCLK1Freq
 .text.HAL_RCC_GetPCLK2Freq
                0x0000000008008b00       0x38 ../../libDaisy//build/libdaisy.a(stm32h7xx_hal_rcc.o)
                0x0000000008008b00                HAL_RCC_GetPCLK2Freq
 .text.RCCEx_PLL2_Config
                0x0000000008008b38       0xf4 ../../libDaisy//build/libdaisy.a(stm32h7xx_hal_rcc_ex.o)
 .text.RCCEx_PLL3_Config
                0x0000000008008c2c       0xf4 ../../libDaisy//build/libdaisy.a(stm32h7xx_hal_rcc_ex.o)
 .text.HAL_RCCEx_PeriphCLKConfig
                0x0000000008008d20      0xa7c ../../libDaisy//build/libdaisy.a(stm32h7xx_hal_rcc_ex.o)
                0x0000000008008d20                HAL_RCCEx_PeriphCLKConfig
 .text.HAL_RCCEx_GetD3PCLK1Freq
                0x000000000800979c       0x24 ../../libDaisy//build/libdaisy.a(stm32h7xx_hal_rcc_ex.o)
                0x000000000800979c                HAL_RCCEx_GetD3PCLK1Freq
 .text.HAL_RCCEx_GetPLL2ClockFreq
                0x00000000080097c0      0x17c ../../libDaisy//build/libdaisy.a(stm32h7xx_hal_rcc_ex.o)
                0x00000000080097c0                HAL_RCCEx_GetPLL2ClockFreq
 .text.HAL_RCCEx_GetPLL3ClockFreq
                0x000000000800993c      0x17c ../../libDaisy//build/libdaisy.a(stm32h7xx_hal_rcc_ex.o)
                0x000000000800993c                HAL_RCCEx_GetPLL3ClockFreq
 .text.HAL_RCCEx_GetPLL1ClockFreq
                0x0000000008009ab8      0x17c ../../libDaisy//build/libdaisy.a(stm32h7xx_hal_rcc_ex.o)
                0x0000000008009ab8                HAL_RCCEx_GetPLL1ClockFreq
 .text.HAL_RCCEx_GetPeriphCLKFreq
                0x0000000008009c34      0x198 ../../libDaisy//build/libdaisy.a(stm32h7xx_hal_rcc_ex.o)
                0x0000000008009c34                HAL_RCCEx_GetPeriphCLKFreq
 .text.HAL_RCCEx_GetD1SysClockFreq
                0x0000000008009dcc       0x2c ../../libDaisy//build/libdaisy.a(stm32h7xx_hal_rcc_ex.o)
                0x0000000008009dcc                HAL_RCCEx_GetD1SysClockFreq
 .text.HAL_SAI_Init.part.0
                0x0000000008009df8      0x348 ../../libDaisy//build/libdaisy.a(stm32h7xx_hal_sai.o)
 .text.HAL_SAI_InitProtocol
                0x000000000800a140      0x178 ../../libDaisy//build/libdaisy.a(stm32h7xx_hal_sai.o)
                0x000000000800a140                HAL_SAI_InitProtocol
 .text.HAL_SDRAM_Init
                0x000000000800a2b8       0x54 ../../libDaisy//build/libdaisy.a(stm32h7xx_hal_sdram.o)
                0x000000000800a2b8                HAL_SDRAM_Init
 .text.HAL_SDRAM_SendCommand
                0x000000000800a30c       0x40 ../../libDaisy//build/libdaisy.a(stm32h7xx_hal_sdram.o)
                0x000000000800a30c                HAL_SDRAM_SendCommand
 .text.HAL_SDRAM_ProgramRefreshRate
                0x000000000800a34c       0x30 ../../libDaisy//build/libdaisy.a(stm32h7xx_hal_sdram.o)
                0x000000000800a34c                HAL_SDRAM_ProgramRefreshRate
 .text.FMC_SDRAM_Init
                0x000000000800a37c       0x7c ../../libDaisy//build/libdaisy.a(stm32h7xx_ll_fmc.o)
                0x000000000800a37c                FMC_SDRAM_Init
 .text.FMC_SDRAM_Timing_Init
                0x000000000800a3f8       0x98 ../../libDaisy//build/libdaisy.a(stm32h7xx_ll_fmc.o)
                0x000000000800a3f8                FMC_SDRAM_Timing_Init
 .text.FMC_SDRAM_SendCommand
                0x000000000800a490       0x28 ../../libDaisy//build/libdaisy.a(stm32h7xx_ll_fmc.o)
                0x000000000800a490                FMC_SDRAM_SendCommand
 .text.FMC_SDRAM_ProgramRefreshRate
                0x000000000800a4b8       0x1c ../../libDaisy//build/libdaisy.a(stm32h7xx_ll_fmc.o)
                0x000000000800a4b8                FMC_SDRAM_ProgramRefreshRate
 .text.USB_CoreInit
                0x000000000800a4d4      0x124 ../../libDaisy//build/libdaisy.a(stm32h7xx_ll_usb.o)
                0x000000000800a4d4                USB_CoreInit
 .text.USB_SetTurnaroundTime
                0x000000000800a5f8      0x104 ../../libDaisy//build/libdaisy.a(stm32h7xx_ll_usb.o)
                0x000000000800a5f8                USB_SetTurnaroundTime
 .text.USB_EnableGlobalInt
                0x000000000800a6fc       0x10 ../../libDaisy//build/libdaisy.a(stm32h7xx_ll_usb.o)
                0x000000000800a6fc                USB_EnableGlobalInt
 .text.USB_DisableGlobalInt
                0x000000000800a70c       0x10 ../../libDaisy//build/libdaisy.a(stm32h7xx_ll_usb.o)
                0x000000000800a70c                USB_DisableGlobalInt
 .text.USB_SetCurrentMode
                0x000000000800a71c       0x30 ../../libDaisy//build/libdaisy.a(stm32h7xx_ll_usb.o)
                0x000000000800a71c                USB_SetCurrentMode
 .text.USB_DevInit
                0x000000000800a74c      0x20c ../../libDaisy//build/libdaisy.a(stm32h7xx_ll_usb.o)
                0x000000000800a74c                USB_DevInit
 .text.USB_FlushTxFifo
                0x000000000800a958       0x34 ../../libDaisy//build/libdaisy.a(stm32h7xx_ll_usb.o)
                0x000000000800a958                USB_FlushTxFifo
 .text.USB_GetDevSpeed
                0x000000000800a98c       0x24 ../../libDaisy//build/libdaisy.a(stm32h7xx_ll_usb.o)
                0x000000000800a98c                USB_GetDevSpeed
 .text.USB_ActivateEndpoint
                0x000000000800a9b0       0x90 ../../libDaisy//build/libdaisy.a(stm32h7xx_ll_usb.o)
                0x000000000800a9b0                USB_ActivateEndpoint
 .text.USB_DeactivateEndpoint
                0x000000000800aa40       0x84 ../../libDaisy//build/libdaisy.a(stm32h7xx_ll_usb.o)
                0x000000000800aa40                USB_DeactivateEndpoint
 .text.USB_EPStartXfer
                0x000000000800aac4      0x230 ../../libDaisy//build/libdaisy.a(stm32h7xx_ll_usb.o)
                0x000000000800aac4                USB_EPStartXfer
 .text.USB_EP0StartXfer
                0x000000000800acf4      0x174 ../../libDaisy//build/libdaisy.a(stm32h7xx_ll_usb.o)
                0x000000000800acf4                USB_EP0StartXfer
 .text.USB_WritePacket
                0x000000000800ae68       0x2c ../../libDaisy//build/libdaisy.a(stm32h7xx_ll_usb.o)
                0x000000000800ae68                USB_WritePacket
 .text.USB_ReadPacket
                0x000000000800ae94       0x20 ../../libDaisy//build/libdaisy.a(stm32h7xx_ll_usb.o)
                0x000000000800ae94                USB_ReadPacket
 .text.USB_EPSetStall
                0x000000000800aeb4       0x68 ../../libDaisy//build/libdaisy.a(stm32h7xx_ll_usb.o)
                0x000000000800aeb4                USB_EPSetStall
 .text.USB_EPClearStall
                0x000000000800af1c       0x58 ../../libDaisy//build/libdaisy.a(stm32h7xx_ll_usb.o)
                0x000000000800af1c                USB_EPClearStall
 .text.USB_SetDevAddress
                0x000000000800af74       0x24 ../../libDaisy//build/libdaisy.a(stm32h7xx_ll_usb.o)
                0x000000000800af74                USB_SetDevAddress
 .text.USB_DevConnect
                0x000000000800af98       0x1c ../../libDaisy//build/libdaisy.a(stm32h7xx_ll_usb.o)
                0x000000000800af98                USB_DevConnect
 .text.USB_DevDisconnect
                0x000000000800afb4       0x1c ../../libDaisy//build/libdaisy.a(stm32h7xx_ll_usb.o)
                0x000000000800afb4                USB_DevDisconnect
 .text.USB_ReadInterrupts
                0x000000000800afd0       0x14 ../../libDaisy//build/libdaisy.a(stm32h7xx_ll_usb.o)
                0x000000000800afd0                USB_ReadInterrupts
 .text.USB_ReadDevAllOutEpInterrupt
                0x000000000800afe4       0x1c ../../libDaisy//build/libdaisy.a(stm32h7xx_ll_usb.o)
                0x000000000800afe4                USB_ReadDevAllOutEpInterrupt
 .text.USB_ReadDevAllInEpInterrupt
                0x000000000800b000       0x1c ../../libDaisy//build/libdaisy.a(stm32h7xx_ll_usb.o)
                0x000000000800b000                USB_ReadDevAllInEpInterrupt
 .text.USB_ReadDevOutEPInterrupt
                0x000000000800b01c       0x1c ../../libDaisy//build/libdaisy.a(stm32h7xx_ll_usb.o)
                0x000000000800b01c                USB_ReadDevOutEPInterrupt
 .text.USB_ReadDevInEPInterrupt
                0x000000000800b038       0x38 ../../libDaisy//build/libdaisy.a(stm32h7xx_ll_usb.o)
                0x000000000800b038                USB_ReadDevInEPInterrupt
 .text.USB_GetMode
                0x000000000800b070        0x8 ../../libDaisy//build/libdaisy.a(stm32h7xx_ll_usb.o)
                0x000000000800b070                USB_GetMode
 .text.USB_ActivateSetup
                0x000000000800b078       0x38 ../../libDaisy//build/libdaisy.a(stm32h7xx_ll_usb.o)
                0x000000000800b078                USB_ActivateSetup
 .text.USB_EP0_OutStart
                0x000000000800b0b0       0x58 ../../libDaisy//build/libdaisy.a(stm32h7xx_ll_usb.o)
                0x000000000800b0b0                USB_EP0_OutStart
 .text.USB_InitFSLSPClkSel
                0x000000000800b108       0x44 ../../libDaisy//build/libdaisy.a(stm32h7xx_ll_usb.o)
                0x000000000800b108                USB_InitFSLSPClkSel
 .text.USB_HC_ReadInterrupt
                0x000000000800b14c        0x8 ../../libDaisy//build/libdaisy.a(stm32h7xx_ll_usb.o)
                0x000000000800b14c                USB_HC_ReadInterrupt
 .text.USB_HC_Halt
                0x000000000800b154       0xc0 ../../libDaisy//build/libdaisy.a(stm32h7xx_ll_usb.o)
                0x000000000800b154                USB_HC_Halt
 .text.USB_StopHost
                0x000000000800b214      0x2ec ../../libDaisy//build/libdaisy.a(stm32h7xx_ll_usb.o)
                0x000000000800b214                USB_StopHost
 .text.USBD_CDC_EP0_RxReady
                0x000000000800b500       0x2c ../../libDaisy//build/libdaisy.a(usbd_cdc.o)
 .text.USBD_CDC_GetFSCfgDesc
                0x000000000800b52c       0x24 ../../libDaisy//build/libdaisy.a(usbd_cdc.o)
 .text.USBD_CDC_GetHSCfgDesc
                0x000000000800b550       0x24 ../../libDaisy//build/libdaisy.a(usbd_cdc.o)
 .text.USBD_CDC_GetOtherSpeedCfgDesc
                0x000000000800b574       0x24 ../../libDaisy//build/libdaisy.a(usbd_cdc.o)
 .text.USBD_CDC_GetDeviceQualifierDescriptor
                0x000000000800b598       0x10 ../../libDaisy//build/libdaisy.a(usbd_cdc.o)
                0x000000000800b598                USBD_CDC_GetDeviceQualifierDescriptor
 .text.USBD_CDC_DataOut
                0x000000000800b5a8       0x30 ../../libDaisy//build/libdaisy.a(usbd_cdc.o)
 .text.USBD_CDC_DataIn
                0x000000000800b5d8       0x50 ../../libDaisy//build/libdaisy.a(usbd_cdc.o)
 .text.USBD_CDC_Setup
                0x000000000800b628       0xcc ../../libDaisy//build/libdaisy.a(usbd_cdc.o)
 .text.USBD_CDC_DeInit
                0x000000000800b6f4       0x44 ../../libDaisy//build/libdaisy.a(usbd_cdc.o)
 .text.USBD_CDC_Init
                0x000000000800b738       0x94 ../../libDaisy//build/libdaisy.a(usbd_cdc.o)
 .text.USBD_CDC_RegisterInterface
                0x000000000800b7cc       0x10 ../../libDaisy//build/libdaisy.a(usbd_cdc.o)
                0x000000000800b7cc                USBD_CDC_RegisterInterface
 .text.USBD_CDC_SetTxBuffer
                0x000000000800b7dc       0x14 ../../libDaisy//build/libdaisy.a(usbd_cdc.o)
                0x000000000800b7dc                USBD_CDC_SetTxBuffer
 .text.USBD_CDC_SetRxBuffer
                0x000000000800b7f0       0x10 ../../libDaisy//build/libdaisy.a(usbd_cdc.o)
                0x000000000800b7f0                USBD_CDC_SetRxBuffer
 .text.USBD_CDC_TransmitPacket
                0x000000000800b800       0x34 ../../libDaisy//build/libdaisy.a(usbd_cdc.o)
                0x000000000800b800                USBD_CDC_TransmitPacket
 .text.USBD_CDC_ReceivePacket
                0x000000000800b834       0x38 ../../libDaisy//build/libdaisy.a(usbd_cdc.o)
                0x000000000800b834                USBD_CDC_ReceivePacket
 .text.USBD_Init
                0x000000000800b86c       0x44 ../../libDaisy//build/libdaisy.a(usbd_core.o)
                0x000000000800b86c                USBD_Init
 .text.USBD_RegisterClass
                0x000000000800b8b0       0x2c ../../libDaisy//build/libdaisy.a(usbd_core.o)
                0x000000000800b8b0                USBD_RegisterClass
 .text.USBD_Start
                0x000000000800b8dc        0xc ../../libDaisy//build/libdaisy.a(usbd_core.o)
                0x000000000800b8dc                USBD_Start
 .text.USBD_SetClassConfig
                0x000000000800b8e8       0x14 ../../libDaisy//build/libdaisy.a(usbd_core.o)
                0x000000000800b8e8                USBD_SetClassConfig
 .text.USBD_ClrClassConfig
                0x000000000800b8fc       0x10 ../../libDaisy//build/libdaisy.a(usbd_core.o)
                0x000000000800b8fc                USBD_ClrClassConfig
 .text.USBD_LL_SetupStage
                0x000000000800b90c       0x5c ../../libDaisy//build/libdaisy.a(usbd_core.o)
                0x000000000800b90c                USBD_LL_SetupStage
 .text.USBD_LL_DataOutStage
                0x000000000800b968       0x7c ../../libDaisy//build/libdaisy.a(usbd_core.o)
                0x000000000800b968                USBD_LL_DataOutStage
 .text.USBD_LL_DataInStage
                0x000000000800b9e4       0xcc ../../libDaisy//build/libdaisy.a(usbd_core.o)
                0x000000000800b9e4                USBD_LL_DataInStage
 .text.USBD_LL_Reset
                0x000000000800bab0       0x50 ../../libDaisy//build/libdaisy.a(usbd_core.o)
                0x000000000800bab0                USBD_LL_Reset
 .text.USBD_LL_SetSpeed
                0x000000000800bb00        0x8 ../../libDaisy//build/libdaisy.a(usbd_core.o)
                0x000000000800bb00                USBD_LL_SetSpeed
 .text.USBD_LL_Suspend
                0x000000000800bb08       0x14 ../../libDaisy//build/libdaisy.a(usbd_core.o)
                0x000000000800bb08                USBD_LL_Suspend
 .text.USBD_LL_Resume
                0x000000000800bb1c       0x10 ../../libDaisy//build/libdaisy.a(usbd_core.o)
                0x000000000800bb1c                USBD_LL_Resume
 .text.USBD_LL_SOF
                0x000000000800bb2c       0x1c ../../libDaisy//build/libdaisy.a(usbd_core.o)
                0x000000000800bb2c                USBD_LL_SOF
 .text.USBD_LL_IsoINIncomplete
                0x000000000800bb48        0x4 ../../libDaisy//build/libdaisy.a(usbd_core.o)
                0x000000000800bb48                USBD_LL_IsoINIncomplete
 .text.USBD_LL_IsoOUTIncomplete
                0x000000000800bb4c        0x4 ../../libDaisy//build/libdaisy.a(usbd_core.o)
                0x000000000800bb4c                USBD_LL_IsoOUTIncomplete
 .text.USBD_LL_DevConnected
                0x000000000800bb50        0x4 ../../libDaisy//build/libdaisy.a(usbd_core.o)
                0x000000000800bb50                USBD_LL_DevConnected
 .text.USBD_LL_DevDisconnected
                0x000000000800bb54       0x18 ../../libDaisy//build/libdaisy.a(usbd_core.o)
                0x000000000800bb54                USBD_LL_DevDisconnected
 .text.USBD_StdDevReq
                0x000000000800bb6c      0x304 ../../libDaisy//build/libdaisy.a(usbd_ctlreq.o)
                0x000000000800bb6c                USBD_StdDevReq
 .text.USBD_StdItfReq
                0x000000000800be70       0x68 ../../libDaisy//build/libdaisy.a(usbd_ctlreq.o)
                0x000000000800be70                USBD_StdItfReq
 .text.USBD_StdEPReq
                0x000000000800bed8      0x13c ../../libDaisy//build/libdaisy.a(usbd_ctlreq.o)
                0x000000000800bed8                USBD_StdEPReq
 .text.USBD_ParseSetupRequest
                0x000000000800c014       0x28 ../../libDaisy//build/libdaisy.a(usbd_ctlreq.o)
                0x000000000800c014                USBD_ParseSetupRequest
 .text.USBD_CtlError
                0x000000000800c03c       0x18 ../../libDaisy//build/libdaisy.a(usbd_ctlreq.o)
                0x000000000800c03c                USBD_CtlError
 .text.USBD_GetString
                0x000000000800c054       0x54 ../../libDaisy//build/libdaisy.a(usbd_ctlreq.o)
                0x000000000800c054                USBD_GetString
 .text.USBD_CtlSendData
                0x000000000800c0a8       0x1c ../../libDaisy//build/libdaisy.a(usbd_ioreq.o)
                0x000000000800c0a8                USBD_CtlSendData
 .text.USBD_CtlContinueSendData
                0x000000000800c0c4       0x14 ../../libDaisy//build/libdaisy.a(usbd_ioreq.o)
                0x000000000800c0c4                USBD_CtlContinueSendData
 .text.USBD_CtlPrepareRx
                0x000000000800c0d8       0x1c ../../libDaisy//build/libdaisy.a(usbd_ioreq.o)
                0x000000000800c0d8                USBD_CtlPrepareRx
 .text.USBD_CtlContinueRx
                0x000000000800c0f4       0x14 ../../libDaisy//build/libdaisy.a(usbd_ioreq.o)
                0x000000000800c0f4                USBD_CtlContinueRx
 .text.USBD_CtlSendStatus
                0x000000000800c108       0x18 ../../libDaisy//build/libdaisy.a(usbd_ioreq.o)
                0x000000000800c108                USBD_CtlSendStatus
 .text.USBD_CtlReceiveStatus
                0x000000000800c120       0x18 ../../libDaisy//build/libdaisy.a(usbd_ioreq.o)
                0x000000000800c120                USBD_CtlReceiveStatus
 .text.USBH_LL_IncTimer
                0x000000000800c138       0x20 ../../libDaisy//build/libdaisy.a(usbh_core.o)
                0x000000000800c138                USBH_LL_IncTimer
 .text.USBH_LL_PortEnabled
                0x000000000800c158        0x8 ../../libDaisy//build/libdaisy.a(usbh_core.o)
                0x000000000800c158                USBH_LL_PortEnabled
 .text.USBH_LL_PortDisabled
                0x000000000800c160        0x8 ../../libDaisy//build/libdaisy.a(usbh_core.o)
                0x000000000800c160                USBH_LL_PortDisabled
 .text.USBH_LL_Connect
                0x000000000800c168       0x18 ../../libDaisy//build/libdaisy.a(usbh_core.o)
                0x000000000800c168                USBH_LL_Connect
 .text.USBH_LL_Disconnect
                0x000000000800c180       0x2c ../../libDaisy//build/libdaisy.a(usbh_core.o)
                0x000000000800c180                USBH_LL_Disconnect
 .text.USBH_FreePipe
                0x000000000800c1ac       0x18 ../../libDaisy//build/libdaisy.a(usbh_pipes.o)
                0x000000000800c1ac                USBH_FreePipe
 .text._ZN5daisy6Random4InitEv
                0x000000000800c1c4       0x3c ../../libDaisy//build/libdaisy.a(rng.o)
                0x000000000800c1c4                daisy::Random::Init()
 .text._ZN5daisy9SpiHandle4Impl7InitDmaEv
                0x000000000800c200       0xec ../../libDaisy//build/libdaisy.a(spi.o)
                0x000000000800c200                daisy::SpiHandle::Impl::InitDma()
 .text._ZN5daisy9SpiHandle4Impl10StartDmaTxEPhjPFvPvEPFvS3_NS0_6ResultEES3_
                0x000000000800c2ec       0xc8 ../../libDaisy//build/libdaisy.a(spi.o)
                0x000000000800c2ec                daisy::SpiHandle::Impl::StartDmaTx(unsigned char*, unsigned int, void (*)(void*), void (*)(void*, daisy::SpiHandle::Result), void*)
 .text._ZN5daisy9SpiHandle4Impl10StartDmaRxEPhjPFvPvEPFvS3_NS0_6ResultEES3_
                0x000000000800c3b4       0xc8 ../../libDaisy//build/libdaisy.a(spi.o)
                0x000000000800c3b4                daisy::SpiHandle::Impl::StartDmaRx(unsigned char*, unsigned int, void (*)(void*), void (*)(void*, daisy::SpiHandle::Result), void*)
 .text._ZN5daisy9SpiHandle4Impl12StartDmaRxTxEPhS2_jPFvPvEPFvS3_NS0_6ResultEES3_
                0x000000000800c47c       0xcc ../../libDaisy//build/libdaisy.a(spi.o)
                0x000000000800c47c                daisy::SpiHandle::Impl::StartDmaRxTx(unsigned char*, unsigned char*, unsigned int, void (*)(void*), void (*)(void*, daisy::SpiHandle::Result), void*)
 .text._ZN5daisy9SpiHandle4Impl8InitPinsEv
                0x000000000800c548      0x274 ../../libDaisy//build/libdaisy.a(spi.o)
                0x000000000800c548                daisy::SpiHandle::Impl::InitPins()
 .text.HAL_SPI_MspInit
                0x000000000800c7bc      0x1a8 ../../libDaisy//build/libdaisy.a(spi.o)
                0x000000000800c7bc                HAL_SPI_MspInit
 .text.dsy_spi_global_init
                0x000000000800c964       0x80 ../../libDaisy//build/libdaisy.a(spi.o)
                0x000000000800c964                dsy_spi_global_init
 .text.SPI1_IRQHandler
                0x000000000800c9e4        0xc ../../libDaisy//build/libdaisy.a(spi.o)
                0x000000000800c9e4                SPI1_IRQHandler
 .text.SPI2_IRQHandler
                0x000000000800c9f0        0xc ../../libDaisy//build/libdaisy.a(spi.o)
                0x000000000800c9f0                SPI2_IRQHandler
 .text.SPI3_IRQHandler
                0x000000000800c9fc        0xc ../../libDaisy//build/libdaisy.a(spi.o)
                0x000000000800c9fc                SPI3_IRQHandler
 .text.SPI4_IRQHandler
                0x000000000800ca08        0xc ../../libDaisy//build/libdaisy.a(spi.o)
                0x000000000800ca08                SPI4_IRQHandler
 .text.SPI5_IRQHandler
                0x000000000800ca14        0xc ../../libDaisy//build/libdaisy.a(spi.o)
                0x000000000800ca14                SPI5_IRQHandler
 .text.DMA2_Stream2_IRQHandler
                0x000000000800ca20       0x34 ../../libDaisy//build/libdaisy.a(spi.o)
                0x000000000800ca20                DMA2_Stream2_IRQHandler
 .text.DMA2_Stream3_IRQHandler
                0x000000000800ca54       0x38 ../../libDaisy//build/libdaisy.a(spi.o)
                0x000000000800ca54                DMA2_Stream3_IRQHandler
 .text.HAL_SPI_TxCpltCallback
                0x000000000800ca8c       0xc4 ../../libDaisy//build/libdaisy.a(spi.o)
                0x000000000800ca8c                HAL_SPI_TxCpltCallback
 .text.HAL_SPI_RxCpltCallback
                0x000000000800cb50       0xc4 ../../libDaisy//build/libdaisy.a(spi.o)
                0x000000000800cb50                HAL_SPI_RxCpltCallback
 .text.HAL_SPI_TxRxCpltCallback
                0x000000000800cc14       0xc4 ../../libDaisy//build/libdaisy.a(spi.o)
                0x000000000800cc14                HAL_SPI_TxRxCpltCallback
 .text.HAL_SPI_ErrorCallback
                0x000000000800ccd8       0xc8 ../../libDaisy//build/libdaisy.a(spi.o)
                0x000000000800ccd8                HAL_SPI_ErrorCallback
 .text.startup._GLOBAL__sub_I__Z19MapInstanceToHandleP11SPI_TypeDef
                0x000000000800cda0      0x1b0 ../../libDaisy//build/libdaisy.a(spi.o)
 .text.HAL_TIM_Base_MspInit
                0x000000000800cf50      0x1e0 ../../libDaisy//build/libdaisy.a(tim.o)
                0x000000000800cf50                HAL_TIM_Base_MspInit
 .text.HAL_TIM_PeriodElapsedCallback
                0x000000000800d130       0x44 ../../libDaisy//build/libdaisy.a(tim.o)
                0x000000000800d130                HAL_TIM_PeriodElapsedCallback
 .text.TIM2_IRQHandler
                0x000000000800d174        0xc ../../libDaisy//build/libdaisy.a(tim.o)
                0x000000000800d174                TIM2_IRQHandler
 .text.TIM3_IRQHandler
                0x000000000800d180        0xc ../../libDaisy//build/libdaisy.a(tim.o)
                0x000000000800d180                TIM3_IRQHandler
 .text.TIM4_IRQHandler
                0x000000000800d18c        0xc ../../libDaisy//build/libdaisy.a(tim.o)
                0x000000000800d18c                TIM4_IRQHandler
 .text.TIM5_IRQHandler
                0x000000000800d198        0xc ../../libDaisy//build/libdaisy.a(tim.o)
                0x000000000800d198                TIM5_IRQHandler
 .text._ZN5daisy11TimerHandle4InitERKNS0_6ConfigE
                0x000000000800d1a4       0xd0 ../../libDaisy//build/libdaisy.a(tim.o)
                0x000000000800d1a4                daisy::TimerHandle::Init(daisy::TimerHandle::Config const&)
 .text._ZN5daisy11TimerHandle5StartEv
                0x000000000800d274       0x24 ../../libDaisy//build/libdaisy.a(tim.o)
                0x000000000800d274                daisy::TimerHandle::Start()
 .text.startup._GLOBAL__sub_I__ZN5daisy11TimerHandle4Impl4InitERKNS0_6ConfigE
                0x000000000800d298       0x38 ../../libDaisy//build/libdaisy.a(tim.o)
 .text._ZL20UART_CheckRxListenerPN5daisy11UartHandler4ImplE
                0x000000000800d2d0       0x84 ../../libDaisy//build/libdaisy.a(uart.o)
 .text._ZN5daisy11UartHandler4Impl10StartDmaTxEPhjPFvPvEPFvS3_NS0_6ResultEES3_
                0x000000000800d354      0x184 ../../libDaisy//build/libdaisy.a(uart.o)
                0x000000000800d354                daisy::UartHandler::Impl::StartDmaTx(unsigned char*, unsigned int, void (*)(void*), void (*)(void*, daisy::UartHandler::Result), void*)
 .text._ZN5daisy11UartHandler4Impl10StartDmaRxEPhjPFvPvEPFvS3_NS0_6ResultEES3_
                0x000000000800d4d8      0x184 ../../libDaisy//build/libdaisy.a(uart.o)
                0x000000000800d4d8                daisy::UartHandler::Impl::StartDmaRx(unsigned char*, unsigned int, void (*)(void*), void (*)(void*, daisy::UartHandler::Result), void*)
 .text._ZN5daisy11UartHandler4Impl19DmaTransferFinishedEP20__UART_HandleTypeDefNS0_6ResultE
                0x000000000800d65c       0xc0 ../../libDaisy//build/libdaisy.a(uart.o)
                0x000000000800d65c                daisy::UartHandler::Impl::DmaTransferFinished(__UART_HandleTypeDef*, daisy::UartHandler::Result)
 .text._ZN5daisy11UartHandler4Impl8InitPinsEv
                0x000000000800d71c      0x154 ../../libDaisy//build/libdaisy.a(uart.o)
                0x000000000800d71c                daisy::UartHandler::Impl::InitPins()
 .text.HAL_UART_MspInit
                0x000000000800d870      0x210 ../../libDaisy//build/libdaisy.a(uart.o)
                0x000000000800d870                HAL_UART_MspInit
 .text.dsy_uart_global_init
                0x000000000800da80       0xfc ../../libDaisy//build/libdaisy.a(uart.o)
                0x000000000800da80                dsy_uart_global_init
 .text.USART1_IRQHandler
                0x000000000800db7c       0x2c ../../libDaisy//build/libdaisy.a(uart.o)
                0x000000000800db7c                USART1_IRQHandler
 .text.USART2_IRQHandler
                0x000000000800dba8       0x34 ../../libDaisy//build/libdaisy.a(uart.o)
                0x000000000800dba8                USART2_IRQHandler
 .text.USART3_IRQHandler
                0x000000000800dbdc       0x34 ../../libDaisy//build/libdaisy.a(uart.o)
                0x000000000800dbdc                USART3_IRQHandler
 .text.UART4_IRQHandler
                0x000000000800dc10       0x34 ../../libDaisy//build/libdaisy.a(uart.o)
                0x000000000800dc10                UART4_IRQHandler
 .text.UART5_IRQHandler
                0x000000000800dc44       0x34 ../../libDaisy//build/libdaisy.a(uart.o)
                0x000000000800dc44                UART5_IRQHandler
 .text.USART6_IRQHandler
                0x000000000800dc78       0x34 ../../libDaisy//build/libdaisy.a(uart.o)
                0x000000000800dc78                USART6_IRQHandler
 .text.UART7_IRQHandler
                0x000000000800dcac       0x34 ../../libDaisy//build/libdaisy.a(uart.o)
                0x000000000800dcac                UART7_IRQHandler
 .text.UART8_IRQHandler
                0x000000000800dce0       0x34 ../../libDaisy//build/libdaisy.a(uart.o)
                0x000000000800dce0                UART8_IRQHandler
 .text.LPUART1_IRQHandler
                0x000000000800dd14       0x34 ../../libDaisy//build/libdaisy.a(uart.o)
                0x000000000800dd14                LPUART1_IRQHandler
 .text.DMA1_Stream5_IRQHandler
                0x000000000800dd48       0x34 ../../libDaisy//build/libdaisy.a(uart.o)
                0x000000000800dd48                DMA1_Stream5_IRQHandler
 .text.DMA2_Stream4_IRQHandler
                0x000000000800dd7c       0x38 ../../libDaisy//build/libdaisy.a(uart.o)
                0x000000000800dd7c                DMA2_Stream4_IRQHandler
 .text.HAL_UART_TxCpltCallback
                0x000000000800ddb4        0x8 ../../libDaisy//build/libdaisy.a(uart.o)
                0x000000000800ddb4                HAL_UART_TxCpltCallback
 .text.HAL_UART_RxCpltCallback
                0x000000000800ddbc       0x94 ../../libDaisy//build/libdaisy.a(uart.o)
                0x000000000800ddbc                HAL_UART_RxCpltCallback
 .text.HAL_UART_RxHalfCpltCallback
                0x000000000800de50       0x90 ../../libDaisy//build/libdaisy.a(uart.o)
                0x000000000800de50                HAL_UART_RxHalfCpltCallback
 .text.HAL_UART_ErrorCallback
                0x000000000800dee0        0x8 ../../libDaisy//build/libdaisy.a(uart.o)
                0x000000000800dee0                HAL_UART_ErrorCallback
 .text.startup._GLOBAL__sub_I__Z19MapInstanceToHandleP13USART_TypeDef
                0x000000000800dee8      0x194 ../../libDaisy//build/libdaisy.a(uart.o)
 .text.dsy_dma_init
                0x000000000800e07c      0x100 ../../libDaisy//build/libdaisy.a(dma.o)
                0x000000000800e07c                dsy_dma_init
 .text.dsy_dma_invalidate_cache_for_buffer
                0x000000000800e17c       0x2c ../../libDaisy//build/libdaisy.a(dma.o)
                0x000000000800e17c                dsy_dma_invalidate_cache_for_buffer
 .text.HAL_MDMA_Abort_IT
                0x000000000800e1a8       0x2c ../../libDaisy//build/libdaisy.a(stm32h7xx_hal_mdma.o)
                0x000000000800e1a8                HAL_MDMA_Abort_IT
 .text.SPI_CloseTransfer
                0x000000000800e1d4       0xb8 ../../libDaisy//build/libdaisy.a(stm32h7xx_hal_spi.o)
 .text.HAL_SPI_Init
                0x000000000800e28c      0x15c ../../libDaisy//build/libdaisy.a(stm32h7xx_hal_spi.o)
                0x000000000800e28c                HAL_SPI_Init
 .text.HAL_SPI_Transmit_DMA
                0x000000000800e3e8      0x170 ../../libDaisy//build/libdaisy.a(stm32h7xx_hal_spi.o)
                0x000000000800e3e8                HAL_SPI_Transmit_DMA
 .text.HAL_SPI_TransmitReceive_DMA
                0x000000000800e558      0x218 ../../libDaisy//build/libdaisy.a(stm32h7xx_hal_spi.o)
                0x000000000800e558                HAL_SPI_TransmitReceive_DMA
 .text.HAL_SPI_Receive_DMA
                0x000000000800e770      0x1b4 ../../libDaisy//build/libdaisy.a(stm32h7xx_hal_spi.o)
                0x000000000800e770                HAL_SPI_Receive_DMA
 .text.SPI_DMATransmitCplt
                0x000000000800e924       0x28 ../../libDaisy//build/libdaisy.a(stm32h7xx_hal_spi.o)
 .text.SPI_DMAReceiveCplt
                0x000000000800e94c       0x28 ../../libDaisy//build/libdaisy.a(stm32h7xx_hal_spi.o)
 .text.SPI_DMATransmitReceiveCplt
                0x000000000800e974       0x28 ../../libDaisy//build/libdaisy.a(stm32h7xx_hal_spi.o)
 .text.HAL_SPI_TxHalfCpltCallback
                0x000000000800e99c        0x4 ../../libDaisy//build/libdaisy.a(stm32h7xx_hal_spi.o)
                0x000000000800e99c                HAL_SPI_TxHalfCpltCallback
 .text.SPI_DMAHalfTransmitCplt
                0x000000000800e9a0        0xc ../../libDaisy//build/libdaisy.a(stm32h7xx_hal_spi.o)
 .text.HAL_SPI_RxHalfCpltCallback
                0x000000000800e9ac        0x4 ../../libDaisy//build/libdaisy.a(stm32h7xx_hal_spi.o)
                0x000000000800e9ac                HAL_SPI_RxHalfCpltCallback
 .text.SPI_DMAHalfReceiveCplt
                0x000000000800e9b0        0xc ../../libDaisy//build/libdaisy.a(stm32h7xx_hal_spi.o)
 .text.HAL_SPI_TxRxHalfCpltCallback
                0x000000000800e9bc        0x4 ../../libDaisy//build/libdaisy.a(stm32h7xx_hal_spi.o)
                0x000000000800e9bc                HAL_SPI_TxRxHalfCpltCallback
 .text.SPI_DMAHalfTransmitReceiveCplt
                0x000000000800e9c0        0xc ../../libDaisy//build/libdaisy.a(stm32h7xx_hal_spi.o)
 .text.SPI_DMAError
                0x000000000800e9cc       0xd8 ../../libDaisy//build/libdaisy.a(stm32h7xx_hal_spi.o)
 .text.HAL_SPI_IRQHandler
                0x000000000800eaa4      0x23c ../../libDaisy//build/libdaisy.a(stm32h7xx_hal_spi.o)
                0x000000000800eaa4                HAL_SPI_IRQHandler
 .text.SPI_DMAAbortOnError
                0x000000000800ece0       0x1c ../../libDaisy//build/libdaisy.a(stm32h7xx_hal_spi.o)
 .text.HAL_SPI_GetState
                0x000000000800ecfc        0x8 ../../libDaisy//build/libdaisy.a(stm32h7xx_hal_spi.o)
                0x000000000800ecfc                HAL_SPI_GetState
 .text.HAL_TIM_Base_Init
                0x000000000800ed04      0x140 ../../libDaisy//build/libdaisy.a(stm32h7xx_hal_tim.o)
                0x000000000800ed04                HAL_TIM_Base_Init
 .text.HAL_TIM_Base_Start
                0x000000000800ee44       0x34 ../../libDaisy//build/libdaisy.a(stm32h7xx_hal_tim.o)
                0x000000000800ee44                HAL_TIM_Base_Start
 .text.HAL_TIM_Base_Start_IT
                0x000000000800ee78       0x2c ../../libDaisy//build/libdaisy.a(stm32h7xx_hal_tim.o)
                0x000000000800ee78                HAL_TIM_Base_Start_IT
 .text.HAL_TIM_ConfigClockSource
                0x000000000800eea4      0x17c ../../libDaisy//build/libdaisy.a(stm32h7xx_hal_tim.o)
                0x000000000800eea4                HAL_TIM_ConfigClockSource
 .text.HAL_TIM_OC_DelayElapsedCallback
                0x000000000800f020        0x4 ../../libDaisy//build/libdaisy.a(stm32h7xx_hal_tim.o)
                0x000000000800f020                HAL_TIM_OC_DelayElapsedCallback
 .text.HAL_TIM_IC_CaptureCallback
                0x000000000800f024        0x4 ../../libDaisy//build/libdaisy.a(stm32h7xx_hal_tim.o)
                0x000000000800f024                HAL_TIM_IC_CaptureCallback
 .text.HAL_TIM_PWM_PulseFinishedCallback
                0x000000000800f028        0x4 ../../libDaisy//build/libdaisy.a(stm32h7xx_hal_tim.o)
                0x000000000800f028                HAL_TIM_PWM_PulseFinishedCallback
 .text.HAL_TIM_TriggerCallback
                0x000000000800f02c        0x4 ../../libDaisy//build/libdaisy.a(stm32h7xx_hal_tim.o)
                0x000000000800f02c                HAL_TIM_TriggerCallback
 .text.HAL_TIM_IRQHandler
                0x000000000800f030      0x170 ../../libDaisy//build/libdaisy.a(stm32h7xx_hal_tim.o)
                0x000000000800f030                HAL_TIM_IRQHandler
 .text.HAL_TIMEx_MasterConfigSynchronization
                0x000000000800f1a0       0x64 ../../libDaisy//build/libdaisy.a(stm32h7xx_hal_tim_ex.o)
                0x000000000800f1a0                HAL_TIMEx_MasterConfigSynchronization
 .text.HAL_TIMEx_CommutCallback
                0x000000000800f204        0x4 ../../libDaisy//build/libdaisy.a(stm32h7xx_hal_tim_ex.o)
                0x000000000800f204                HAL_TIMEx_CommutCallback
 .text.HAL_TIMEx_BreakCallback
                0x000000000800f208        0x4 ../../libDaisy//build/libdaisy.a(stm32h7xx_hal_tim_ex.o)
                0x000000000800f208                HAL_TIMEx_BreakCallback
 .text.HAL_TIMEx_Break2Callback
                0x000000000800f20c        0x4 ../../libDaisy//build/libdaisy.a(stm32h7xx_hal_tim_ex.o)
                0x000000000800f20c                HAL_TIMEx_Break2Callback
 .text.HAL_UART_Transmit_DMA
                0x000000000800f210       0xa4 ../../libDaisy//build/libdaisy.a(stm32h7xx_hal_uart.o)
                0x000000000800f210                HAL_UART_Transmit_DMA
 .text.HAL_UART_Receive_DMA
                0x000000000800f2b4       0xac ../../libDaisy//build/libdaisy.a(stm32h7xx_hal_uart.o)
                0x000000000800f2b4                HAL_UART_Receive_DMA
 .text.UART_DMATransmitCplt